[2025-03-22T19:38:16.234-0600] {local_task_job_runner.py:123} INFO - ::group::Pre task execution logs
[2025-03-22T19:38:16.339-0600] {taskinstance.py:2614} INFO - Dependencies all met for dep_context=non-requeueable deps ti=<TaskInstance: eventbrite_scraper.scrape_eventbrite manual__2025-03-23T01:37:44.127740+00:00 [queued]>
[2025-03-22T19:38:16.416-0600] {taskinstance.py:2614} INFO - Dependencies all met for dep_context=requeueable deps ti=<TaskInstance: eventbrite_scraper.scrape_eventbrite manual__2025-03-23T01:37:44.127740+00:00 [queued]>
[2025-03-22T19:38:16.422-0600] {taskinstance.py:2867} INFO - Starting attempt 1 of 3
[2025-03-22T19:38:16.617-0600] {taskinstance.py:2890} INFO - Executing <Task(PythonOperator): scrape_eventbrite> on 2025-03-23 01:37:44.127740+00:00
[2025-03-22T19:38:16.634-0600] {standard_task_runner.py:72} INFO - Started process 34243 to run task
[2025-03-22T19:38:16.674-0600] {standard_task_runner.py:104} INFO - Running: ['airflow', 'tasks', 'run', 'eventbrite_scraper', 'scrape_eventbrite', 'manual__2025-03-23T01:37:44.127740+00:00', '--job-id', '4', '--raw', '--subdir', 'DAGS_FOLDER/event_fetcher_dag.py', '--cfg-path', '/tmp/tmp967tfras']
[2025-03-22T19:38:16.682-0600] {standard_task_runner.py:105} INFO - Job 4: Subtask scrape_eventbrite
[2025-03-22T19:38:17.181-0600] {task_command.py:467} INFO - Running <TaskInstance: eventbrite_scraper.scrape_eventbrite manual__2025-03-23T01:37:44.127740+00:00 [running]> on host Saadhvi-Laptop.
[2025-03-22T19:38:17.667-0600] {taskinstance.py:3134} INFO - Exporting env vars: AIRFLOW_CTX_DAG_EMAIL='saadhvirayasam10@gmail.com' AIRFLOW_CTX_DAG_OWNER='airflow' AIRFLOW_CTX_DAG_ID='eventbrite_scraper' AIRFLOW_CTX_TASK_ID='scrape_eventbrite' AIRFLOW_CTX_EXECUTION_DATE='2025-03-23T01:37:44.127740+00:00' AIRFLOW_CTX_TRY_NUMBER='1' AIRFLOW_CTX_DAG_RUN_ID='manual__2025-03-23T01:37:44.127740+00:00'
[2025-03-22T19:38:17.681-0600] {logging_mixin.py:190} INFO - Task instance is in running state
[2025-03-22T19:38:17.687-0600] {logging_mixin.py:190} INFO -  Previous state of the Task instance: queued
[2025-03-22T19:38:17.693-0600] {logging_mixin.py:190} INFO - Current task name:scrape_eventbrite state:running start_date:2025-03-23 01:38:16.344332+00:00
[2025-03-22T19:38:17.699-0600] {logging_mixin.py:190} INFO - Dag name:eventbrite_scraper and current dag run status:running
[2025-03-22T19:38:17.705-0600] {taskinstance.py:732} INFO - ::endgroup::
[2025-03-22T19:38:17.716-0600] {event_fetcher_dag.py:53} INFO - Starting Eventbrite scraping for co--boulder
[2025-03-22T19:38:20.066-0600] {logging_mixin.py:190} WARNING - /home/saadh/.local/lib/python3.10/site-packages/pymongo/synchronous/mongo_client.py:2565 UserWarning: MongoClient opened before fork. May not be entirely fork-safe, proceed with caution. See PyMongo's documentation for details: https://dochub.mongodb.org/core/pymongo-fork-deadlock
[2025-03-22T19:38:25.346-0600] {logging_mixin.py:190} INFO - 🔄 Detected 57 duplicate events merged into 28.
[2025-03-22T19:38:25.351-0600] {logging_mixin.py:190} INFO - Here are two examples of merged duplicate events:
[2025-03-22T19:38:25.357-0600] {logging_mixin.py:190} INFO - 📌 Original: 2025 Colorado Youth Football Invitational → Merged With: 2025 Colorado Youth Football Invitational
[2025-03-22T19:38:25.363-0600] {logging_mixin.py:190} INFO - 📌 Original: Safety Summit With Running Mate & Boulderthon → Merged With: Safety Summit With Running Mate & Boulderthon
[2025-03-22T19:38:25.368-0600] {logging_mixin.py:190} INFO - Processed 0 events successfully!
[2025-03-22T19:38:25.375-0600] {event_fetcher_dag.py:61} INFO - Successfully scraped Eventbrite events for co--boulder
[2025-03-22T19:38:25.380-0600] {python.py:240} INFO - Done. Returned value was: Successfully scraped Eventbrite events for co--boulder
[2025-03-22T19:38:25.626-0600] {taskinstance.py:341} INFO - ::group::Post task execution logs
[2025-03-22T19:38:25.634-0600] {taskinstance.py:353} INFO - Marking task as SUCCESS. dag_id=eventbrite_scraper, task_id=scrape_eventbrite, run_id=manual__2025-03-23T01:37:44.127740+00:00, execution_date=20250323T013744, start_date=20250323T013816, end_date=20250323T013825
[2025-03-22T19:38:26.009-0600] {logging_mixin.py:190} INFO - Task instance in success state
[2025-03-22T19:38:26.018-0600] {logging_mixin.py:190} INFO -  Previous state of the Task instance: running
[2025-03-22T19:38:26.023-0600] {logging_mixin.py:190} INFO - Dag name:eventbrite_scraper queued_at:2025-03-23 01:37:44.369478+00:00
[2025-03-22T19:38:26.031-0600] {logging_mixin.py:190} INFO - Task hostname:Saadhvi-Laptop. operator:PythonOperator
[2025-03-22T19:38:26.069-0600] {local_task_job_runner.py:266} INFO - Task exited with return code 0
[2025-03-22T19:38:26.114-0600] {taskinstance.py:3901} INFO - 0 downstream tasks scheduled from follow-on schedule check
[2025-03-22T19:38:26.120-0600] {local_task_job_runner.py:245} INFO - ::endgroup::
