[2025-03-22T19:30:00.046-0600] {processor.py:186} INFO - Started process (PID=34061) to work on /mnt/c/Users/saadh/Desktop/GatherUp-event-intelligence/dags/event_fetcher_dag.py
[2025-03-22T19:30:00.052-0600] {processor.py:914} INFO - Processing file /mnt/c/Users/saadh/Desktop/GatherUp-event-intelligence/dags/event_fetcher_dag.py for tasks to queue
[2025-03-22T19:30:00.064-0600] {logging_mixin.py:190} INFO - [2025-03-22T19:30:00.062-0600] {dagbag.py:588} INFO - Filling up the DagBag from /mnt/c/Users/saadh/Desktop/GatherUp-event-intelligence/dags/event_fetcher_dag.py
[2025-03-22T19:30:00.220-0600] {logging_mixin.py:190} INFO - [2025-03-22T19:30:00.219-0600] {event_fetcher_dag.py:17} INFO - DAG directory: /mnt/c/Users/saadh/Desktop/GatherUp-event-intelligence/dags
[2025-03-22T19:30:00.224-0600] {logging_mixin.py:190} INFO - [2025-03-22T19:30:00.223-0600] {event_fetcher_dag.py:18} INFO - Parent directory: /mnt/c/Users/saadh/Desktop/GatherUp-event-intelligence
[2025-03-22T19:30:00.227-0600] {logging_mixin.py:190} INFO - [2025-03-22T19:30:00.226-0600] {event_fetcher_dag.py:19} INFO - Python path: ['/home/saadh/.local/bin', '/usr/lib/python310.zip', '/usr/lib/python3.10', '/usr/lib/python3.10/lib-dynload', '/home/saadh/.local/lib/python3.10/site-packages', '/usr/local/lib/python3.10/dist-packages', '/usr/lib/python3/dist-packages', '/mnt/c/Users/saadh/Desktop/GatherUp-event-intelligence/config', '/mnt/c/Users/saadh/Desktop/GatherUp-event-intelligence/plugins', '/mnt/c/Users/saadh/Desktop/GatherUp-event-intelligence/dags', '/mnt/c/Users/saadh/Desktop/GatherUp-event-intelligence']
[2025-03-22T19:30:01.146-0600] {logging_mixin.py:190} INFO - [2025-03-22T19:30:01.145-0600] {event_fetcher_dag.py:25} ERROR - Failed to import EventbriteFetcher: module 'lib' has no attribute 'X509_V_FLAG_NOTIFY_POLICY'
[2025-03-22T19:30:01.179-0600] {logging_mixin.py:190} INFO - [2025-03-22T19:30:01.147-0600] {dagbag.py:387} ERROR - Failed to import: /mnt/c/Users/saadh/Desktop/GatherUp-event-intelligence/dags/event_fetcher_dag.py
Traceback (most recent call last):
  File "/home/saadh/.local/lib/python3.10/site-packages/airflow/models/dagbag.py", line 383, in parse
    loader.exec_module(new_module)
  File "<frozen importlib._bootstrap_external>", line 883, in exec_module
  File "<frozen importlib._bootstrap>", line 241, in _call_with_frames_removed
  File "/mnt/c/Users/saadh/Desktop/GatherUp-event-intelligence/dags/event_fetcher_dag.py", line 22, in <module>
    from fetchers.eventbrite import EventbriteFetcher
  File "/mnt/c/Users/saadh/Desktop/GatherUp-event-intelligence/fetchers/eventbrite.py", line 12, in <module>
    from database.db_manager import db_manager
  File "/mnt/c/Users/saadh/Desktop/GatherUp-event-intelligence/database/db_manager.py", line 1, in <module>
    import pymongo
  File "/home/saadh/.local/lib/python3.10/site-packages/pymongo/__init__.py", line 91, in <module>
    from pymongo.asynchronous.mongo_client import AsyncMongoClient
  File "/home/saadh/.local/lib/python3.10/site-packages/pymongo/asynchronous/mongo_client.py", line 69, in <module>
    from pymongo.asynchronous.settings import TopologySettings
  File "/home/saadh/.local/lib/python3.10/site-packages/pymongo/asynchronous/settings.py", line 24, in <module>
    from pymongo.asynchronous import monitor, pool
  File "/home/saadh/.local/lib/python3.10/site-packages/pymongo/asynchronous/pool.py", line 44, in <module>
    from pymongo.asynchronous.network import command, receive_message
  File "/home/saadh/.local/lib/python3.10/site-packages/pymongo/asynchronous/network.py", line 44, in <module>
    from pymongo.network_layer import (
  File "/home/saadh/.local/lib/python3.10/site-packages/pymongo/network_layer.py", line 44, in <module>
    from pymongo.pyopenssl_context import (
  File "/home/saadh/.local/lib/python3.10/site-packages/pymongo/pyopenssl_context.py", line 31, in <module>
    from OpenSSL import SSL as _SSL
  File "/usr/lib/python3/dist-packages/OpenSSL/__init__.py", line 8, in <module>
    from OpenSSL import crypto, SSL
  File "/usr/lib/python3/dist-packages/OpenSSL/crypto.py", line 1579, in <module>
    class X509StoreFlags(object):
  File "/usr/lib/python3/dist-packages/OpenSSL/crypto.py", line 1598, in X509StoreFlags
    NOTIFY_POLICY = _lib.X509_V_FLAG_NOTIFY_POLICY
AttributeError: module 'lib' has no attribute 'X509_V_FLAG_NOTIFY_POLICY'
[2025-03-22T19:30:01.187-0600] {logging_mixin.py:190} WARNING - /home/saadh/.local/lib/python3.10/site-packages/pymongo/client_options.py:36 UserWarning: Failed to use the installed version of PyOpenSSL. Falling back to stdlib ssl, disabling OCSP support. This is likely caused by incompatible versions of PyOpenSSL < 23.2.0 and cryptography >= 42.0.0. Try updating PyOpenSSL >= 23.2.0 to enable OCSP.
[2025-03-22T19:30:01.188-0600] {processor.py:927} WARNING - No viable dags retrieved from /mnt/c/Users/saadh/Desktop/GatherUp-event-intelligence/dags/event_fetcher_dag.py
[2025-03-22T19:30:01.277-0600] {processor.py:208} INFO - Processing /mnt/c/Users/saadh/Desktop/GatherUp-event-intelligence/dags/event_fetcher_dag.py took 1.264 seconds
[2025-03-22T19:33:27.086-0600] {processor.py:186} INFO - Started process (PID=34131) to work on /mnt/c/Users/saadh/Desktop/GatherUp-event-intelligence/dags/event_fetcher_dag.py
[2025-03-22T19:33:27.092-0600] {processor.py:914} INFO - Processing file /mnt/c/Users/saadh/Desktop/GatherUp-event-intelligence/dags/event_fetcher_dag.py for tasks to queue
[2025-03-22T19:33:27.102-0600] {logging_mixin.py:190} INFO - [2025-03-22T19:33:27.101-0600] {dagbag.py:588} INFO - Filling up the DagBag from /mnt/c/Users/saadh/Desktop/GatherUp-event-intelligence/dags/event_fetcher_dag.py
[2025-03-22T19:33:27.236-0600] {logging_mixin.py:190} INFO - [2025-03-22T19:33:27.235-0600] {event_fetcher_dag.py:17} INFO - DAG directory: /mnt/c/Users/saadh/Desktop/GatherUp-event-intelligence/dags
[2025-03-22T19:33:27.237-0600] {logging_mixin.py:190} INFO - [2025-03-22T19:33:27.237-0600] {event_fetcher_dag.py:18} INFO - Parent directory: /mnt/c/Users/saadh/Desktop/GatherUp-event-intelligence
[2025-03-22T19:33:27.238-0600] {logging_mixin.py:190} INFO - [2025-03-22T19:33:27.238-0600] {event_fetcher_dag.py:19} INFO - Python path: ['/home/saadh/.local/bin', '/usr/lib/python310.zip', '/usr/lib/python3.10', '/usr/lib/python3.10/lib-dynload', '/home/saadh/.local/lib/python3.10/site-packages', '/usr/local/lib/python3.10/dist-packages', '/usr/lib/python3/dist-packages', '/mnt/c/Users/saadh/Desktop/GatherUp-event-intelligence/config', '/mnt/c/Users/saadh/Desktop/GatherUp-event-intelligence/plugins', '/mnt/c/Users/saadh/Desktop/GatherUp-event-intelligence/dags', '/mnt/c/Users/saadh/Desktop/GatherUp-event-intelligence']
[2025-03-22T19:33:27.637-0600] {logging_mixin.py:190} INFO - [2025-03-22T19:33:27.637-0600] {event_fetcher_dag.py:25} ERROR - Failed to import EventbriteFetcher: module 'lib' has no attribute 'X509_V_FLAG_NOTIFY_POLICY'
[2025-03-22T19:33:27.681-0600] {logging_mixin.py:190} INFO - [2025-03-22T19:33:27.638-0600] {dagbag.py:387} ERROR - Failed to import: /mnt/c/Users/saadh/Desktop/GatherUp-event-intelligence/dags/event_fetcher_dag.py
Traceback (most recent call last):
  File "/home/saadh/.local/lib/python3.10/site-packages/airflow/models/dagbag.py", line 383, in parse
    loader.exec_module(new_module)
  File "<frozen importlib._bootstrap_external>", line 883, in exec_module
  File "<frozen importlib._bootstrap>", line 241, in _call_with_frames_removed
  File "/mnt/c/Users/saadh/Desktop/GatherUp-event-intelligence/dags/event_fetcher_dag.py", line 22, in <module>
    from fetchers.eventbrite import EventbriteFetcher
  File "/mnt/c/Users/saadh/Desktop/GatherUp-event-intelligence/fetchers/eventbrite.py", line 12, in <module>
    from database.db_manager import db_manager
  File "/mnt/c/Users/saadh/Desktop/GatherUp-event-intelligence/database/db_manager.py", line 1, in <module>
    import pymongo
  File "/home/saadh/.local/lib/python3.10/site-packages/pymongo/__init__.py", line 91, in <module>
    from pymongo.asynchronous.mongo_client import AsyncMongoClient
  File "/home/saadh/.local/lib/python3.10/site-packages/pymongo/asynchronous/mongo_client.py", line 69, in <module>
    from pymongo.asynchronous.settings import TopologySettings
  File "/home/saadh/.local/lib/python3.10/site-packages/pymongo/asynchronous/settings.py", line 24, in <module>
    from pymongo.asynchronous import monitor, pool
  File "/home/saadh/.local/lib/python3.10/site-packages/pymongo/asynchronous/pool.py", line 44, in <module>
    from pymongo.asynchronous.network import command, receive_message
  File "/home/saadh/.local/lib/python3.10/site-packages/pymongo/asynchronous/network.py", line 44, in <module>
    from pymongo.network_layer import (
  File "/home/saadh/.local/lib/python3.10/site-packages/pymongo/network_layer.py", line 44, in <module>
    from pymongo.pyopenssl_context import (
  File "/home/saadh/.local/lib/python3.10/site-packages/pymongo/pyopenssl_context.py", line 31, in <module>
    from OpenSSL import SSL as _SSL
  File "/usr/lib/python3/dist-packages/OpenSSL/__init__.py", line 8, in <module>
    from OpenSSL import crypto, SSL
  File "/usr/lib/python3/dist-packages/OpenSSL/crypto.py", line 1579, in <module>
    class X509StoreFlags(object):
  File "/usr/lib/python3/dist-packages/OpenSSL/crypto.py", line 1598, in X509StoreFlags
    NOTIFY_POLICY = _lib.X509_V_FLAG_NOTIFY_POLICY
AttributeError: module 'lib' has no attribute 'X509_V_FLAG_NOTIFY_POLICY'
[2025-03-22T19:33:27.693-0600] {logging_mixin.py:190} WARNING - /home/saadh/.local/lib/python3.10/site-packages/pymongo/client_options.py:36 UserWarning: Failed to use the installed version of PyOpenSSL. Falling back to stdlib ssl, disabling OCSP support. This is likely caused by incompatible versions of PyOpenSSL < 23.2.0 and cryptography >= 42.0.0. Try updating PyOpenSSL >= 23.2.0 to enable OCSP.
[2025-03-22T19:33:27.694-0600] {processor.py:927} WARNING - No viable dags retrieved from /mnt/c/Users/saadh/Desktop/GatherUp-event-intelligence/dags/event_fetcher_dag.py
[2025-03-22T19:33:27.804-0600] {processor.py:208} INFO - Processing /mnt/c/Users/saadh/Desktop/GatherUp-event-intelligence/dags/event_fetcher_dag.py took 0.747 seconds
[2025-03-22T19:37:14.315-0600] {processor.py:186} INFO - Started process (PID=34186) to work on /mnt/c/Users/saadh/Desktop/GatherUp-event-intelligence/dags/event_fetcher_dag.py
[2025-03-22T19:37:14.319-0600] {processor.py:914} INFO - Processing file /mnt/c/Users/saadh/Desktop/GatherUp-event-intelligence/dags/event_fetcher_dag.py for tasks to queue
[2025-03-22T19:37:14.328-0600] {logging_mixin.py:190} INFO - [2025-03-22T19:37:14.327-0600] {dagbag.py:588} INFO - Filling up the DagBag from /mnt/c/Users/saadh/Desktop/GatherUp-event-intelligence/dags/event_fetcher_dag.py
[2025-03-22T19:37:14.396-0600] {logging_mixin.py:190} INFO - [2025-03-22T19:37:14.395-0600] {event_fetcher_dag.py:17} INFO - DAG directory: /mnt/c/Users/saadh/Desktop/GatherUp-event-intelligence/dags
[2025-03-22T19:37:14.398-0600] {logging_mixin.py:190} INFO - [2025-03-22T19:37:14.397-0600] {event_fetcher_dag.py:18} INFO - Parent directory: /mnt/c/Users/saadh/Desktop/GatherUp-event-intelligence
[2025-03-22T19:37:14.400-0600] {logging_mixin.py:190} INFO - [2025-03-22T19:37:14.399-0600] {event_fetcher_dag.py:19} INFO - Python path: ['/home/saadh/.local/bin', '/usr/lib/python310.zip', '/usr/lib/python3.10', '/usr/lib/python3.10/lib-dynload', '/home/saadh/.local/lib/python3.10/site-packages', '/usr/local/lib/python3.10/dist-packages', '/usr/lib/python3/dist-packages', '/mnt/c/Users/saadh/Desktop/GatherUp-event-intelligence/config', '/mnt/c/Users/saadh/Desktop/GatherUp-event-intelligence/plugins', '/mnt/c/Users/saadh/Desktop/GatherUp-event-intelligence/dags', '/mnt/c/Users/saadh/Desktop/GatherUp-event-intelligence']
[2025-03-22T19:37:15.799-0600] {logging_mixin.py:190} INFO - [2025-03-22T19:37:15.798-0600] {event_fetcher_dag.py:23} INFO - Successfully imported EventbriteFetcher
[2025-03-22T19:37:15.814-0600] {logging_mixin.py:190} INFO - [2025-03-22T19:37:15.812-0600] {event_fetcher_dag.py:79} INFO - DAG has been configured successfully
[2025-03-22T19:37:15.832-0600] {processor.py:925} INFO - DAG(s) 'eventbrite_scraper' retrieved from /mnt/c/Users/saadh/Desktop/GatherUp-event-intelligence/dags/event_fetcher_dag.py
[2025-03-22T19:37:16.377-0600] {logging_mixin.py:190} INFO - [2025-03-22T19:37:16.376-0600] {override.py:1930} INFO - Created Permission View: can edit on DAG:eventbrite_scraper
[2025-03-22T19:37:16.485-0600] {logging_mixin.py:190} INFO - [2025-03-22T19:37:16.484-0600] {override.py:1930} INFO - Created Permission View: can delete on DAG:eventbrite_scraper
[2025-03-22T19:37:16.576-0600] {logging_mixin.py:190} INFO - [2025-03-22T19:37:16.575-0600] {override.py:1930} INFO - Created Permission View: can read on DAG:eventbrite_scraper
[2025-03-22T19:37:16.717-0600] {logging_mixin.py:190} INFO - [2025-03-22T19:37:16.716-0600] {override.py:1930} INFO - Created Permission View: can delete on DAG Run:eventbrite_scraper
[2025-03-22T19:37:16.804-0600] {logging_mixin.py:190} INFO - [2025-03-22T19:37:16.803-0600] {override.py:1930} INFO - Created Permission View: can create on DAG Run:eventbrite_scraper
[2025-03-22T19:37:16.891-0600] {logging_mixin.py:190} INFO - [2025-03-22T19:37:16.890-0600] {override.py:1930} INFO - Created Permission View: menu access on DAG Run:eventbrite_scraper
[2025-03-22T19:37:16.979-0600] {logging_mixin.py:190} INFO - [2025-03-22T19:37:16.978-0600] {override.py:1930} INFO - Created Permission View: can read on DAG Run:eventbrite_scraper
[2025-03-22T19:37:16.981-0600] {logging_mixin.py:190} INFO - [2025-03-22T19:37:16.980-0600] {dag.py:3239} INFO - Sync 1 DAGs
[2025-03-22T19:37:17.028-0600] {logging_mixin.py:190} INFO - [2025-03-22T19:37:17.028-0600] {dag.py:3262} INFO - Creating ORM DAG for eventbrite_scraper
[2025-03-22T19:37:17.059-0600] {logging_mixin.py:190} INFO - [2025-03-22T19:37:17.059-0600] {dag.py:4180} INFO - Setting next_dagrun for eventbrite_scraper to 2025-03-22 12:00:00+00:00, run_after=2025-03-23 00:00:00+00:00
[2025-03-22T19:37:17.299-0600] {processor.py:208} INFO - Processing /mnt/c/Users/saadh/Desktop/GatherUp-event-intelligence/dags/event_fetcher_dag.py took 3.009 seconds
[2025-03-22T19:39:56.945-0600] {processor.py:186} INFO - Started process (PID=34295) to work on /mnt/c/Users/saadh/Desktop/GatherUp-event-intelligence/dags/event_fetcher_dag.py
[2025-03-22T19:39:56.950-0600] {processor.py:914} INFO - Processing file /mnt/c/Users/saadh/Desktop/GatherUp-event-intelligence/dags/event_fetcher_dag.py for tasks to queue
[2025-03-22T19:39:56.959-0600] {logging_mixin.py:190} INFO - [2025-03-22T19:39:56.957-0600] {dagbag.py:588} INFO - Filling up the DagBag from /mnt/c/Users/saadh/Desktop/GatherUp-event-intelligence/dags/event_fetcher_dag.py
[2025-03-22T19:39:57.053-0600] {logging_mixin.py:190} INFO - [2025-03-22T19:39:57.052-0600] {event_fetcher_dag.py:17} INFO - DAG directory: /mnt/c/Users/saadh/Desktop/GatherUp-event-intelligence/dags
[2025-03-22T19:39:57.055-0600] {logging_mixin.py:190} INFO - [2025-03-22T19:39:57.054-0600] {event_fetcher_dag.py:18} INFO - Parent directory: /mnt/c/Users/saadh/Desktop/GatherUp-event-intelligence
[2025-03-22T19:39:57.058-0600] {logging_mixin.py:190} INFO - [2025-03-22T19:39:57.057-0600] {event_fetcher_dag.py:19} INFO - Python path: ['/home/saadh/.local/bin', '/usr/lib/python310.zip', '/usr/lib/python3.10', '/usr/lib/python3.10/lib-dynload', '/home/saadh/.local/lib/python3.10/site-packages', '/usr/local/lib/python3.10/dist-packages', '/usr/lib/python3/dist-packages', '/mnt/c/Users/saadh/Desktop/GatherUp-event-intelligence/config', '/mnt/c/Users/saadh/Desktop/GatherUp-event-intelligence/plugins', '/mnt/c/Users/saadh/Desktop/GatherUp-event-intelligence/dags', '/mnt/c/Users/saadh/Desktop/GatherUp-event-intelligence']
[2025-03-22T19:39:58.024-0600] {logging_mixin.py:190} INFO - [2025-03-22T19:39:58.024-0600] {event_fetcher_dag.py:23} INFO - Successfully imported EventbriteFetcher
[2025-03-22T19:39:58.038-0600] {logging_mixin.py:190} INFO - [2025-03-22T19:39:58.037-0600] {event_fetcher_dag.py:79} INFO - DAG has been configured successfully
[2025-03-22T19:39:58.060-0600] {processor.py:925} INFO - DAG(s) 'eventbrite_scraper' retrieved from /mnt/c/Users/saadh/Desktop/GatherUp-event-intelligence/dags/event_fetcher_dag.py
[2025-03-22T19:39:58.142-0600] {logging_mixin.py:190} INFO - [2025-03-22T19:39:58.141-0600] {dag.py:3239} INFO - Sync 1 DAGs
[2025-03-22T19:39:58.227-0600] {logging_mixin.py:190} INFO - [2025-03-22T19:39:58.226-0600] {dag.py:4180} INFO - Setting next_dagrun for eventbrite_scraper to 2025-03-23 00:00:00+00:00, run_after=2025-03-23 12:00:00+00:00
[2025-03-22T19:39:58.393-0600] {processor.py:208} INFO - Processing /mnt/c/Users/saadh/Desktop/GatherUp-event-intelligence/dags/event_fetcher_dag.py took 1.475 seconds
