[2025-03-22T19:30:25.188-0600] {processor.py:186} INFO - Started process (PID=34071) to work on /home/saadh/.local/lib/python3.10/site-packages/airflow/example_dags/example_trigger_target_dag.py
[2025-03-22T19:30:25.194-0600] {processor.py:914} INFO - Processing file /home/saadh/.local/lib/python3.10/site-packages/airflow/example_dags/example_trigger_target_dag.py for tasks to queue
[2025-03-22T19:30:25.204-0600] {logging_mixin.py:190} INFO - [2025-03-22T19:30:25.202-0600] {dagbag.py:588} INFO - Filling up the DagBag from /home/saadh/.local/lib/python3.10/site-packages/airflow/example_dags/example_trigger_target_dag.py
[2025-03-22T19:30:25.250-0600] {processor.py:925} INFO - DAG(s) 'example_trigger_target_dag' retrieved from /home/saadh/.local/lib/python3.10/site-packages/airflow/example_dags/example_trigger_target_dag.py
[2025-03-22T19:30:26.261-0600] {logging_mixin.py:190} INFO - [2025-03-22T19:30:26.259-0600] {override.py:1930} INFO - Created Permission View: can delete on DAG:example_trigger_target_dag
[2025-03-22T19:30:26.353-0600] {logging_mixin.py:190} INFO - [2025-03-22T19:30:26.352-0600] {override.py:1930} INFO - Created Permission View: can read on DAG:example_trigger_target_dag
[2025-03-22T19:30:26.449-0600] {logging_mixin.py:190} INFO - [2025-03-22T19:30:26.447-0600] {override.py:1930} INFO - Created Permission View: can edit on DAG:example_trigger_target_dag
[2025-03-22T19:30:26.739-0600] {logging_mixin.py:190} INFO - [2025-03-22T19:30:26.737-0600] {override.py:1930} INFO - Created Permission View: can delete on DAG Run:example_trigger_target_dag
[2025-03-22T19:30:26.933-0600] {logging_mixin.py:190} INFO - [2025-03-22T19:30:26.931-0600] {override.py:1930} INFO - Created Permission View: can create on DAG Run:example_trigger_target_dag
[2025-03-22T19:30:27.106-0600] {logging_mixin.py:190} INFO - [2025-03-22T19:30:27.104-0600] {override.py:1930} INFO - Created Permission View: menu access on DAG Run:example_trigger_target_dag
[2025-03-22T19:30:27.259-0600] {logging_mixin.py:190} INFO - [2025-03-22T19:30:27.257-0600] {override.py:1930} INFO - Created Permission View: can read on DAG Run:example_trigger_target_dag
[2025-03-22T19:30:27.261-0600] {logging_mixin.py:190} INFO - [2025-03-22T19:30:27.260-0600] {dag.py:3239} INFO - Sync 1 DAGs
[2025-03-22T19:30:27.304-0600] {logging_mixin.py:190} INFO - [2025-03-22T19:30:27.304-0600] {dag.py:3262} INFO - Creating ORM DAG for example_trigger_target_dag
[2025-03-22T19:30:27.306-0600] {logging_mixin.py:190} INFO - [2025-03-22T19:30:27.306-0600] {dag.py:4180} INFO - Setting next_dagrun for example_trigger_target_dag to None, run_after=None
[2025-03-22T19:30:27.450-0600] {processor.py:208} INFO - Processing /home/saadh/.local/lib/python3.10/site-packages/airflow/example_dags/example_trigger_target_dag.py took 2.289 seconds
[2025-03-22T19:37:32.756-0600] {processor.py:186} INFO - Started process (PID=34203) to work on /home/saadh/.local/lib/python3.10/site-packages/airflow/example_dags/example_trigger_target_dag.py
[2025-03-22T19:37:32.758-0600] {processor.py:914} INFO - Processing file /home/saadh/.local/lib/python3.10/site-packages/airflow/example_dags/example_trigger_target_dag.py for tasks to queue
[2025-03-22T19:37:32.763-0600] {logging_mixin.py:190} INFO - [2025-03-22T19:37:32.762-0600] {dagbag.py:588} INFO - Filling up the DagBag from /home/saadh/.local/lib/python3.10/site-packages/airflow/example_dags/example_trigger_target_dag.py
[2025-03-22T19:37:32.782-0600] {processor.py:925} INFO - DAG(s) 'example_trigger_target_dag' retrieved from /home/saadh/.local/lib/python3.10/site-packages/airflow/example_dags/example_trigger_target_dag.py
[2025-03-22T19:37:33.049-0600] {logging_mixin.py:190} INFO - [2025-03-22T19:37:33.048-0600] {dag.py:3239} INFO - Sync 1 DAGs
[2025-03-22T19:37:33.089-0600] {logging_mixin.py:190} INFO - [2025-03-22T19:37:33.088-0600] {dag.py:4180} INFO - Setting next_dagrun for example_trigger_target_dag to None, run_after=None
[2025-03-22T19:37:33.251-0600] {processor.py:208} INFO - Processing /home/saadh/.local/lib/python3.10/site-packages/airflow/example_dags/example_trigger_target_dag.py took 0.505 seconds
[2025-03-22T19:40:13.387-0600] {processor.py:186} INFO - Started process (PID=34312) to work on /home/saadh/.local/lib/python3.10/site-packages/airflow/example_dags/example_trigger_target_dag.py
[2025-03-22T19:40:13.392-0600] {processor.py:914} INFO - Processing file /home/saadh/.local/lib/python3.10/site-packages/airflow/example_dags/example_trigger_target_dag.py for tasks to queue
[2025-03-22T19:40:13.400-0600] {logging_mixin.py:190} INFO - [2025-03-22T19:40:13.399-0600] {dagbag.py:588} INFO - Filling up the DagBag from /home/saadh/.local/lib/python3.10/site-packages/airflow/example_dags/example_trigger_target_dag.py
[2025-03-22T19:40:13.434-0600] {processor.py:925} INFO - DAG(s) 'example_trigger_target_dag' retrieved from /home/saadh/.local/lib/python3.10/site-packages/airflow/example_dags/example_trigger_target_dag.py
[2025-03-22T19:40:13.541-0600] {logging_mixin.py:190} INFO - [2025-03-22T19:40:13.540-0600] {dag.py:3239} INFO - Sync 1 DAGs
[2025-03-22T19:40:13.609-0600] {logging_mixin.py:190} INFO - [2025-03-22T19:40:13.609-0600] {dag.py:4180} INFO - Setting next_dagrun for example_trigger_target_dag to None, run_after=None
[2025-03-22T19:40:13.869-0600] {processor.py:208} INFO - Processing /home/saadh/.local/lib/python3.10/site-packages/airflow/example_dags/example_trigger_target_dag.py took 0.513 seconds
