[2025-03-22T19:33:23.912-0600] {processor.py:186} INFO - Started process (PID=34130) to work on /home/saadh/.local/lib/python3.10/site-packages/airflow/example_dags/example_latest_only_with_trigger.py
[2025-03-22T19:33:23.918-0600] {processor.py:914} INFO - Processing file /home/saadh/.local/lib/python3.10/site-packages/airflow/example_dags/example_latest_only_with_trigger.py for tasks to queue
[2025-03-22T19:33:23.927-0600] {logging_mixin.py:190} INFO - [2025-03-22T19:33:23.926-0600] {dagbag.py:588} INFO - Filling up the DagBag from /home/saadh/.local/lib/python3.10/site-packages/airflow/example_dags/example_latest_only_with_trigger.py
[2025-03-22T19:33:23.964-0600] {processor.py:925} INFO - DAG(s) 'latest_only_with_trigger' retrieved from /home/saadh/.local/lib/python3.10/site-packages/airflow/example_dags/example_latest_only_with_trigger.py
[2025-03-22T19:33:24.392-0600] {logging_mixin.py:190} INFO - [2025-03-22T19:33:24.388-0600] {override.py:1930} INFO - Created Permission View: can delete on DAG:latest_only_with_trigger
[2025-03-22T19:33:24.553-0600] {logging_mixin.py:190} INFO - [2025-03-22T19:33:24.551-0600] {override.py:1930} INFO - Created Permission View: can read on DAG:latest_only_with_trigger
[2025-03-22T19:33:24.685-0600] {logging_mixin.py:190} INFO - [2025-03-22T19:33:24.684-0600] {override.py:1930} INFO - Created Permission View: can edit on DAG:latest_only_with_trigger
[2025-03-22T19:33:24.822-0600] {logging_mixin.py:190} INFO - [2025-03-22T19:33:24.821-0600] {override.py:1930} INFO - Created Permission View: can delete on DAG Run:latest_only_with_trigger
[2025-03-22T19:33:24.963-0600] {logging_mixin.py:190} INFO - [2025-03-22T19:33:24.962-0600] {override.py:1930} INFO - Created Permission View: can create on DAG Run:latest_only_with_trigger
[2025-03-22T19:33:25.141-0600] {logging_mixin.py:190} INFO - [2025-03-22T19:33:25.139-0600] {override.py:1930} INFO - Created Permission View: menu access on DAG Run:latest_only_with_trigger
[2025-03-22T19:33:25.245-0600] {logging_mixin.py:190} INFO - [2025-03-22T19:33:25.245-0600] {override.py:1930} INFO - Created Permission View: can read on DAG Run:latest_only_with_trigger
[2025-03-22T19:33:25.247-0600] {logging_mixin.py:190} INFO - [2025-03-22T19:33:25.247-0600] {dag.py:3239} INFO - Sync 1 DAGs
[2025-03-22T19:33:25.297-0600] {logging_mixin.py:190} INFO - [2025-03-22T19:33:25.296-0600] {dag.py:3262} INFO - Creating ORM DAG for latest_only_with_trigger
[2025-03-22T19:33:25.341-0600] {logging_mixin.py:190} INFO - [2025-03-22T19:33:25.340-0600] {dag.py:4180} INFO - Setting next_dagrun for latest_only_with_trigger to 2025-03-22 20:00:00+00:00, run_after=2025-03-23 00:00:00+00:00
[2025-03-22T19:33:25.511-0600] {processor.py:208} INFO - Processing /home/saadh/.local/lib/python3.10/site-packages/airflow/example_dags/example_latest_only_with_trigger.py took 1.625 seconds
[2025-03-22T19:39:55.530-0600] {processor.py:186} INFO - Started process (PID=34294) to work on /home/saadh/.local/lib/python3.10/site-packages/airflow/example_dags/example_latest_only_with_trigger.py
[2025-03-22T19:39:55.536-0600] {processor.py:914} INFO - Processing file /home/saadh/.local/lib/python3.10/site-packages/airflow/example_dags/example_latest_only_with_trigger.py for tasks to queue
[2025-03-22T19:39:55.549-0600] {logging_mixin.py:190} INFO - [2025-03-22T19:39:55.548-0600] {dagbag.py:588} INFO - Filling up the DagBag from /home/saadh/.local/lib/python3.10/site-packages/airflow/example_dags/example_latest_only_with_trigger.py
[2025-03-22T19:39:55.598-0600] {processor.py:925} INFO - DAG(s) 'latest_only_with_trigger' retrieved from /home/saadh/.local/lib/python3.10/site-packages/airflow/example_dags/example_latest_only_with_trigger.py
[2025-03-22T19:39:55.720-0600] {logging_mixin.py:190} INFO - [2025-03-22T19:39:55.720-0600] {dag.py:3239} INFO - Sync 1 DAGs
[2025-03-22T19:39:55.848-0600] {logging_mixin.py:190} INFO - [2025-03-22T19:39:55.847-0600] {dag.py:4180} INFO - Setting next_dagrun for latest_only_with_trigger to 2025-03-22 20:00:00+00:00, run_after=2025-03-23 00:00:00+00:00
[2025-03-22T19:39:56.120-0600] {processor.py:208} INFO - Processing /home/saadh/.local/lib/python3.10/site-packages/airflow/example_dags/example_latest_only_with_trigger.py took 0.622 seconds
