[2025-03-22T19:31:43.472-0600] {processor.py:186} INFO - Started process (PID=34100) to work on /home/saadh/.local/lib/python3.10/site-packages/airflow/example_dags/example_short_circuit_operator.py
[2025-03-22T19:31:43.478-0600] {processor.py:914} INFO - Processing file /home/saadh/.local/lib/python3.10/site-packages/airflow/example_dags/example_short_circuit_operator.py for tasks to queue
[2025-03-22T19:31:43.490-0600] {logging_mixin.py:190} INFO - [2025-03-22T19:31:43.488-0600] {dagbag.py:588} INFO - Filling up the DagBag from /home/saadh/.local/lib/python3.10/site-packages/airflow/example_dags/example_short_circuit_operator.py
[2025-03-22T19:31:43.535-0600] {processor.py:925} INFO - DAG(s) 'example_short_circuit_operator' retrieved from /home/saadh/.local/lib/python3.10/site-packages/airflow/example_dags/example_short_circuit_operator.py
[2025-03-22T19:31:43.922-0600] {logging_mixin.py:190} INFO - [2025-03-22T19:31:43.921-0600] {override.py:1930} INFO - Created Permission View: can delete on DAG:example_short_circuit_operator
[2025-03-22T19:31:44.005-0600] {logging_mixin.py:190} INFO - [2025-03-22T19:31:44.004-0600] {override.py:1930} INFO - Created Permission View: can read on DAG:example_short_circuit_operator
[2025-03-22T19:31:44.099-0600] {logging_mixin.py:190} INFO - [2025-03-22T19:31:44.099-0600] {override.py:1930} INFO - Created Permission View: can edit on DAG:example_short_circuit_operator
[2025-03-22T19:31:44.259-0600] {logging_mixin.py:190} INFO - [2025-03-22T19:31:44.258-0600] {override.py:1930} INFO - Created Permission View: can delete on DAG Run:example_short_circuit_operator
[2025-03-22T19:31:44.359-0600] {logging_mixin.py:190} INFO - [2025-03-22T19:31:44.358-0600] {override.py:1930} INFO - Created Permission View: can create on DAG Run:example_short_circuit_operator
[2025-03-22T19:31:44.463-0600] {logging_mixin.py:190} INFO - [2025-03-22T19:31:44.463-0600] {override.py:1930} INFO - Created Permission View: menu access on DAG Run:example_short_circuit_operator
[2025-03-22T19:31:44.541-0600] {logging_mixin.py:190} INFO - [2025-03-22T19:31:44.541-0600] {override.py:1930} INFO - Created Permission View: can read on DAG Run:example_short_circuit_operator
[2025-03-22T19:31:44.543-0600] {logging_mixin.py:190} INFO - [2025-03-22T19:31:44.542-0600] {dag.py:3239} INFO - Sync 1 DAGs
[2025-03-22T19:31:44.585-0600] {logging_mixin.py:190} INFO - [2025-03-22T19:31:44.584-0600] {dag.py:3262} INFO - Creating ORM DAG for example_short_circuit_operator
[2025-03-22T19:31:44.588-0600] {logging_mixin.py:190} INFO - [2025-03-22T19:31:44.587-0600] {dag.py:4180} INFO - Setting next_dagrun for example_short_circuit_operator to None, run_after=None
[2025-03-22T19:31:44.717-0600] {processor.py:208} INFO - Processing /home/saadh/.local/lib/python3.10/site-packages/airflow/example_dags/example_short_circuit_operator.py took 1.274 seconds
[2025-03-22T19:38:59.911-0600] {processor.py:186} INFO - Started process (PID=34268) to work on /home/saadh/.local/lib/python3.10/site-packages/airflow/example_dags/example_short_circuit_operator.py
[2025-03-22T19:38:59.914-0600] {processor.py:914} INFO - Processing file /home/saadh/.local/lib/python3.10/site-packages/airflow/example_dags/example_short_circuit_operator.py for tasks to queue
[2025-03-22T19:38:59.924-0600] {logging_mixin.py:190} INFO - [2025-03-22T19:38:59.922-0600] {dagbag.py:588} INFO - Filling up the DagBag from /home/saadh/.local/lib/python3.10/site-packages/airflow/example_dags/example_short_circuit_operator.py
[2025-03-22T19:38:59.956-0600] {processor.py:925} INFO - DAG(s) 'example_short_circuit_operator' retrieved from /home/saadh/.local/lib/python3.10/site-packages/airflow/example_dags/example_short_circuit_operator.py
[2025-03-22T19:39:00.069-0600] {logging_mixin.py:190} INFO - [2025-03-22T19:39:00.068-0600] {dag.py:3239} INFO - Sync 1 DAGs
[2025-03-22T19:39:00.133-0600] {logging_mixin.py:190} INFO - [2025-03-22T19:39:00.133-0600] {dag.py:4180} INFO - Setting next_dagrun for example_short_circuit_operator to None, run_after=None
[2025-03-22T19:39:00.413-0600] {processor.py:208} INFO - Processing /home/saadh/.local/lib/python3.10/site-packages/airflow/example_dags/example_short_circuit_operator.py took 0.522 seconds
[2025-03-22T19:40:59.742-0600] {processor.py:186} INFO - Started process (PID=34339) to work on /home/saadh/.local/lib/python3.10/site-packages/airflow/example_dags/example_short_circuit_operator.py
[2025-03-22T19:40:59.745-0600] {processor.py:914} INFO - Processing file /home/saadh/.local/lib/python3.10/site-packages/airflow/example_dags/example_short_circuit_operator.py for tasks to queue
[2025-03-22T19:40:59.751-0600] {logging_mixin.py:190} INFO - [2025-03-22T19:40:59.750-0600] {dagbag.py:588} INFO - Filling up the DagBag from /home/saadh/.local/lib/python3.10/site-packages/airflow/example_dags/example_short_circuit_operator.py
[2025-03-22T19:40:59.774-0600] {processor.py:925} INFO - DAG(s) 'example_short_circuit_operator' retrieved from /home/saadh/.local/lib/python3.10/site-packages/airflow/example_dags/example_short_circuit_operator.py
[2025-03-22T19:40:59.842-0600] {logging_mixin.py:190} INFO - [2025-03-22T19:40:59.841-0600] {dag.py:3239} INFO - Sync 1 DAGs
[2025-03-22T19:40:59.879-0600] {logging_mixin.py:190} INFO - [2025-03-22T19:40:59.879-0600] {dag.py:4180} INFO - Setting next_dagrun for example_short_circuit_operator to None, run_after=None
[2025-03-22T19:41:00.021-0600] {processor.py:208} INFO - Processing /home/saadh/.local/lib/python3.10/site-packages/airflow/example_dags/example_short_circuit_operator.py took 0.295 seconds
