[2025-03-22T19:31:40.489-0600] {processor.py:186} INFO - Started process (PID=34099) to work on /home/saadh/.local/lib/python3.10/site-packages/airflow/example_dags/example_bash_decorator.py
[2025-03-22T19:31:40.495-0600] {processor.py:914} INFO - Processing file /home/saadh/.local/lib/python3.10/site-packages/airflow/example_dags/example_bash_decorator.py for tasks to queue
[2025-03-22T19:31:40.508-0600] {logging_mixin.py:190} INFO - [2025-03-22T19:31:40.506-0600] {dagbag.py:588} INFO - Filling up the DagBag from /home/saadh/.local/lib/python3.10/site-packages/airflow/example_dags/example_bash_decorator.py
[2025-03-22T19:31:40.596-0600] {processor.py:925} INFO - DAG(s) 'example_bash_decorator' retrieved from /home/saadh/.local/lib/python3.10/site-packages/airflow/example_dags/example_bash_decorator.py
[2025-03-22T19:31:41.006-0600] {logging_mixin.py:190} INFO - [2025-03-22T19:31:41.005-0600] {override.py:1930} INFO - Created Permission View: can delete on DAG:example_bash_decorator
[2025-03-22T19:31:41.106-0600] {logging_mixin.py:190} INFO - [2025-03-22T19:31:41.105-0600] {override.py:1930} INFO - Created Permission View: can read on DAG:example_bash_decorator
[2025-03-22T19:31:41.208-0600] {logging_mixin.py:190} INFO - [2025-03-22T19:31:41.207-0600] {override.py:1930} INFO - Created Permission View: can edit on DAG:example_bash_decorator
[2025-03-22T19:31:41.380-0600] {logging_mixin.py:190} INFO - [2025-03-22T19:31:41.379-0600] {override.py:1930} INFO - Created Permission View: can delete on DAG Run:example_bash_decorator
[2025-03-22T19:31:41.489-0600] {logging_mixin.py:190} INFO - [2025-03-22T19:31:41.488-0600] {override.py:1930} INFO - Created Permission View: can create on DAG Run:example_bash_decorator
[2025-03-22T19:31:41.596-0600] {logging_mixin.py:190} INFO - [2025-03-22T19:31:41.595-0600] {override.py:1930} INFO - Created Permission View: menu access on DAG Run:example_bash_decorator
[2025-03-22T19:31:41.706-0600] {logging_mixin.py:190} INFO - [2025-03-22T19:31:41.705-0600] {override.py:1930} INFO - Created Permission View: can read on DAG Run:example_bash_decorator
[2025-03-22T19:31:41.708-0600] {logging_mixin.py:190} INFO - [2025-03-22T19:31:41.707-0600] {dag.py:3239} INFO - Sync 1 DAGs
[2025-03-22T19:31:41.772-0600] {logging_mixin.py:190} INFO - [2025-03-22T19:31:41.771-0600] {dag.py:3262} INFO - Creating ORM DAG for example_bash_decorator
[2025-03-22T19:31:41.775-0600] {logging_mixin.py:190} INFO - [2025-03-22T19:31:41.774-0600] {dag.py:4180} INFO - Setting next_dagrun for example_bash_decorator to None, run_after=None
[2025-03-22T19:31:41.931-0600] {processor.py:208} INFO - Processing /home/saadh/.local/lib/python3.10/site-packages/airflow/example_dags/example_bash_decorator.py took 1.478 seconds
[2025-03-22T19:38:58.472-0600] {processor.py:186} INFO - Started process (PID=34267) to work on /home/saadh/.local/lib/python3.10/site-packages/airflow/example_dags/example_bash_decorator.py
[2025-03-22T19:38:58.479-0600] {processor.py:914} INFO - Processing file /home/saadh/.local/lib/python3.10/site-packages/airflow/example_dags/example_bash_decorator.py for tasks to queue
[2025-03-22T19:38:58.489-0600] {logging_mixin.py:190} INFO - [2025-03-22T19:38:58.487-0600] {dagbag.py:588} INFO - Filling up the DagBag from /home/saadh/.local/lib/python3.10/site-packages/airflow/example_dags/example_bash_decorator.py
[2025-03-22T19:38:58.532-0600] {processor.py:925} INFO - DAG(s) 'example_bash_decorator' retrieved from /home/saadh/.local/lib/python3.10/site-packages/airflow/example_dags/example_bash_decorator.py
[2025-03-22T19:38:58.898-0600] {logging_mixin.py:190} INFO - [2025-03-22T19:38:58.897-0600] {dag.py:3239} INFO - Sync 1 DAGs
[2025-03-22T19:38:58.933-0600] {logging_mixin.py:190} INFO - [2025-03-22T19:38:58.932-0600] {dag.py:4180} INFO - Setting next_dagrun for example_bash_decorator to None, run_after=None
[2025-03-22T19:38:59.100-0600] {processor.py:208} INFO - Processing /home/saadh/.local/lib/python3.10/site-packages/airflow/example_dags/example_bash_decorator.py took 0.656 seconds
[2025-03-22T19:40:57.929-0600] {processor.py:186} INFO - Started process (PID=34338) to work on /home/saadh/.local/lib/python3.10/site-packages/airflow/example_dags/example_bash_decorator.py
[2025-03-22T19:40:57.934-0600] {processor.py:914} INFO - Processing file /home/saadh/.local/lib/python3.10/site-packages/airflow/example_dags/example_bash_decorator.py for tasks to queue
[2025-03-22T19:40:57.943-0600] {logging_mixin.py:190} INFO - [2025-03-22T19:40:57.942-0600] {dagbag.py:588} INFO - Filling up the DagBag from /home/saadh/.local/lib/python3.10/site-packages/airflow/example_dags/example_bash_decorator.py
[2025-03-22T19:40:57.993-0600] {processor.py:925} INFO - DAG(s) 'example_bash_decorator' retrieved from /home/saadh/.local/lib/python3.10/site-packages/airflow/example_dags/example_bash_decorator.py
[2025-03-22T19:40:58.079-0600] {logging_mixin.py:190} INFO - [2025-03-22T19:40:58.079-0600] {dag.py:3239} INFO - Sync 1 DAGs
[2025-03-22T19:40:58.127-0600] {logging_mixin.py:190} INFO - [2025-03-22T19:40:58.127-0600] {dag.py:4180} INFO - Setting next_dagrun for example_bash_decorator to None, run_after=None
[2025-03-22T19:40:58.314-0600] {processor.py:208} INFO - Processing /home/saadh/.local/lib/python3.10/site-packages/airflow/example_dags/example_bash_decorator.py took 0.410 seconds
