[2025-03-22T19:32:56.948-0600] {processor.py:186} INFO - Started process (PID=34123) to work on /home/saadh/.local/lib/python3.10/site-packages/airflow/example_dags/example_complex.py
[2025-03-22T19:32:56.953-0600] {processor.py:914} INFO - Processing file /home/saadh/.local/lib/python3.10/site-packages/airflow/example_dags/example_complex.py for tasks to queue
[2025-03-22T19:32:56.958-0600] {logging_mixin.py:190} INFO - [2025-03-22T19:32:56.957-0600] {dagbag.py:588} INFO - Filling up the DagBag from /home/saadh/.local/lib/python3.10/site-packages/airflow/example_dags/example_complex.py
[2025-03-22T19:32:57.003-0600] {processor.py:925} INFO - DAG(s) 'example_complex' retrieved from /home/saadh/.local/lib/python3.10/site-packages/airflow/example_dags/example_complex.py
[2025-03-22T19:32:57.386-0600] {logging_mixin.py:190} INFO - [2025-03-22T19:32:57.385-0600] {override.py:1930} INFO - Created Permission View: can delete on DAG:example_complex
[2025-03-22T19:32:57.479-0600] {logging_mixin.py:190} INFO - [2025-03-22T19:32:57.478-0600] {override.py:1930} INFO - Created Permission View: can read on DAG:example_complex
[2025-03-22T19:32:57.650-0600] {logging_mixin.py:190} INFO - [2025-03-22T19:32:57.648-0600] {override.py:1930} INFO - Created Permission View: can edit on DAG:example_complex
[2025-03-22T19:32:57.938-0600] {logging_mixin.py:190} INFO - [2025-03-22T19:32:57.936-0600] {override.py:1930} INFO - Created Permission View: can delete on DAG Run:example_complex
[2025-03-22T19:32:58.109-0600] {logging_mixin.py:190} INFO - [2025-03-22T19:32:58.107-0600] {override.py:1930} INFO - Created Permission View: can create on DAG Run:example_complex
[2025-03-22T19:32:58.275-0600] {logging_mixin.py:190} INFO - [2025-03-22T19:32:58.274-0600] {override.py:1930} INFO - Created Permission View: menu access on DAG Run:example_complex
[2025-03-22T19:32:58.349-0600] {logging_mixin.py:190} INFO - [2025-03-22T19:32:58.348-0600] {override.py:1930} INFO - Created Permission View: can read on DAG Run:example_complex
[2025-03-22T19:32:58.350-0600] {logging_mixin.py:190} INFO - [2025-03-22T19:32:58.350-0600] {dag.py:3239} INFO - Sync 1 DAGs
[2025-03-22T19:32:58.383-0600] {logging_mixin.py:190} INFO - [2025-03-22T19:32:58.383-0600] {dag.py:3262} INFO - Creating ORM DAG for example_complex
[2025-03-22T19:32:58.385-0600] {logging_mixin.py:190} INFO - [2025-03-22T19:32:58.384-0600] {dag.py:4180} INFO - Setting next_dagrun for example_complex to None, run_after=None
[2025-03-22T19:32:58.528-0600] {processor.py:208} INFO - Processing /home/saadh/.local/lib/python3.10/site-packages/airflow/example_dags/example_complex.py took 1.600 seconds
[2025-03-22T19:39:40.053-0600] {processor.py:186} INFO - Started process (PID=34287) to work on /home/saadh/.local/lib/python3.10/site-packages/airflow/example_dags/example_complex.py
[2025-03-22T19:39:40.058-0600] {processor.py:914} INFO - Processing file /home/saadh/.local/lib/python3.10/site-packages/airflow/example_dags/example_complex.py for tasks to queue
[2025-03-22T19:39:40.067-0600] {logging_mixin.py:190} INFO - [2025-03-22T19:39:40.066-0600] {dagbag.py:588} INFO - Filling up the DagBag from /home/saadh/.local/lib/python3.10/site-packages/airflow/example_dags/example_complex.py
[2025-03-22T19:39:40.128-0600] {processor.py:925} INFO - DAG(s) 'example_complex' retrieved from /home/saadh/.local/lib/python3.10/site-packages/airflow/example_dags/example_complex.py
[2025-03-22T19:39:40.285-0600] {logging_mixin.py:190} INFO - [2025-03-22T19:39:40.285-0600] {dag.py:3239} INFO - Sync 1 DAGs
[2025-03-22T19:39:40.324-0600] {logging_mixin.py:190} INFO - [2025-03-22T19:39:40.324-0600] {dag.py:4180} INFO - Setting next_dagrun for example_complex to None, run_after=None
[2025-03-22T19:39:40.482-0600] {processor.py:208} INFO - Processing /home/saadh/.local/lib/python3.10/site-packages/airflow/example_dags/example_complex.py took 0.454 seconds
