[2025-03-22T19:31:19.092-0600] {processor.py:186} INFO - Started process (PID=34093) to work on /home/saadh/.local/lib/python3.10/site-packages/airflow/example_dags/example_sensors.py
[2025-03-22T19:31:19.095-0600] {processor.py:914} INFO - Processing file /home/saadh/.local/lib/python3.10/site-packages/airflow/example_dags/example_sensors.py for tasks to queue
[2025-03-22T19:31:19.102-0600] {logging_mixin.py:190} INFO - [2025-03-22T19:31:19.101-0600] {dagbag.py:588} INFO - Filling up the DagBag from /home/saadh/.local/lib/python3.10/site-packages/airflow/example_dags/example_sensors.py
[2025-03-22T19:31:19.134-0600] {processor.py:925} INFO - DAG(s) 'example_sensors' retrieved from /home/saadh/.local/lib/python3.10/site-packages/airflow/example_dags/example_sensors.py
[2025-03-22T19:31:19.771-0600] {logging_mixin.py:190} INFO - [2025-03-22T19:31:19.769-0600] {override.py:1930} INFO - Created Permission View: can delete on DAG:example_sensors
[2025-03-22T19:31:19.895-0600] {logging_mixin.py:190} INFO - [2025-03-22T19:31:19.894-0600] {override.py:1930} INFO - Created Permission View: can read on DAG:example_sensors
[2025-03-22T19:31:19.986-0600] {logging_mixin.py:190} INFO - [2025-03-22T19:31:19.984-0600] {override.py:1930} INFO - Created Permission View: can edit on DAG:example_sensors
[2025-03-22T19:31:20.144-0600] {logging_mixin.py:190} INFO - [2025-03-22T19:31:20.143-0600] {override.py:1930} INFO - Created Permission View: can delete on DAG Run:example_sensors
[2025-03-22T19:31:20.236-0600] {logging_mixin.py:190} INFO - [2025-03-22T19:31:20.235-0600] {override.py:1930} INFO - Created Permission View: can create on DAG Run:example_sensors
[2025-03-22T19:31:20.333-0600] {logging_mixin.py:190} INFO - [2025-03-22T19:31:20.332-0600] {override.py:1930} INFO - Created Permission View: menu access on DAG Run:example_sensors
[2025-03-22T19:31:20.416-0600] {logging_mixin.py:190} INFO - [2025-03-22T19:31:20.415-0600] {override.py:1930} INFO - Created Permission View: can read on DAG Run:example_sensors
[2025-03-22T19:31:20.417-0600] {logging_mixin.py:190} INFO - [2025-03-22T19:31:20.417-0600] {dag.py:3239} INFO - Sync 1 DAGs
[2025-03-22T19:31:20.462-0600] {logging_mixin.py:190} INFO - [2025-03-22T19:31:20.461-0600] {dag.py:3262} INFO - Creating ORM DAG for example_sensors
[2025-03-22T19:31:20.464-0600] {logging_mixin.py:190} INFO - [2025-03-22T19:31:20.464-0600] {dag.py:4180} INFO - Setting next_dagrun for example_sensors to None, run_after=None
[2025-03-22T19:31:20.604-0600] {processor.py:208} INFO - Processing /home/saadh/.local/lib/python3.10/site-packages/airflow/example_dags/example_sensors.py took 1.528 seconds
[2025-03-22T19:38:48.556-0600] {processor.py:186} INFO - Started process (PID=34261) to work on /home/saadh/.local/lib/python3.10/site-packages/airflow/example_dags/example_sensors.py
[2025-03-22T19:38:48.562-0600] {processor.py:914} INFO - Processing file /home/saadh/.local/lib/python3.10/site-packages/airflow/example_dags/example_sensors.py for tasks to queue
[2025-03-22T19:38:48.571-0600] {logging_mixin.py:190} INFO - [2025-03-22T19:38:48.569-0600] {dagbag.py:588} INFO - Filling up the DagBag from /home/saadh/.local/lib/python3.10/site-packages/airflow/example_dags/example_sensors.py
[2025-03-22T19:38:48.624-0600] {processor.py:925} INFO - DAG(s) 'example_sensors' retrieved from /home/saadh/.local/lib/python3.10/site-packages/airflow/example_dags/example_sensors.py
[2025-03-22T19:38:48.765-0600] {logging_mixin.py:190} INFO - [2025-03-22T19:38:48.765-0600] {dag.py:3239} INFO - Sync 1 DAGs
[2025-03-22T19:38:48.793-0600] {logging_mixin.py:190} INFO - [2025-03-22T19:38:48.793-0600] {dag.py:4180} INFO - Setting next_dagrun for example_sensors to None, run_after=None
[2025-03-22T19:38:48.931-0600] {processor.py:208} INFO - Processing /home/saadh/.local/lib/python3.10/site-packages/airflow/example_dags/example_sensors.py took 0.401 seconds
[2025-03-22T19:40:46.688-0600] {processor.py:186} INFO - Started process (PID=34332) to work on /home/saadh/.local/lib/python3.10/site-packages/airflow/example_dags/example_sensors.py
[2025-03-22T19:40:46.693-0600] {processor.py:914} INFO - Processing file /home/saadh/.local/lib/python3.10/site-packages/airflow/example_dags/example_sensors.py for tasks to queue
[2025-03-22T19:40:46.702-0600] {logging_mixin.py:190} INFO - [2025-03-22T19:40:46.701-0600] {dagbag.py:588} INFO - Filling up the DagBag from /home/saadh/.local/lib/python3.10/site-packages/airflow/example_dags/example_sensors.py
[2025-03-22T19:40:46.752-0600] {processor.py:925} INFO - DAG(s) 'example_sensors' retrieved from /home/saadh/.local/lib/python3.10/site-packages/airflow/example_dags/example_sensors.py
[2025-03-22T19:40:46.894-0600] {logging_mixin.py:190} INFO - [2025-03-22T19:40:46.893-0600] {dag.py:3239} INFO - Sync 1 DAGs
[2025-03-22T19:40:46.961-0600] {logging_mixin.py:190} INFO - [2025-03-22T19:40:46.960-0600] {dag.py:4180} INFO - Setting next_dagrun for example_sensors to None, run_after=None
[2025-03-22T19:40:47.229-0600] {processor.py:208} INFO - Processing /home/saadh/.local/lib/python3.10/site-packages/airflow/example_dags/example_sensors.py took 0.565 seconds
