[2025-03-22T19:31:28.950-0600] {processor.py:186} INFO - Started process (PID=34096) to work on /home/saadh/.local/lib/python3.10/site-packages/airflow/example_dags/example_branch_datetime_operator.py
[2025-03-22T19:31:28.952-0600] {processor.py:914} INFO - Processing file /home/saadh/.local/lib/python3.10/site-packages/airflow/example_dags/example_branch_datetime_operator.py for tasks to queue
[2025-03-22T19:31:28.957-0600] {logging_mixin.py:190} INFO - [2025-03-22T19:31:28.956-0600] {dagbag.py:588} INFO - Filling up the DagBag from /home/saadh/.local/lib/python3.10/site-packages/airflow/example_dags/example_branch_datetime_operator.py
[2025-03-22T19:31:28.985-0600] {processor.py:925} INFO - DAG(s) 'example_branch_datetime_operator_3', 'example_branch_datetime_operator', 'example_branch_datetime_operator_2' retrieved from /home/saadh/.local/lib/python3.10/site-packages/airflow/example_dags/example_branch_datetime_operator.py
[2025-03-22T19:31:29.429-0600] {logging_mixin.py:190} INFO - [2025-03-22T19:31:29.427-0600] {override.py:1930} INFO - Created Permission View: can delete on DAG:example_branch_datetime_operator_3
[2025-03-22T19:31:29.641-0600] {logging_mixin.py:190} INFO - [2025-03-22T19:31:29.639-0600] {override.py:1930} INFO - Created Permission View: can read on DAG:example_branch_datetime_operator_3
[2025-03-22T19:31:29.769-0600] {logging_mixin.py:190} INFO - [2025-03-22T19:31:29.768-0600] {override.py:1930} INFO - Created Permission View: can edit on DAG:example_branch_datetime_operator_3
[2025-03-22T19:31:30.001-0600] {logging_mixin.py:190} INFO - [2025-03-22T19:31:29.999-0600] {override.py:1930} INFO - Created Permission View: can delete on DAG Run:example_branch_datetime_operator_3
[2025-03-22T19:31:30.199-0600] {logging_mixin.py:190} INFO - [2025-03-22T19:31:30.198-0600] {override.py:1930} INFO - Created Permission View: can create on DAG Run:example_branch_datetime_operator_3
[2025-03-22T19:31:30.403-0600] {logging_mixin.py:190} INFO - [2025-03-22T19:31:30.401-0600] {override.py:1930} INFO - Created Permission View: menu access on DAG Run:example_branch_datetime_operator_3
[2025-03-22T19:31:30.600-0600] {logging_mixin.py:190} INFO - [2025-03-22T19:31:30.599-0600] {override.py:1930} INFO - Created Permission View: can read on DAG Run:example_branch_datetime_operator_3
[2025-03-22T19:31:30.886-0600] {logging_mixin.py:190} INFO - [2025-03-22T19:31:30.884-0600] {override.py:1930} INFO - Created Permission View: can delete on DAG:example_branch_datetime_operator
[2025-03-22T19:31:31.028-0600] {logging_mixin.py:190} INFO - [2025-03-22T19:31:31.026-0600] {override.py:1930} INFO - Created Permission View: can read on DAG:example_branch_datetime_operator
[2025-03-22T19:31:31.136-0600] {logging_mixin.py:190} INFO - [2025-03-22T19:31:31.135-0600] {override.py:1930} INFO - Created Permission View: can edit on DAG:example_branch_datetime_operator
[2025-03-22T19:31:31.279-0600] {logging_mixin.py:190} INFO - [2025-03-22T19:31:31.278-0600] {override.py:1930} INFO - Created Permission View: can delete on DAG Run:example_branch_datetime_operator
[2025-03-22T19:31:31.362-0600] {logging_mixin.py:190} INFO - [2025-03-22T19:31:31.361-0600] {override.py:1930} INFO - Created Permission View: can create on DAG Run:example_branch_datetime_operator
[2025-03-22T19:31:31.460-0600] {logging_mixin.py:190} INFO - [2025-03-22T19:31:31.459-0600] {override.py:1930} INFO - Created Permission View: menu access on DAG Run:example_branch_datetime_operator
[2025-03-22T19:31:31.571-0600] {logging_mixin.py:190} INFO - [2025-03-22T19:31:31.570-0600] {override.py:1930} INFO - Created Permission View: can read on DAG Run:example_branch_datetime_operator
[2025-03-22T19:31:31.786-0600] {logging_mixin.py:190} INFO - [2025-03-22T19:31:31.784-0600] {override.py:1930} INFO - Created Permission View: can delete on DAG:example_branch_datetime_operator_2
[2025-03-22T19:31:31.892-0600] {logging_mixin.py:190} INFO - [2025-03-22T19:31:31.891-0600] {override.py:1930} INFO - Created Permission View: can read on DAG:example_branch_datetime_operator_2
[2025-03-22T19:31:32.001-0600] {logging_mixin.py:190} INFO - [2025-03-22T19:31:32.000-0600] {override.py:1930} INFO - Created Permission View: can edit on DAG:example_branch_datetime_operator_2
[2025-03-22T19:31:32.176-0600] {logging_mixin.py:190} INFO - [2025-03-22T19:31:32.175-0600] {override.py:1930} INFO - Created Permission View: can delete on DAG Run:example_branch_datetime_operator_2
[2025-03-22T19:31:32.290-0600] {logging_mixin.py:190} INFO - [2025-03-22T19:31:32.289-0600] {override.py:1930} INFO - Created Permission View: can create on DAG Run:example_branch_datetime_operator_2
[2025-03-22T19:31:32.415-0600] {logging_mixin.py:190} INFO - [2025-03-22T19:31:32.413-0600] {override.py:1930} INFO - Created Permission View: menu access on DAG Run:example_branch_datetime_operator_2
[2025-03-22T19:31:32.624-0600] {logging_mixin.py:190} INFO - [2025-03-22T19:31:32.621-0600] {override.py:1930} INFO - Created Permission View: can read on DAG Run:example_branch_datetime_operator_2
[2025-03-22T19:31:32.628-0600] {logging_mixin.py:190} INFO - [2025-03-22T19:31:32.627-0600] {dag.py:3239} INFO - Sync 3 DAGs
[2025-03-22T19:31:32.706-0600] {logging_mixin.py:190} INFO - [2025-03-22T19:31:32.705-0600] {dag.py:3262} INFO - Creating ORM DAG for example_branch_datetime_operator_2
[2025-03-22T19:31:32.708-0600] {logging_mixin.py:190} INFO - [2025-03-22T19:31:32.708-0600] {dag.py:3262} INFO - Creating ORM DAG for example_branch_datetime_operator
[2025-03-22T19:31:32.710-0600] {logging_mixin.py:190} INFO - [2025-03-22T19:31:32.710-0600] {dag.py:3262} INFO - Creating ORM DAG for example_branch_datetime_operator_3
[2025-03-22T19:31:32.740-0600] {logging_mixin.py:190} INFO - [2025-03-22T19:31:32.739-0600] {dag.py:4180} INFO - Setting next_dagrun for example_branch_datetime_operator to 2025-03-22 00:00:00+00:00, run_after=2025-03-23 00:00:00+00:00
[2025-03-22T19:31:32.743-0600] {logging_mixin.py:190} INFO - [2025-03-22T19:31:32.743-0600] {dag.py:4180} INFO - Setting next_dagrun for example_branch_datetime_operator_2 to 2025-03-22 00:00:00+00:00, run_after=2025-03-23 00:00:00+00:00
[2025-03-22T19:31:32.746-0600] {logging_mixin.py:190} INFO - [2025-03-22T19:31:32.746-0600] {dag.py:4180} INFO - Setting next_dagrun for example_branch_datetime_operator_3 to 2025-03-22 00:00:00+00:00, run_after=2025-03-23 00:00:00+00:00
[2025-03-22T19:31:32.900-0600] {processor.py:208} INFO - Processing /home/saadh/.local/lib/python3.10/site-packages/airflow/example_dags/example_branch_datetime_operator.py took 3.962 seconds
[2025-03-22T19:38:52.535-0600] {processor.py:186} INFO - Started process (PID=34264) to work on /home/saadh/.local/lib/python3.10/site-packages/airflow/example_dags/example_branch_datetime_operator.py
[2025-03-22T19:38:52.540-0600] {processor.py:914} INFO - Processing file /home/saadh/.local/lib/python3.10/site-packages/airflow/example_dags/example_branch_datetime_operator.py for tasks to queue
[2025-03-22T19:38:52.549-0600] {logging_mixin.py:190} INFO - [2025-03-22T19:38:52.547-0600] {dagbag.py:588} INFO - Filling up the DagBag from /home/saadh/.local/lib/python3.10/site-packages/airflow/example_dags/example_branch_datetime_operator.py
[2025-03-22T19:38:52.606-0600] {processor.py:925} INFO - DAG(s) 'example_branch_datetime_operator_3', 'example_branch_datetime_operator_2', 'example_branch_datetime_operator' retrieved from /home/saadh/.local/lib/python3.10/site-packages/airflow/example_dags/example_branch_datetime_operator.py
[2025-03-22T19:38:52.807-0600] {logging_mixin.py:190} INFO - [2025-03-22T19:38:52.806-0600] {dag.py:3239} INFO - Sync 3 DAGs
[2025-03-22T19:38:52.942-0600] {logging_mixin.py:190} INFO - [2025-03-22T19:38:52.941-0600] {dag.py:4180} INFO - Setting next_dagrun for example_branch_datetime_operator to 2025-03-22 00:00:00+00:00, run_after=2025-03-23 00:00:00+00:00
[2025-03-22T19:38:52.970-0600] {logging_mixin.py:190} INFO - [2025-03-22T19:38:52.969-0600] {dag.py:4180} INFO - Setting next_dagrun for example_branch_datetime_operator_2 to 2025-03-22 00:00:00+00:00, run_after=2025-03-23 00:00:00+00:00
[2025-03-22T19:38:52.991-0600] {logging_mixin.py:190} INFO - [2025-03-22T19:38:52.991-0600] {dag.py:4180} INFO - Setting next_dagrun for example_branch_datetime_operator_3 to 2025-03-22 00:00:00+00:00, run_after=2025-03-23 00:00:00+00:00
[2025-03-22T19:38:53.248-0600] {processor.py:208} INFO - Processing /home/saadh/.local/lib/python3.10/site-packages/airflow/example_dags/example_branch_datetime_operator.py took 0.739 seconds
[2025-03-22T19:40:52.416-0600] {processor.py:186} INFO - Started process (PID=34335) to work on /home/saadh/.local/lib/python3.10/site-packages/airflow/example_dags/example_branch_datetime_operator.py
[2025-03-22T19:40:52.424-0600] {processor.py:914} INFO - Processing file /home/saadh/.local/lib/python3.10/site-packages/airflow/example_dags/example_branch_datetime_operator.py for tasks to queue
[2025-03-22T19:40:52.432-0600] {logging_mixin.py:190} INFO - [2025-03-22T19:40:52.431-0600] {dagbag.py:588} INFO - Filling up the DagBag from /home/saadh/.local/lib/python3.10/site-packages/airflow/example_dags/example_branch_datetime_operator.py
[2025-03-22T19:40:52.459-0600] {processor.py:925} INFO - DAG(s) 'example_branch_datetime_operator_3', 'example_branch_datetime_operator_2', 'example_branch_datetime_operator' retrieved from /home/saadh/.local/lib/python3.10/site-packages/airflow/example_dags/example_branch_datetime_operator.py
[2025-03-22T19:40:52.621-0600] {logging_mixin.py:190} INFO - [2025-03-22T19:40:52.620-0600] {dag.py:3239} INFO - Sync 3 DAGs
[2025-03-22T19:40:52.678-0600] {logging_mixin.py:190} INFO - [2025-03-22T19:40:52.677-0600] {dag.py:4180} INFO - Setting next_dagrun for example_branch_datetime_operator to 2025-03-22 00:00:00+00:00, run_after=2025-03-23 00:00:00+00:00
[2025-03-22T19:40:52.692-0600] {logging_mixin.py:190} INFO - [2025-03-22T19:40:52.692-0600] {dag.py:4180} INFO - Setting next_dagrun for example_branch_datetime_operator_2 to 2025-03-22 00:00:00+00:00, run_after=2025-03-23 00:00:00+00:00
[2025-03-22T19:40:52.703-0600] {logging_mixin.py:190} INFO - [2025-03-22T19:40:52.703-0600] {dag.py:4180} INFO - Setting next_dagrun for example_branch_datetime_operator_3 to 2025-03-22 00:00:00+00:00, run_after=2025-03-23 00:00:00+00:00
[2025-03-22T19:40:52.860-0600] {processor.py:208} INFO - Processing /home/saadh/.local/lib/python3.10/site-packages/airflow/example_dags/example_branch_datetime_operator.py took 0.470 seconds
