[2025-03-22T19:30:13.049-0600] {processor.py:186} INFO - Started process (PID=34066) to work on /home/saadh/.local/lib/python3.10/site-packages/airflow/example_dags/example_xcomargs.py
[2025-03-22T19:30:13.052-0600] {processor.py:914} INFO - Processing file /home/saadh/.local/lib/python3.10/site-packages/airflow/example_dags/example_xcomargs.py for tasks to queue
[2025-03-22T19:30:13.058-0600] {logging_mixin.py:190} INFO - [2025-03-22T19:30:13.057-0600] {dagbag.py:588} INFO - Filling up the DagBag from /home/saadh/.local/lib/python3.10/site-packages/airflow/example_dags/example_xcomargs.py
[2025-03-22T19:30:13.083-0600] {processor.py:925} INFO - DAG(s) 'example_xcom_args_with_operators', 'example_xcom_args' retrieved from /home/saadh/.local/lib/python3.10/site-packages/airflow/example_dags/example_xcomargs.py
[2025-03-22T19:30:13.749-0600] {logging_mixin.py:190} INFO - [2025-03-22T19:30:13.748-0600] {override.py:1930} INFO - Created Permission View: can delete on DAG:example_xcom_args_with_operators
[2025-03-22T19:30:13.858-0600] {logging_mixin.py:190} INFO - [2025-03-22T19:30:13.858-0600] {override.py:1930} INFO - Created Permission View: can read on DAG:example_xcom_args_with_operators
[2025-03-22T19:30:13.965-0600] {logging_mixin.py:190} INFO - [2025-03-22T19:30:13.963-0600] {override.py:1930} INFO - Created Permission View: can edit on DAG:example_xcom_args_with_operators
[2025-03-22T19:30:14.132-0600] {logging_mixin.py:190} INFO - [2025-03-22T19:30:14.131-0600] {override.py:1930} INFO - Created Permission View: can delete on DAG Run:example_xcom_args_with_operators
[2025-03-22T19:30:14.237-0600] {logging_mixin.py:190} INFO - [2025-03-22T19:30:14.236-0600] {override.py:1930} INFO - Created Permission View: can create on DAG Run:example_xcom_args_with_operators
[2025-03-22T19:30:14.410-0600] {logging_mixin.py:190} INFO - [2025-03-22T19:30:14.408-0600] {override.py:1930} INFO - Created Permission View: menu access on DAG Run:example_xcom_args_with_operators
[2025-03-22T19:30:14.583-0600] {logging_mixin.py:190} INFO - [2025-03-22T19:30:14.582-0600] {override.py:1930} INFO - Created Permission View: can read on DAG Run:example_xcom_args_with_operators
[2025-03-22T19:30:14.847-0600] {logging_mixin.py:190} INFO - [2025-03-22T19:30:14.846-0600] {override.py:1930} INFO - Created Permission View: can delete on DAG:example_xcom_args
[2025-03-22T19:30:14.951-0600] {logging_mixin.py:190} INFO - [2025-03-22T19:30:14.950-0600] {override.py:1930} INFO - Created Permission View: can read on DAG:example_xcom_args
[2025-03-22T19:30:15.109-0600] {logging_mixin.py:190} INFO - [2025-03-22T19:30:15.106-0600] {override.py:1930} INFO - Created Permission View: can edit on DAG:example_xcom_args
[2025-03-22T19:30:15.343-0600] {logging_mixin.py:190} INFO - [2025-03-22T19:30:15.342-0600] {override.py:1930} INFO - Created Permission View: can delete on DAG Run:example_xcom_args
[2025-03-22T19:30:15.433-0600] {logging_mixin.py:190} INFO - [2025-03-22T19:30:15.432-0600] {override.py:1930} INFO - Created Permission View: can create on DAG Run:example_xcom_args
[2025-03-22T19:30:15.533-0600] {logging_mixin.py:190} INFO - [2025-03-22T19:30:15.532-0600] {override.py:1930} INFO - Created Permission View: menu access on DAG Run:example_xcom_args
[2025-03-22T19:30:15.637-0600] {logging_mixin.py:190} INFO - [2025-03-22T19:30:15.636-0600] {override.py:1930} INFO - Created Permission View: can read on DAG Run:example_xcom_args
[2025-03-22T19:30:15.638-0600] {logging_mixin.py:190} INFO - [2025-03-22T19:30:15.638-0600] {dag.py:3239} INFO - Sync 2 DAGs
[2025-03-22T19:30:15.689-0600] {logging_mixin.py:190} INFO - [2025-03-22T19:30:15.688-0600] {dag.py:3262} INFO - Creating ORM DAG for example_xcom_args
[2025-03-22T19:30:15.691-0600] {logging_mixin.py:190} INFO - [2025-03-22T19:30:15.691-0600] {dag.py:3262} INFO - Creating ORM DAG for example_xcom_args_with_operators
[2025-03-22T19:30:15.693-0600] {logging_mixin.py:190} INFO - [2025-03-22T19:30:15.693-0600] {dag.py:4180} INFO - Setting next_dagrun for example_xcom_args to None, run_after=None
[2025-03-22T19:30:15.695-0600] {logging_mixin.py:190} INFO - [2025-03-22T19:30:15.695-0600] {dag.py:4180} INFO - Setting next_dagrun for example_xcom_args_with_operators to None, run_after=None
[2025-03-22T19:30:15.910-0600] {processor.py:208} INFO - Processing /home/saadh/.local/lib/python3.10/site-packages/airflow/example_dags/example_xcomargs.py took 2.875 seconds
[2025-03-22T19:33:37.034-0600] {processor.py:186} INFO - Started process (PID=34138) to work on /home/saadh/.local/lib/python3.10/site-packages/airflow/example_dags/example_xcomargs.py
[2025-03-22T19:33:37.040-0600] {processor.py:914} INFO - Processing file /home/saadh/.local/lib/python3.10/site-packages/airflow/example_dags/example_xcomargs.py for tasks to queue
[2025-03-22T19:33:37.050-0600] {logging_mixin.py:190} INFO - [2025-03-22T19:33:37.048-0600] {dagbag.py:588} INFO - Filling up the DagBag from /home/saadh/.local/lib/python3.10/site-packages/airflow/example_dags/example_xcomargs.py
[2025-03-22T19:33:37.096-0600] {processor.py:925} INFO - DAG(s) 'example_xcom_args_with_operators', 'example_xcom_args' retrieved from /home/saadh/.local/lib/python3.10/site-packages/airflow/example_dags/example_xcomargs.py
[2025-03-22T19:33:37.185-0600] {logging_mixin.py:190} INFO - [2025-03-22T19:33:37.184-0600] {dag.py:3239} INFO - Sync 2 DAGs
[2025-03-22T19:33:37.229-0600] {logging_mixin.py:190} INFO - [2025-03-22T19:33:37.228-0600] {dag.py:4180} INFO - Setting next_dagrun for example_xcom_args to None, run_after=None
[2025-03-22T19:33:37.243-0600] {logging_mixin.py:190} INFO - [2025-03-22T19:33:37.243-0600] {dag.py:4180} INFO - Setting next_dagrun for example_xcom_args_with_operators to None, run_after=None
[2025-03-22T19:33:37.402-0600] {processor.py:208} INFO - Processing /home/saadh/.local/lib/python3.10/site-packages/airflow/example_dags/example_xcomargs.py took 0.401 seconds
[2025-03-22T19:37:27.197-0600] {processor.py:186} INFO - Started process (PID=34200) to work on /home/saadh/.local/lib/python3.10/site-packages/airflow/example_dags/example_xcomargs.py
[2025-03-22T19:37:27.200-0600] {processor.py:914} INFO - Processing file /home/saadh/.local/lib/python3.10/site-packages/airflow/example_dags/example_xcomargs.py for tasks to queue
[2025-03-22T19:37:27.209-0600] {logging_mixin.py:190} INFO - [2025-03-22T19:37:27.208-0600] {dagbag.py:588} INFO - Filling up the DagBag from /home/saadh/.local/lib/python3.10/site-packages/airflow/example_dags/example_xcomargs.py
[2025-03-22T19:37:27.250-0600] {processor.py:925} INFO - DAG(s) 'example_xcom_args_with_operators', 'example_xcom_args' retrieved from /home/saadh/.local/lib/python3.10/site-packages/airflow/example_dags/example_xcomargs.py
[2025-03-22T19:37:27.606-0600] {logging_mixin.py:190} INFO - [2025-03-22T19:37:27.604-0600] {dag.py:3239} INFO - Sync 2 DAGs
[2025-03-22T19:37:27.636-0600] {logging_mixin.py:190} INFO - [2025-03-22T19:37:27.635-0600] {dag.py:4180} INFO - Setting next_dagrun for example_xcom_args to None, run_after=None
[2025-03-22T19:37:27.645-0600] {logging_mixin.py:190} INFO - [2025-03-22T19:37:27.645-0600] {dag.py:4180} INFO - Setting next_dagrun for example_xcom_args_with_operators to None, run_after=None
[2025-03-22T19:37:27.776-0600] {processor.py:208} INFO - Processing /home/saadh/.local/lib/python3.10/site-packages/airflow/example_dags/example_xcomargs.py took 0.605 seconds
[2025-03-22T19:40:07.351-0600] {processor.py:186} INFO - Started process (PID=34309) to work on /home/saadh/.local/lib/python3.10/site-packages/airflow/example_dags/example_xcomargs.py
[2025-03-22T19:40:07.356-0600] {processor.py:914} INFO - Processing file /home/saadh/.local/lib/python3.10/site-packages/airflow/example_dags/example_xcomargs.py for tasks to queue
[2025-03-22T19:40:07.365-0600] {logging_mixin.py:190} INFO - [2025-03-22T19:40:07.364-0600] {dagbag.py:588} INFO - Filling up the DagBag from /home/saadh/.local/lib/python3.10/site-packages/airflow/example_dags/example_xcomargs.py
[2025-03-22T19:40:07.406-0600] {processor.py:925} INFO - DAG(s) 'example_xcom_args_with_operators', 'example_xcom_args' retrieved from /home/saadh/.local/lib/python3.10/site-packages/airflow/example_dags/example_xcomargs.py
[2025-03-22T19:40:07.488-0600] {logging_mixin.py:190} INFO - [2025-03-22T19:40:07.488-0600] {dag.py:3239} INFO - Sync 2 DAGs
[2025-03-22T19:40:07.527-0600] {logging_mixin.py:190} INFO - [2025-03-22T19:40:07.526-0600] {dag.py:4180} INFO - Setting next_dagrun for example_xcom_args to None, run_after=None
[2025-03-22T19:40:07.540-0600] {logging_mixin.py:190} INFO - [2025-03-22T19:40:07.539-0600] {dag.py:4180} INFO - Setting next_dagrun for example_xcom_args_with_operators to None, run_after=None
[2025-03-22T19:40:07.697-0600] {processor.py:208} INFO - Processing /home/saadh/.local/lib/python3.10/site-packages/airflow/example_dags/example_xcomargs.py took 0.377 seconds
