[2025-03-22T19:32:22.397-0600] {processor.py:186} INFO - Started process (PID=34111) to work on /home/saadh/.local/lib/python3.10/site-packages/airflow/example_dags/example_sla_dag.py
[2025-03-22T19:32:22.401-0600] {processor.py:914} INFO - Processing file /home/saadh/.local/lib/python3.10/site-packages/airflow/example_dags/example_sla_dag.py for tasks to queue
[2025-03-22T19:32:22.406-0600] {logging_mixin.py:190} INFO - [2025-03-22T19:32:22.405-0600] {dagbag.py:588} INFO - Filling up the DagBag from /home/saadh/.local/lib/python3.10/site-packages/airflow/example_dags/example_sla_dag.py
[2025-03-22T19:32:22.436-0600] {processor.py:925} INFO - DAG(s) 'example_sla_dag' retrieved from /home/saadh/.local/lib/python3.10/site-packages/airflow/example_dags/example_sla_dag.py
[2025-03-22T19:32:22.901-0600] {logging_mixin.py:190} INFO - [2025-03-22T19:32:22.899-0600] {override.py:1930} INFO - Created Permission View: can delete on DAG:example_sla_dag
[2025-03-22T19:32:23.012-0600] {logging_mixin.py:190} INFO - [2025-03-22T19:32:23.011-0600] {override.py:1930} INFO - Created Permission View: can read on DAG:example_sla_dag
[2025-03-22T19:32:23.104-0600] {logging_mixin.py:190} INFO - [2025-03-22T19:32:23.103-0600] {override.py:1930} INFO - Created Permission View: can edit on DAG:example_sla_dag
[2025-03-22T19:32:23.386-0600] {logging_mixin.py:190} INFO - [2025-03-22T19:32:23.384-0600] {override.py:1930} INFO - Created Permission View: can delete on DAG Run:example_sla_dag
[2025-03-22T19:32:23.586-0600] {logging_mixin.py:190} INFO - [2025-03-22T19:32:23.584-0600] {override.py:1930} INFO - Created Permission View: can create on DAG Run:example_sla_dag
[2025-03-22T19:32:23.712-0600] {logging_mixin.py:190} INFO - [2025-03-22T19:32:23.710-0600] {override.py:1930} INFO - Created Permission View: menu access on DAG Run:example_sla_dag
[2025-03-22T19:32:23.808-0600] {logging_mixin.py:190} INFO - [2025-03-22T19:32:23.808-0600] {override.py:1930} INFO - Created Permission View: can read on DAG Run:example_sla_dag
[2025-03-22T19:32:23.810-0600] {logging_mixin.py:190} INFO - [2025-03-22T19:32:23.810-0600] {dag.py:3239} INFO - Sync 1 DAGs
[2025-03-22T19:32:23.865-0600] {logging_mixin.py:190} INFO - [2025-03-22T19:32:23.864-0600] {dag.py:3262} INFO - Creating ORM DAG for example_sla_dag
[2025-03-22T19:32:23.902-0600] {logging_mixin.py:190} INFO - [2025-03-22T19:32:23.902-0600] {dag.py:4180} INFO - Setting next_dagrun for example_sla_dag to 2025-03-23 01:30:00+00:00, run_after=2025-03-23 01:32:00+00:00
[2025-03-22T19:32:24.077-0600] {processor.py:208} INFO - Processing /home/saadh/.local/lib/python3.10/site-packages/airflow/example_dags/example_sla_dag.py took 1.713 seconds
[2025-03-22T19:39:18.437-0600] {processor.py:186} INFO - Started process (PID=34277) to work on /home/saadh/.local/lib/python3.10/site-packages/airflow/example_dags/example_sla_dag.py
[2025-03-22T19:39:18.440-0600] {processor.py:914} INFO - Processing file /home/saadh/.local/lib/python3.10/site-packages/airflow/example_dags/example_sla_dag.py for tasks to queue
[2025-03-22T19:39:18.445-0600] {logging_mixin.py:190} INFO - [2025-03-22T19:39:18.444-0600] {dagbag.py:588} INFO - Filling up the DagBag from /home/saadh/.local/lib/python3.10/site-packages/airflow/example_dags/example_sla_dag.py
[2025-03-22T19:39:18.474-0600] {processor.py:925} INFO - DAG(s) 'example_sla_dag' retrieved from /home/saadh/.local/lib/python3.10/site-packages/airflow/example_dags/example_sla_dag.py
[2025-03-22T19:39:18.540-0600] {logging_mixin.py:190} INFO - [2025-03-22T19:39:18.539-0600] {dag.py:3239} INFO - Sync 1 DAGs
[2025-03-22T19:39:18.616-0600] {logging_mixin.py:190} INFO - [2025-03-22T19:39:18.616-0600] {dag.py:4180} INFO - Setting next_dagrun for example_sla_dag to 2025-03-23 01:36:00+00:00, run_after=2025-03-23 01:38:00+00:00
[2025-03-22T19:39:18.776-0600] {processor.py:208} INFO - Processing /home/saadh/.local/lib/python3.10/site-packages/airflow/example_dags/example_sla_dag.py took 0.353 seconds
[2025-03-22T19:41:19.312-0600] {processor.py:186} INFO - Started process (PID=34348) to work on /home/saadh/.local/lib/python3.10/site-packages/airflow/example_dags/example_sla_dag.py
[2025-03-22T19:41:19.319-0600] {processor.py:914} INFO - Processing file /home/saadh/.local/lib/python3.10/site-packages/airflow/example_dags/example_sla_dag.py for tasks to queue
[2025-03-22T19:41:19.333-0600] {logging_mixin.py:190} INFO - [2025-03-22T19:41:19.331-0600] {dagbag.py:588} INFO - Filling up the DagBag from /home/saadh/.local/lib/python3.10/site-packages/airflow/example_dags/example_sla_dag.py
[2025-03-22T19:41:19.393-0600] {processor.py:925} INFO - DAG(s) 'example_sla_dag' retrieved from /home/saadh/.local/lib/python3.10/site-packages/airflow/example_dags/example_sla_dag.py
[2025-03-22T19:41:19.464-0600] {logging_mixin.py:190} INFO - [2025-03-22T19:41:19.463-0600] {dag.py:3239} INFO - Sync 1 DAGs
[2025-03-22T19:41:19.547-0600] {logging_mixin.py:190} INFO - [2025-03-22T19:41:19.547-0600] {dag.py:4180} INFO - Setting next_dagrun for example_sla_dag to 2025-03-23 01:38:00+00:00, run_after=2025-03-23 01:40:00+00:00
[2025-03-22T19:41:19.708-0600] {processor.py:208} INFO - Processing /home/saadh/.local/lib/python3.10/site-packages/airflow/example_dags/example_sla_dag.py took 0.432 seconds
