[2025-03-22T19:30:45.069-0600] {processor.py:186} INFO - Started process (PID=34081) to work on /home/saadh/.local/lib/python3.10/site-packages/airflow/example_dags/example_task_group_decorator.py
[2025-03-22T19:30:45.078-0600] {processor.py:914} INFO - Processing file /home/saadh/.local/lib/python3.10/site-packages/airflow/example_dags/example_task_group_decorator.py for tasks to queue
[2025-03-22T19:30:45.095-0600] {logging_mixin.py:190} INFO - [2025-03-22T19:30:45.092-0600] {dagbag.py:588} INFO - Filling up the DagBag from /home/saadh/.local/lib/python3.10/site-packages/airflow/example_dags/example_task_group_decorator.py
[2025-03-22T19:30:45.206-0600] {processor.py:925} INFO - DAG(s) 'example_task_group_decorator' retrieved from /home/saadh/.local/lib/python3.10/site-packages/airflow/example_dags/example_task_group_decorator.py
[2025-03-22T19:30:45.827-0600] {logging_mixin.py:190} INFO - [2025-03-22T19:30:45.826-0600] {override.py:1930} INFO - Created Permission View: can delete on DAG:example_task_group_decorator
[2025-03-22T19:30:45.921-0600] {logging_mixin.py:190} INFO - [2025-03-22T19:30:45.920-0600] {override.py:1930} INFO - Created Permission View: can read on DAG:example_task_group_decorator
[2025-03-22T19:30:46.014-0600] {logging_mixin.py:190} INFO - [2025-03-22T19:30:46.013-0600] {override.py:1930} INFO - Created Permission View: can edit on DAG:example_task_group_decorator
[2025-03-22T19:30:46.186-0600] {logging_mixin.py:190} INFO - [2025-03-22T19:30:46.185-0600] {override.py:1930} INFO - Created Permission View: can delete on DAG Run:example_task_group_decorator
[2025-03-22T19:30:46.345-0600] {logging_mixin.py:190} INFO - [2025-03-22T19:30:46.343-0600] {override.py:1930} INFO - Created Permission View: can create on DAG Run:example_task_group_decorator
[2025-03-22T19:30:46.497-0600] {logging_mixin.py:190} INFO - [2025-03-22T19:30:46.495-0600] {override.py:1930} INFO - Created Permission View: menu access on DAG Run:example_task_group_decorator
[2025-03-22T19:30:46.639-0600] {logging_mixin.py:190} INFO - [2025-03-22T19:30:46.638-0600] {override.py:1930} INFO - Created Permission View: can read on DAG Run:example_task_group_decorator
[2025-03-22T19:30:46.642-0600] {logging_mixin.py:190} INFO - [2025-03-22T19:30:46.642-0600] {dag.py:3239} INFO - Sync 1 DAGs
[2025-03-22T19:30:46.718-0600] {logging_mixin.py:190} INFO - [2025-03-22T19:30:46.717-0600] {dag.py:3262} INFO - Creating ORM DAG for example_task_group_decorator
[2025-03-22T19:30:46.721-0600] {logging_mixin.py:190} INFO - [2025-03-22T19:30:46.720-0600] {dag.py:4180} INFO - Setting next_dagrun for example_task_group_decorator to None, run_after=None
[2025-03-22T19:30:46.978-0600] {processor.py:208} INFO - Processing /home/saadh/.local/lib/python3.10/site-packages/airflow/example_dags/example_task_group_decorator.py took 1.963 seconds
[2025-03-22T19:38:29.643-0600] {processor.py:186} INFO - Started process (PID=34253) to work on /home/saadh/.local/lib/python3.10/site-packages/airflow/example_dags/example_task_group_decorator.py
[2025-03-22T19:38:29.646-0600] {processor.py:914} INFO - Processing file /home/saadh/.local/lib/python3.10/site-packages/airflow/example_dags/example_task_group_decorator.py for tasks to queue
[2025-03-22T19:38:29.652-0600] {logging_mixin.py:190} INFO - [2025-03-22T19:38:29.651-0600] {dagbag.py:588} INFO - Filling up the DagBag from /home/saadh/.local/lib/python3.10/site-packages/airflow/example_dags/example_task_group_decorator.py
[2025-03-22T19:38:29.861-0600] {processor.py:925} INFO - DAG(s) 'example_task_group_decorator' retrieved from /home/saadh/.local/lib/python3.10/site-packages/airflow/example_dags/example_task_group_decorator.py
[2025-03-22T19:38:29.941-0600] {logging_mixin.py:190} INFO - [2025-03-22T19:38:29.940-0600] {dag.py:3239} INFO - Sync 1 DAGs
[2025-03-22T19:38:29.974-0600] {logging_mixin.py:190} INFO - [2025-03-22T19:38:29.974-0600] {dag.py:4180} INFO - Setting next_dagrun for example_task_group_decorator to None, run_after=None
[2025-03-22T19:38:30.209-0600] {processor.py:208} INFO - Processing /home/saadh/.local/lib/python3.10/site-packages/airflow/example_dags/example_task_group_decorator.py took 0.580 seconds
[2025-03-22T19:40:30.035-0600] {processor.py:186} INFO - Started process (PID=34320) to work on /home/saadh/.local/lib/python3.10/site-packages/airflow/example_dags/example_task_group_decorator.py
[2025-03-22T19:40:30.038-0600] {processor.py:914} INFO - Processing file /home/saadh/.local/lib/python3.10/site-packages/airflow/example_dags/example_task_group_decorator.py for tasks to queue
[2025-03-22T19:40:30.043-0600] {logging_mixin.py:190} INFO - [2025-03-22T19:40:30.042-0600] {dagbag.py:588} INFO - Filling up the DagBag from /home/saadh/.local/lib/python3.10/site-packages/airflow/example_dags/example_task_group_decorator.py
[2025-03-22T19:40:30.080-0600] {processor.py:925} INFO - DAG(s) 'example_task_group_decorator' retrieved from /home/saadh/.local/lib/python3.10/site-packages/airflow/example_dags/example_task_group_decorator.py
[2025-03-22T19:40:30.162-0600] {logging_mixin.py:190} INFO - [2025-03-22T19:40:30.161-0600] {dag.py:3239} INFO - Sync 1 DAGs
[2025-03-22T19:40:30.200-0600] {logging_mixin.py:190} INFO - [2025-03-22T19:40:30.200-0600] {dag.py:4180} INFO - Setting next_dagrun for example_task_group_decorator to None, run_after=None
[2025-03-22T19:40:30.359-0600] {processor.py:208} INFO - Processing /home/saadh/.local/lib/python3.10/site-packages/airflow/example_dags/example_task_group_decorator.py took 0.338 seconds
