[2025-03-22T19:32:10.695-0600] {processor.py:186} INFO - Started process (PID=34108) to work on /home/saadh/.local/lib/python3.10/site-packages/airflow/example_dags/example_datasets.py
[2025-03-22T19:32:10.698-0600] {processor.py:914} INFO - Processing file /home/saadh/.local/lib/python3.10/site-packages/airflow/example_dags/example_datasets.py for tasks to queue
[2025-03-22T19:32:10.706-0600] {logging_mixin.py:190} INFO - [2025-03-22T19:32:10.705-0600] {dagbag.py:588} INFO - Filling up the DagBag from /home/saadh/.local/lib/python3.10/site-packages/airflow/example_dags/example_datasets.py
[2025-03-22T19:32:10.752-0600] {processor.py:925} INFO - DAG(s) 'dataset_consumes_1_and_2', 'conditional_dataset_and_time_based_timetable', 'dataset_consumes_1_never_scheduled', 'consume_1_or_both_2_and_3_with_dataset_expressions', 'dataset_consumes_1', 'dataset_produces_1', 'consume_1_and_2_with_dataset_expressions', 'dataset_consumes_unknown_never_scheduled', 'consume_1_or_2_with_dataset_expressions', 'dataset_produces_2' retrieved from /home/saadh/.local/lib/python3.10/site-packages/airflow/example_dags/example_datasets.py
[2025-03-22T19:32:11.181-0600] {logging_mixin.py:190} INFO - [2025-03-22T19:32:11.179-0600] {override.py:1930} INFO - Created Permission View: can delete on DAG:dataset_consumes_1_and_2
[2025-03-22T19:32:11.290-0600] {logging_mixin.py:190} INFO - [2025-03-22T19:32:11.289-0600] {override.py:1930} INFO - Created Permission View: can read on DAG:dataset_consumes_1_and_2
[2025-03-22T19:32:11.401-0600] {logging_mixin.py:190} INFO - [2025-03-22T19:32:11.400-0600] {override.py:1930} INFO - Created Permission View: can edit on DAG:dataset_consumes_1_and_2
[2025-03-22T19:32:11.565-0600] {logging_mixin.py:190} INFO - [2025-03-22T19:32:11.564-0600] {override.py:1930} INFO - Created Permission View: can delete on DAG Run:dataset_consumes_1_and_2
[2025-03-22T19:32:11.666-0600] {logging_mixin.py:190} INFO - [2025-03-22T19:32:11.665-0600] {override.py:1930} INFO - Created Permission View: can create on DAG Run:dataset_consumes_1_and_2
[2025-03-22T19:32:11.772-0600] {logging_mixin.py:190} INFO - [2025-03-22T19:32:11.771-0600] {override.py:1930} INFO - Created Permission View: menu access on DAG Run:dataset_consumes_1_and_2
[2025-03-22T19:32:11.855-0600] {logging_mixin.py:190} INFO - [2025-03-22T19:32:11.854-0600] {override.py:1930} INFO - Created Permission View: can read on DAG Run:dataset_consumes_1_and_2
[2025-03-22T19:32:12.002-0600] {logging_mixin.py:190} INFO - [2025-03-22T19:32:12.001-0600] {override.py:1930} INFO - Created Permission View: can delete on DAG:conditional_dataset_and_time_based_timetable
[2025-03-22T19:32:12.082-0600] {logging_mixin.py:190} INFO - [2025-03-22T19:32:12.081-0600] {override.py:1930} INFO - Created Permission View: can read on DAG:conditional_dataset_and_time_based_timetable
[2025-03-22T19:32:12.170-0600] {logging_mixin.py:190} INFO - [2025-03-22T19:32:12.169-0600] {override.py:1930} INFO - Created Permission View: can edit on DAG:conditional_dataset_and_time_based_timetable
[2025-03-22T19:32:12.302-0600] {logging_mixin.py:190} INFO - [2025-03-22T19:32:12.301-0600] {override.py:1930} INFO - Created Permission View: can delete on DAG Run:conditional_dataset_and_time_based_timetable
[2025-03-22T19:32:12.383-0600] {logging_mixin.py:190} INFO - [2025-03-22T19:32:12.382-0600] {override.py:1930} INFO - Created Permission View: can create on DAG Run:conditional_dataset_and_time_based_timetable
[2025-03-22T19:32:12.467-0600] {logging_mixin.py:190} INFO - [2025-03-22T19:32:12.466-0600] {override.py:1930} INFO - Created Permission View: menu access on DAG Run:conditional_dataset_and_time_based_timetable
[2025-03-22T19:32:12.551-0600] {logging_mixin.py:190} INFO - [2025-03-22T19:32:12.550-0600] {override.py:1930} INFO - Created Permission View: can read on DAG Run:conditional_dataset_and_time_based_timetable
[2025-03-22T19:32:12.706-0600] {logging_mixin.py:190} INFO - [2025-03-22T19:32:12.705-0600] {override.py:1930} INFO - Created Permission View: can delete on DAG:dataset_consumes_1_never_scheduled
[2025-03-22T19:32:12.793-0600] {logging_mixin.py:190} INFO - [2025-03-22T19:32:12.792-0600] {override.py:1930} INFO - Created Permission View: can read on DAG:dataset_consumes_1_never_scheduled
[2025-03-22T19:32:12.890-0600] {logging_mixin.py:190} INFO - [2025-03-22T19:32:12.889-0600] {override.py:1930} INFO - Created Permission View: can edit on DAG:dataset_consumes_1_never_scheduled
[2025-03-22T19:32:13.054-0600] {logging_mixin.py:190} INFO - [2025-03-22T19:32:13.053-0600] {override.py:1930} INFO - Created Permission View: can delete on DAG Run:dataset_consumes_1_never_scheduled
[2025-03-22T19:32:13.161-0600] {logging_mixin.py:190} INFO - [2025-03-22T19:32:13.160-0600] {override.py:1930} INFO - Created Permission View: can create on DAG Run:dataset_consumes_1_never_scheduled
[2025-03-22T19:32:13.254-0600] {logging_mixin.py:190} INFO - [2025-03-22T19:32:13.253-0600] {override.py:1930} INFO - Created Permission View: menu access on DAG Run:dataset_consumes_1_never_scheduled
[2025-03-22T19:32:13.327-0600] {logging_mixin.py:190} INFO - [2025-03-22T19:32:13.327-0600] {override.py:1930} INFO - Created Permission View: can read on DAG Run:dataset_consumes_1_never_scheduled
[2025-03-22T19:32:13.467-0600] {logging_mixin.py:190} INFO - [2025-03-22T19:32:13.466-0600] {override.py:1930} INFO - Created Permission View: can delete on DAG:consume_1_or_both_2_and_3_with_dataset_expressions
[2025-03-22T19:32:13.543-0600] {logging_mixin.py:190} INFO - [2025-03-22T19:32:13.542-0600] {override.py:1930} INFO - Created Permission View: can read on DAG:consume_1_or_both_2_and_3_with_dataset_expressions
[2025-03-22T19:32:13.625-0600] {logging_mixin.py:190} INFO - [2025-03-22T19:32:13.624-0600] {override.py:1930} INFO - Created Permission View: can edit on DAG:consume_1_or_both_2_and_3_with_dataset_expressions
[2025-03-22T19:32:13.751-0600] {logging_mixin.py:190} INFO - [2025-03-22T19:32:13.750-0600] {override.py:1930} INFO - Created Permission View: can delete on DAG Run:consume_1_or_both_2_and_3_with_dataset_expressions
[2025-03-22T19:32:13.835-0600] {logging_mixin.py:190} INFO - [2025-03-22T19:32:13.834-0600] {override.py:1930} INFO - Created Permission View: can create on DAG Run:consume_1_or_both_2_and_3_with_dataset_expressions
[2025-03-22T19:32:13.923-0600] {logging_mixin.py:190} INFO - [2025-03-22T19:32:13.922-0600] {override.py:1930} INFO - Created Permission View: menu access on DAG Run:consume_1_or_both_2_and_3_with_dataset_expressions
[2025-03-22T19:32:14.005-0600] {logging_mixin.py:190} INFO - [2025-03-22T19:32:14.004-0600] {override.py:1930} INFO - Created Permission View: can read on DAG Run:consume_1_or_both_2_and_3_with_dataset_expressions
[2025-03-22T19:32:14.159-0600] {logging_mixin.py:190} INFO - [2025-03-22T19:32:14.158-0600] {override.py:1930} INFO - Created Permission View: can delete on DAG:dataset_consumes_1
[2025-03-22T19:32:14.244-0600] {logging_mixin.py:190} INFO - [2025-03-22T19:32:14.243-0600] {override.py:1930} INFO - Created Permission View: can read on DAG:dataset_consumes_1
[2025-03-22T19:32:14.338-0600] {logging_mixin.py:190} INFO - [2025-03-22T19:32:14.336-0600] {override.py:1930} INFO - Created Permission View: can edit on DAG:dataset_consumes_1
[2025-03-22T19:32:14.481-0600] {logging_mixin.py:190} INFO - [2025-03-22T19:32:14.480-0600] {override.py:1930} INFO - Created Permission View: can delete on DAG Run:dataset_consumes_1
[2025-03-22T19:32:14.562-0600] {logging_mixin.py:190} INFO - [2025-03-22T19:32:14.561-0600] {override.py:1930} INFO - Created Permission View: can create on DAG Run:dataset_consumes_1
[2025-03-22T19:32:14.644-0600] {logging_mixin.py:190} INFO - [2025-03-22T19:32:14.643-0600] {override.py:1930} INFO - Created Permission View: menu access on DAG Run:dataset_consumes_1
[2025-03-22T19:32:14.719-0600] {logging_mixin.py:190} INFO - [2025-03-22T19:32:14.718-0600] {override.py:1930} INFO - Created Permission View: can read on DAG Run:dataset_consumes_1
[2025-03-22T19:32:14.955-0600] {logging_mixin.py:190} INFO - [2025-03-22T19:32:14.952-0600] {override.py:1930} INFO - Created Permission View: can delete on DAG:dataset_produces_1
[2025-03-22T19:32:15.132-0600] {logging_mixin.py:190} INFO - [2025-03-22T19:32:15.132-0600] {override.py:1930} INFO - Created Permission View: can read on DAG:dataset_produces_1
[2025-03-22T19:32:15.207-0600] {logging_mixin.py:190} INFO - [2025-03-22T19:32:15.206-0600] {override.py:1930} INFO - Created Permission View: can edit on DAG:dataset_produces_1
[2025-03-22T19:32:15.328-0600] {logging_mixin.py:190} INFO - [2025-03-22T19:32:15.327-0600] {override.py:1930} INFO - Created Permission View: can delete on DAG Run:dataset_produces_1
[2025-03-22T19:32:15.452-0600] {logging_mixin.py:190} INFO - [2025-03-22T19:32:15.451-0600] {override.py:1930} INFO - Created Permission View: can create on DAG Run:dataset_produces_1
[2025-03-22T19:32:15.630-0600] {logging_mixin.py:190} INFO - [2025-03-22T19:32:15.628-0600] {override.py:1930} INFO - Created Permission View: menu access on DAG Run:dataset_produces_1
[2025-03-22T19:32:15.806-0600] {logging_mixin.py:190} INFO - [2025-03-22T19:32:15.804-0600] {override.py:1930} INFO - Created Permission View: can read on DAG Run:dataset_produces_1
[2025-03-22T19:32:16.100-0600] {logging_mixin.py:190} INFO - [2025-03-22T19:32:16.099-0600] {override.py:1930} INFO - Created Permission View: can delete on DAG:consume_1_and_2_with_dataset_expressions
[2025-03-22T19:32:16.250-0600] {logging_mixin.py:190} INFO - [2025-03-22T19:32:16.248-0600] {override.py:1930} INFO - Created Permission View: can read on DAG:consume_1_and_2_with_dataset_expressions
[2025-03-22T19:32:16.429-0600] {logging_mixin.py:190} INFO - [2025-03-22T19:32:16.427-0600] {override.py:1930} INFO - Created Permission View: can edit on DAG:consume_1_and_2_with_dataset_expressions
[2025-03-22T19:32:16.663-0600] {logging_mixin.py:190} INFO - [2025-03-22T19:32:16.661-0600] {override.py:1930} INFO - Created Permission View: can delete on DAG Run:consume_1_and_2_with_dataset_expressions
[2025-03-22T19:32:16.796-0600] {logging_mixin.py:190} INFO - [2025-03-22T19:32:16.794-0600] {override.py:1930} INFO - Created Permission View: can create on DAG Run:consume_1_and_2_with_dataset_expressions
[2025-03-22T19:32:16.969-0600] {logging_mixin.py:190} INFO - [2025-03-22T19:32:16.967-0600] {override.py:1930} INFO - Created Permission View: menu access on DAG Run:consume_1_and_2_with_dataset_expressions
[2025-03-22T19:32:17.139-0600] {logging_mixin.py:190} INFO - [2025-03-22T19:32:17.138-0600] {override.py:1930} INFO - Created Permission View: can read on DAG Run:consume_1_and_2_with_dataset_expressions
[2025-03-22T19:32:17.428-0600] {logging_mixin.py:190} INFO - [2025-03-22T19:32:17.427-0600] {override.py:1930} INFO - Created Permission View: can delete on DAG:dataset_consumes_unknown_never_scheduled
[2025-03-22T19:32:17.538-0600] {logging_mixin.py:190} INFO - [2025-03-22T19:32:17.537-0600] {override.py:1930} INFO - Created Permission View: can read on DAG:dataset_consumes_unknown_never_scheduled
[2025-03-22T19:32:17.631-0600] {logging_mixin.py:190} INFO - [2025-03-22T19:32:17.630-0600] {override.py:1930} INFO - Created Permission View: can edit on DAG:dataset_consumes_unknown_never_scheduled
[2025-03-22T19:32:17.746-0600] {logging_mixin.py:190} INFO - [2025-03-22T19:32:17.745-0600] {override.py:1930} INFO - Created Permission View: can delete on DAG Run:dataset_consumes_unknown_never_scheduled
[2025-03-22T19:32:17.825-0600] {logging_mixin.py:190} INFO - [2025-03-22T19:32:17.824-0600] {override.py:1930} INFO - Created Permission View: can create on DAG Run:dataset_consumes_unknown_never_scheduled
[2025-03-22T19:32:17.927-0600] {logging_mixin.py:190} INFO - [2025-03-22T19:32:17.925-0600] {override.py:1930} INFO - Created Permission View: menu access on DAG Run:dataset_consumes_unknown_never_scheduled
[2025-03-22T19:32:18.038-0600] {logging_mixin.py:190} INFO - [2025-03-22T19:32:18.037-0600] {override.py:1930} INFO - Created Permission View: can read on DAG Run:dataset_consumes_unknown_never_scheduled
[2025-03-22T19:32:18.246-0600] {logging_mixin.py:190} INFO - [2025-03-22T19:32:18.245-0600] {override.py:1930} INFO - Created Permission View: can delete on DAG:consume_1_or_2_with_dataset_expressions
[2025-03-22T19:32:18.336-0600] {logging_mixin.py:190} INFO - [2025-03-22T19:32:18.335-0600] {override.py:1930} INFO - Created Permission View: can read on DAG:consume_1_or_2_with_dataset_expressions
[2025-03-22T19:32:18.426-0600] {logging_mixin.py:190} INFO - [2025-03-22T19:32:18.425-0600] {override.py:1930} INFO - Created Permission View: can edit on DAG:consume_1_or_2_with_dataset_expressions
[2025-03-22T19:32:18.710-0600] {logging_mixin.py:190} INFO - [2025-03-22T19:32:18.709-0600] {override.py:1930} INFO - Created Permission View: can delete on DAG Run:consume_1_or_2_with_dataset_expressions
[2025-03-22T19:32:18.783-0600] {logging_mixin.py:190} INFO - [2025-03-22T19:32:18.783-0600] {override.py:1930} INFO - Created Permission View: can create on DAG Run:consume_1_or_2_with_dataset_expressions
[2025-03-22T19:32:18.900-0600] {logging_mixin.py:190} INFO - [2025-03-22T19:32:18.898-0600] {override.py:1930} INFO - Created Permission View: menu access on DAG Run:consume_1_or_2_with_dataset_expressions
[2025-03-22T19:32:19.063-0600] {logging_mixin.py:190} INFO - [2025-03-22T19:32:19.062-0600] {override.py:1930} INFO - Created Permission View: can read on DAG Run:consume_1_or_2_with_dataset_expressions
[2025-03-22T19:32:19.365-0600] {logging_mixin.py:190} INFO - [2025-03-22T19:32:19.364-0600] {override.py:1930} INFO - Created Permission View: can delete on DAG:dataset_produces_2
[2025-03-22T19:32:19.451-0600] {logging_mixin.py:190} INFO - [2025-03-22T19:32:19.451-0600] {override.py:1930} INFO - Created Permission View: can read on DAG:dataset_produces_2
[2025-03-22T19:32:19.557-0600] {logging_mixin.py:190} INFO - [2025-03-22T19:32:19.555-0600] {override.py:1930} INFO - Created Permission View: can edit on DAG:dataset_produces_2
[2025-03-22T19:32:19.816-0600] {logging_mixin.py:190} INFO - [2025-03-22T19:32:19.814-0600] {override.py:1930} INFO - Created Permission View: can delete on DAG Run:dataset_produces_2
[2025-03-22T19:32:19.995-0600] {logging_mixin.py:190} INFO - [2025-03-22T19:32:19.993-0600] {override.py:1930} INFO - Created Permission View: can create on DAG Run:dataset_produces_2
[2025-03-22T19:32:20.177-0600] {logging_mixin.py:190} INFO - [2025-03-22T19:32:20.176-0600] {override.py:1930} INFO - Created Permission View: menu access on DAG Run:dataset_produces_2
[2025-03-22T19:32:20.276-0600] {logging_mixin.py:190} INFO - [2025-03-22T19:32:20.275-0600] {override.py:1930} INFO - Created Permission View: can read on DAG Run:dataset_produces_2
[2025-03-22T19:32:20.277-0600] {logging_mixin.py:190} INFO - [2025-03-22T19:32:20.277-0600] {dag.py:3239} INFO - Sync 10 DAGs
[2025-03-22T19:32:20.317-0600] {logging_mixin.py:190} INFO - [2025-03-22T19:32:20.316-0600] {dag.py:3262} INFO - Creating ORM DAG for conditional_dataset_and_time_based_timetable
[2025-03-22T19:32:20.318-0600] {logging_mixin.py:190} INFO - [2025-03-22T19:32:20.318-0600] {dag.py:3262} INFO - Creating ORM DAG for consume_1_or_2_with_dataset_expressions
[2025-03-22T19:32:20.320-0600] {logging_mixin.py:190} INFO - [2025-03-22T19:32:20.319-0600] {dag.py:3262} INFO - Creating ORM DAG for dataset_produces_2
[2025-03-22T19:32:20.321-0600] {logging_mixin.py:190} INFO - [2025-03-22T19:32:20.321-0600] {dag.py:3262} INFO - Creating ORM DAG for consume_1_or_both_2_and_3_with_dataset_expressions
[2025-03-22T19:32:20.322-0600] {logging_mixin.py:190} INFO - [2025-03-22T19:32:20.322-0600] {dag.py:3262} INFO - Creating ORM DAG for dataset_consumes_1_and_2
[2025-03-22T19:32:20.324-0600] {logging_mixin.py:190} INFO - [2025-03-22T19:32:20.323-0600] {dag.py:3262} INFO - Creating ORM DAG for dataset_consumes_1_never_scheduled
[2025-03-22T19:32:20.325-0600] {logging_mixin.py:190} INFO - [2025-03-22T19:32:20.325-0600] {dag.py:3262} INFO - Creating ORM DAG for dataset_consumes_unknown_never_scheduled
[2025-03-22T19:32:20.326-0600] {logging_mixin.py:190} INFO - [2025-03-22T19:32:20.326-0600] {dag.py:3262} INFO - Creating ORM DAG for dataset_produces_1
[2025-03-22T19:32:20.328-0600] {logging_mixin.py:190} INFO - [2025-03-22T19:32:20.328-0600] {dag.py:3262} INFO - Creating ORM DAG for dataset_consumes_1
[2025-03-22T19:32:20.330-0600] {logging_mixin.py:190} INFO - [2025-03-22T19:32:20.329-0600] {dag.py:3262} INFO - Creating ORM DAG for consume_1_and_2_with_dataset_expressions
[2025-03-22T19:32:20.360-0600] {logging_mixin.py:190} INFO - [2025-03-22T19:32:20.360-0600] {dag.py:4180} INFO - Setting next_dagrun for conditional_dataset_and_time_based_timetable to 2025-03-19 01:00:00+00:00, run_after=2025-03-19 01:00:00+00:00
[2025-03-22T19:32:20.363-0600] {logging_mixin.py:190} INFO - [2025-03-22T19:32:20.363-0600] {dag.py:4180} INFO - Setting next_dagrun for consume_1_and_2_with_dataset_expressions to None, run_after=None
[2025-03-22T19:32:20.365-0600] {logging_mixin.py:190} INFO - [2025-03-22T19:32:20.365-0600] {dag.py:4180} INFO - Setting next_dagrun for consume_1_or_2_with_dataset_expressions to None, run_after=None
[2025-03-22T19:32:20.367-0600] {logging_mixin.py:190} INFO - [2025-03-22T19:32:20.366-0600] {dag.py:4180} INFO - Setting next_dagrun for consume_1_or_both_2_and_3_with_dataset_expressions to None, run_after=None
[2025-03-22T19:32:20.368-0600] {logging_mixin.py:190} INFO - [2025-03-22T19:32:20.368-0600] {dag.py:4180} INFO - Setting next_dagrun for dataset_consumes_1 to None, run_after=None
[2025-03-22T19:32:20.370-0600] {logging_mixin.py:190} INFO - [2025-03-22T19:32:20.369-0600] {dag.py:4180} INFO - Setting next_dagrun for dataset_consumes_1_and_2 to None, run_after=None
[2025-03-22T19:32:20.372-0600] {logging_mixin.py:190} INFO - [2025-03-22T19:32:20.371-0600] {dag.py:4180} INFO - Setting next_dagrun for dataset_consumes_1_never_scheduled to None, run_after=None
[2025-03-22T19:32:20.374-0600] {logging_mixin.py:190} INFO - [2025-03-22T19:32:20.373-0600] {dag.py:4180} INFO - Setting next_dagrun for dataset_consumes_unknown_never_scheduled to None, run_after=None
[2025-03-22T19:32:20.380-0600] {logging_mixin.py:190} INFO - [2025-03-22T19:32:20.379-0600] {dag.py:4180} INFO - Setting next_dagrun for dataset_produces_1 to 2025-03-22 00:00:00+00:00, run_after=2025-03-23 00:00:00+00:00
[2025-03-22T19:32:20.382-0600] {logging_mixin.py:190} INFO - [2025-03-22T19:32:20.381-0600] {dag.py:4180} INFO - Setting next_dagrun for dataset_produces_2 to None, run_after=None
[2025-03-22T19:32:20.689-0600] {processor.py:208} INFO - Processing /home/saadh/.local/lib/python3.10/site-packages/airflow/example_dags/example_datasets.py took 10.010 seconds
[2025-03-22T19:39:16.041-0600] {processor.py:186} INFO - Started process (PID=34276) to work on /home/saadh/.local/lib/python3.10/site-packages/airflow/example_dags/example_datasets.py
[2025-03-22T19:39:16.046-0600] {processor.py:914} INFO - Processing file /home/saadh/.local/lib/python3.10/site-packages/airflow/example_dags/example_datasets.py for tasks to queue
[2025-03-22T19:39:16.056-0600] {logging_mixin.py:190} INFO - [2025-03-22T19:39:16.054-0600] {dagbag.py:588} INFO - Filling up the DagBag from /home/saadh/.local/lib/python3.10/site-packages/airflow/example_dags/example_datasets.py
[2025-03-22T19:39:16.124-0600] {processor.py:925} INFO - DAG(s) 'dataset_produces_2', 'dataset_produces_1', 'dataset_consumes_1_and_2', 'dataset_consumes_1', 'conditional_dataset_and_time_based_timetable', 'consume_1_or_2_with_dataset_expressions', 'dataset_consumes_unknown_never_scheduled', 'dataset_consumes_1_never_scheduled', 'consume_1_or_both_2_and_3_with_dataset_expressions', 'consume_1_and_2_with_dataset_expressions' retrieved from /home/saadh/.local/lib/python3.10/site-packages/airflow/example_dags/example_datasets.py
[2025-03-22T19:39:16.475-0600] {logging_mixin.py:190} INFO - [2025-03-22T19:39:16.474-0600] {dag.py:3239} INFO - Sync 10 DAGs
[2025-03-22T19:39:16.618-0600] {logging_mixin.py:190} INFO - [2025-03-22T19:39:16.617-0600] {dag.py:4180} INFO - Setting next_dagrun for conditional_dataset_and_time_based_timetable to 2025-03-19 01:00:00+00:00, run_after=2025-03-19 01:00:00+00:00
[2025-03-22T19:39:16.640-0600] {logging_mixin.py:190} INFO - [2025-03-22T19:39:16.640-0600] {dag.py:4180} INFO - Setting next_dagrun for consume_1_and_2_with_dataset_expressions to None, run_after=None
[2025-03-22T19:39:16.652-0600] {logging_mixin.py:190} INFO - [2025-03-22T19:39:16.651-0600] {dag.py:4180} INFO - Setting next_dagrun for consume_1_or_2_with_dataset_expressions to None, run_after=None
[2025-03-22T19:39:16.664-0600] {logging_mixin.py:190} INFO - [2025-03-22T19:39:16.663-0600] {dag.py:4180} INFO - Setting next_dagrun for consume_1_or_both_2_and_3_with_dataset_expressions to None, run_after=None
[2025-03-22T19:39:16.675-0600] {logging_mixin.py:190} INFO - [2025-03-22T19:39:16.674-0600] {dag.py:4180} INFO - Setting next_dagrun for dataset_consumes_1 to None, run_after=None
[2025-03-22T19:39:16.686-0600] {logging_mixin.py:190} INFO - [2025-03-22T19:39:16.685-0600] {dag.py:4180} INFO - Setting next_dagrun for dataset_consumes_1_and_2 to None, run_after=None
[2025-03-22T19:39:16.697-0600] {logging_mixin.py:190} INFO - [2025-03-22T19:39:16.697-0600] {dag.py:4180} INFO - Setting next_dagrun for dataset_consumes_1_never_scheduled to None, run_after=None
[2025-03-22T19:39:16.710-0600] {logging_mixin.py:190} INFO - [2025-03-22T19:39:16.709-0600] {dag.py:4180} INFO - Setting next_dagrun for dataset_consumes_unknown_never_scheduled to None, run_after=None
[2025-03-22T19:39:16.727-0600] {logging_mixin.py:190} INFO - [2025-03-22T19:39:16.727-0600] {dag.py:4180} INFO - Setting next_dagrun for dataset_produces_1 to 2025-03-22 00:00:00+00:00, run_after=2025-03-23 00:00:00+00:00
[2025-03-22T19:39:16.739-0600] {logging_mixin.py:190} INFO - [2025-03-22T19:39:16.738-0600] {dag.py:4180} INFO - Setting next_dagrun for dataset_produces_2 to None, run_after=None
[2025-03-22T19:39:17.098-0600] {processor.py:208} INFO - Processing /home/saadh/.local/lib/python3.10/site-packages/airflow/example_dags/example_datasets.py took 1.082 seconds
[2025-03-22T19:41:16.644-0600] {processor.py:186} INFO - Started process (PID=34347) to work on /home/saadh/.local/lib/python3.10/site-packages/airflow/example_dags/example_datasets.py
[2025-03-22T19:41:16.650-0600] {processor.py:914} INFO - Processing file /home/saadh/.local/lib/python3.10/site-packages/airflow/example_dags/example_datasets.py for tasks to queue
[2025-03-22T19:41:16.662-0600] {logging_mixin.py:190} INFO - [2025-03-22T19:41:16.660-0600] {dagbag.py:588} INFO - Filling up the DagBag from /home/saadh/.local/lib/python3.10/site-packages/airflow/example_dags/example_datasets.py
[2025-03-22T19:41:16.743-0600] {processor.py:925} INFO - DAG(s) 'dataset_produces_2', 'consume_1_or_2_with_dataset_expressions', 'conditional_dataset_and_time_based_timetable', 'dataset_consumes_1', 'consume_1_or_both_2_and_3_with_dataset_expressions', 'dataset_consumes_unknown_never_scheduled', 'dataset_consumes_1_never_scheduled', 'dataset_consumes_1_and_2', 'consume_1_and_2_with_dataset_expressions', 'dataset_produces_1' retrieved from /home/saadh/.local/lib/python3.10/site-packages/airflow/example_dags/example_datasets.py
[2025-03-22T19:41:17.062-0600] {logging_mixin.py:190} INFO - [2025-03-22T19:41:17.061-0600] {dag.py:3239} INFO - Sync 10 DAGs
[2025-03-22T19:41:17.198-0600] {logging_mixin.py:190} INFO - [2025-03-22T19:41:17.198-0600] {dag.py:4180} INFO - Setting next_dagrun for conditional_dataset_and_time_based_timetable to 2025-03-19 01:00:00+00:00, run_after=2025-03-19 01:00:00+00:00
[2025-03-22T19:41:17.220-0600] {logging_mixin.py:190} INFO - [2025-03-22T19:41:17.219-0600] {dag.py:4180} INFO - Setting next_dagrun for consume_1_and_2_with_dataset_expressions to None, run_after=None
[2025-03-22T19:41:17.231-0600] {logging_mixin.py:190} INFO - [2025-03-22T19:41:17.231-0600] {dag.py:4180} INFO - Setting next_dagrun for consume_1_or_2_with_dataset_expressions to None, run_after=None
[2025-03-22T19:41:17.243-0600] {logging_mixin.py:190} INFO - [2025-03-22T19:41:17.242-0600] {dag.py:4180} INFO - Setting next_dagrun for consume_1_or_both_2_and_3_with_dataset_expressions to None, run_after=None
[2025-03-22T19:41:17.255-0600] {logging_mixin.py:190} INFO - [2025-03-22T19:41:17.254-0600] {dag.py:4180} INFO - Setting next_dagrun for dataset_consumes_1 to None, run_after=None
[2025-03-22T19:41:17.267-0600] {logging_mixin.py:190} INFO - [2025-03-22T19:41:17.266-0600] {dag.py:4180} INFO - Setting next_dagrun for dataset_consumes_1_and_2 to None, run_after=None
[2025-03-22T19:41:17.282-0600] {logging_mixin.py:190} INFO - [2025-03-22T19:41:17.281-0600] {dag.py:4180} INFO - Setting next_dagrun for dataset_consumes_1_never_scheduled to None, run_after=None
[2025-03-22T19:41:17.295-0600] {logging_mixin.py:190} INFO - [2025-03-22T19:41:17.294-0600] {dag.py:4180} INFO - Setting next_dagrun for dataset_consumes_unknown_never_scheduled to None, run_after=None
[2025-03-22T19:41:17.313-0600] {logging_mixin.py:190} INFO - [2025-03-22T19:41:17.312-0600] {dag.py:4180} INFO - Setting next_dagrun for dataset_produces_1 to 2025-03-22 00:00:00+00:00, run_after=2025-03-23 00:00:00+00:00
[2025-03-22T19:41:17.325-0600] {logging_mixin.py:190} INFO - [2025-03-22T19:41:17.324-0600] {dag.py:4180} INFO - Setting next_dagrun for dataset_produces_2 to None, run_after=None
[2025-03-22T19:41:17.685-0600] {processor.py:208} INFO - Processing /home/saadh/.local/lib/python3.10/site-packages/airflow/example_dags/example_datasets.py took 1.076 seconds
