[2025-03-22T19:32:53.112-0600] {processor.py:186} INFO - Started process (PID=34122) to work on /home/saadh/.local/lib/python3.10/site-packages/airflow/example_dags/example_task_group.py
[2025-03-22T19:32:53.117-0600] {processor.py:914} INFO - Processing file /home/saadh/.local/lib/python3.10/site-packages/airflow/example_dags/example_task_group.py for tasks to queue
[2025-03-22T19:32:53.126-0600] {logging_mixin.py:190} INFO - [2025-03-22T19:32:53.125-0600] {dagbag.py:588} INFO - Filling up the DagBag from /home/saadh/.local/lib/python3.10/site-packages/airflow/example_dags/example_task_group.py
[2025-03-22T19:32:53.169-0600] {processor.py:925} INFO - DAG(s) 'example_task_group' retrieved from /home/saadh/.local/lib/python3.10/site-packages/airflow/example_dags/example_task_group.py
[2025-03-22T19:32:53.770-0600] {logging_mixin.py:190} INFO - [2025-03-22T19:32:53.766-0600] {override.py:1930} INFO - Created Permission View: can delete on DAG:example_task_group
[2025-03-22T19:32:53.999-0600] {logging_mixin.py:190} INFO - [2025-03-22T19:32:53.997-0600] {override.py:1930} INFO - Created Permission View: can read on DAG:example_task_group
[2025-03-22T19:32:54.194-0600] {logging_mixin.py:190} INFO - [2025-03-22T19:32:54.193-0600] {override.py:1930} INFO - Created Permission View: can edit on DAG:example_task_group
[2025-03-22T19:32:54.322-0600] {logging_mixin.py:190} INFO - [2025-03-22T19:32:54.321-0600] {override.py:1930} INFO - Created Permission View: can delete on DAG Run:example_task_group
[2025-03-22T19:32:54.422-0600] {logging_mixin.py:190} INFO - [2025-03-22T19:32:54.421-0600] {override.py:1930} INFO - Created Permission View: can create on DAG Run:example_task_group
[2025-03-22T19:32:54.596-0600] {logging_mixin.py:190} INFO - [2025-03-22T19:32:54.594-0600] {override.py:1930} INFO - Created Permission View: menu access on DAG Run:example_task_group
[2025-03-22T19:32:54.723-0600] {logging_mixin.py:190} INFO - [2025-03-22T19:32:54.722-0600] {override.py:1930} INFO - Created Permission View: can read on DAG Run:example_task_group
[2025-03-22T19:32:54.725-0600] {logging_mixin.py:190} INFO - [2025-03-22T19:32:54.724-0600] {dag.py:3239} INFO - Sync 1 DAGs
[2025-03-22T19:32:54.770-0600] {logging_mixin.py:190} INFO - [2025-03-22T19:32:54.770-0600] {dag.py:3262} INFO - Creating ORM DAG for example_task_group
[2025-03-22T19:32:54.773-0600] {logging_mixin.py:190} INFO - [2025-03-22T19:32:54.773-0600] {dag.py:4180} INFO - Setting next_dagrun for example_task_group to None, run_after=None
[2025-03-22T19:32:54.912-0600] {processor.py:208} INFO - Processing /home/saadh/.local/lib/python3.10/site-packages/airflow/example_dags/example_task_group.py took 1.826 seconds
[2025-03-22T19:39:38.200-0600] {processor.py:186} INFO - Started process (PID=34286) to work on /home/saadh/.local/lib/python3.10/site-packages/airflow/example_dags/example_task_group.py
[2025-03-22T19:39:38.204-0600] {processor.py:914} INFO - Processing file /home/saadh/.local/lib/python3.10/site-packages/airflow/example_dags/example_task_group.py for tasks to queue
[2025-03-22T19:39:38.214-0600] {logging_mixin.py:190} INFO - [2025-03-22T19:39:38.213-0600] {dagbag.py:588} INFO - Filling up the DagBag from /home/saadh/.local/lib/python3.10/site-packages/airflow/example_dags/example_task_group.py
[2025-03-22T19:39:38.244-0600] {processor.py:925} INFO - DAG(s) 'example_task_group' retrieved from /home/saadh/.local/lib/python3.10/site-packages/airflow/example_dags/example_task_group.py
[2025-03-22T19:39:38.308-0600] {logging_mixin.py:190} INFO - [2025-03-22T19:39:38.308-0600] {dag.py:3239} INFO - Sync 1 DAGs
[2025-03-22T19:39:38.350-0600] {logging_mixin.py:190} INFO - [2025-03-22T19:39:38.349-0600] {dag.py:4180} INFO - Setting next_dagrun for example_task_group to None, run_after=None
[2025-03-22T19:39:38.488-0600] {processor.py:208} INFO - Processing /home/saadh/.local/lib/python3.10/site-packages/airflow/example_dags/example_task_group.py took 0.312 seconds
