[2025-03-22T19:32:40.739-0600] {processor.py:186} INFO - Started process (PID=34118) to work on /home/saadh/.local/lib/python3.10/site-packages/airflow/example_dags/example_skip_dag.py
[2025-03-22T19:32:40.744-0600] {processor.py:914} INFO - Processing file /home/saadh/.local/lib/python3.10/site-packages/airflow/example_dags/example_skip_dag.py for tasks to queue
[2025-03-22T19:32:40.753-0600] {logging_mixin.py:190} INFO - [2025-03-22T19:32:40.752-0600] {dagbag.py:588} INFO - Filling up the DagBag from /home/saadh/.local/lib/python3.10/site-packages/airflow/example_dags/example_skip_dag.py
[2025-03-22T19:32:40.791-0600] {processor.py:925} INFO - DAG(s) 'example_skip_dag' retrieved from /home/saadh/.local/lib/python3.10/site-packages/airflow/example_dags/example_skip_dag.py
[2025-03-22T19:32:41.287-0600] {logging_mixin.py:190} INFO - [2025-03-22T19:32:41.286-0600] {override.py:1930} INFO - Created Permission View: can delete on DAG:example_skip_dag
[2025-03-22T19:32:41.403-0600] {logging_mixin.py:190} INFO - [2025-03-22T19:32:41.402-0600] {override.py:1930} INFO - Created Permission View: can read on DAG:example_skip_dag
[2025-03-22T19:32:41.514-0600] {logging_mixin.py:190} INFO - [2025-03-22T19:32:41.514-0600] {override.py:1930} INFO - Created Permission View: can edit on DAG:example_skip_dag
[2025-03-22T19:32:41.681-0600] {logging_mixin.py:190} INFO - [2025-03-22T19:32:41.680-0600] {override.py:1930} INFO - Created Permission View: can delete on DAG Run:example_skip_dag
[2025-03-22T19:32:41.786-0600] {logging_mixin.py:190} INFO - [2025-03-22T19:32:41.785-0600] {override.py:1930} INFO - Created Permission View: can create on DAG Run:example_skip_dag
[2025-03-22T19:32:41.895-0600] {logging_mixin.py:190} INFO - [2025-03-22T19:32:41.894-0600] {override.py:1930} INFO - Created Permission View: menu access on DAG Run:example_skip_dag
[2025-03-22T19:32:41.994-0600] {logging_mixin.py:190} INFO - [2025-03-22T19:32:41.994-0600] {override.py:1930} INFO - Created Permission View: can read on DAG Run:example_skip_dag
[2025-03-22T19:32:41.996-0600] {logging_mixin.py:190} INFO - [2025-03-22T19:32:41.995-0600] {dag.py:3239} INFO - Sync 1 DAGs
[2025-03-22T19:32:42.046-0600] {logging_mixin.py:190} INFO - [2025-03-22T19:32:42.045-0600] {dag.py:3262} INFO - Creating ORM DAG for example_skip_dag
[2025-03-22T19:32:42.072-0600] {logging_mixin.py:190} INFO - [2025-03-22T19:32:42.071-0600] {dag.py:4180} INFO - Setting next_dagrun for example_skip_dag to 2025-03-22 00:00:00+00:00, run_after=2025-03-23 00:00:00+00:00
[2025-03-22T19:32:42.265-0600] {processor.py:208} INFO - Processing /home/saadh/.local/lib/python3.10/site-packages/airflow/example_dags/example_skip_dag.py took 1.553 seconds
[2025-03-22T19:39:30.406-0600] {processor.py:186} INFO - Started process (PID=34282) to work on /home/saadh/.local/lib/python3.10/site-packages/airflow/example_dags/example_skip_dag.py
[2025-03-22T19:39:30.411-0600] {processor.py:914} INFO - Processing file /home/saadh/.local/lib/python3.10/site-packages/airflow/example_dags/example_skip_dag.py for tasks to queue
[2025-03-22T19:39:30.420-0600] {logging_mixin.py:190} INFO - [2025-03-22T19:39:30.418-0600] {dagbag.py:588} INFO - Filling up the DagBag from /home/saadh/.local/lib/python3.10/site-packages/airflow/example_dags/example_skip_dag.py
[2025-03-22T19:39:30.456-0600] {processor.py:925} INFO - DAG(s) 'example_skip_dag' retrieved from /home/saadh/.local/lib/python3.10/site-packages/airflow/example_dags/example_skip_dag.py
[2025-03-22T19:39:30.587-0600] {logging_mixin.py:190} INFO - [2025-03-22T19:39:30.586-0600] {dag.py:3239} INFO - Sync 1 DAGs
[2025-03-22T19:39:30.704-0600] {logging_mixin.py:190} INFO - [2025-03-22T19:39:30.704-0600] {dag.py:4180} INFO - Setting next_dagrun for example_skip_dag to 2025-03-22 00:00:00+00:00, run_after=2025-03-23 00:00:00+00:00
[2025-03-22T19:39:30.963-0600] {processor.py:208} INFO - Processing /home/saadh/.local/lib/python3.10/site-packages/airflow/example_dags/example_skip_dag.py took 0.582 seconds
