[2025-03-22T19:31:37.415-0600] {processor.py:186} INFO - Started process (PID=34098) to work on /home/saadh/.local/lib/python3.10/site-packages/airflow/example_dags/example_short_circuit_decorator.py
[2025-03-22T19:31:37.420-0600] {processor.py:914} INFO - Processing file /home/saadh/.local/lib/python3.10/site-packages/airflow/example_dags/example_short_circuit_decorator.py for tasks to queue
[2025-03-22T19:31:37.429-0600] {logging_mixin.py:190} INFO - [2025-03-22T19:31:37.428-0600] {dagbag.py:588} INFO - Filling up the DagBag from /home/saadh/.local/lib/python3.10/site-packages/airflow/example_dags/example_short_circuit_decorator.py
[2025-03-22T19:31:37.475-0600] {processor.py:925} INFO - DAG(s) 'example_short_circuit_decorator' retrieved from /home/saadh/.local/lib/python3.10/site-packages/airflow/example_dags/example_short_circuit_decorator.py
[2025-03-22T19:31:38.089-0600] {logging_mixin.py:190} INFO - [2025-03-22T19:31:38.086-0600] {override.py:1930} INFO - Created Permission View: can delete on DAG:example_short_circuit_decorator
[2025-03-22T19:31:38.199-0600] {logging_mixin.py:190} INFO - [2025-03-22T19:31:38.198-0600] {override.py:1930} INFO - Created Permission View: can read on DAG:example_short_circuit_decorator
[2025-03-22T19:31:38.275-0600] {logging_mixin.py:190} INFO - [2025-03-22T19:31:38.274-0600] {override.py:1930} INFO - Created Permission View: can edit on DAG:example_short_circuit_decorator
[2025-03-22T19:31:38.396-0600] {logging_mixin.py:190} INFO - [2025-03-22T19:31:38.395-0600] {override.py:1930} INFO - Created Permission View: can delete on DAG Run:example_short_circuit_decorator
[2025-03-22T19:31:38.477-0600] {logging_mixin.py:190} INFO - [2025-03-22T19:31:38.476-0600] {override.py:1930} INFO - Created Permission View: can create on DAG Run:example_short_circuit_decorator
[2025-03-22T19:31:38.562-0600] {logging_mixin.py:190} INFO - [2025-03-22T19:31:38.561-0600] {override.py:1930} INFO - Created Permission View: menu access on DAG Run:example_short_circuit_decorator
[2025-03-22T19:31:38.642-0600] {logging_mixin.py:190} INFO - [2025-03-22T19:31:38.641-0600] {override.py:1930} INFO - Created Permission View: can read on DAG Run:example_short_circuit_decorator
[2025-03-22T19:31:38.644-0600] {logging_mixin.py:190} INFO - [2025-03-22T19:31:38.643-0600] {dag.py:3239} INFO - Sync 1 DAGs
[2025-03-22T19:31:38.691-0600] {logging_mixin.py:190} INFO - [2025-03-22T19:31:38.691-0600] {dag.py:3262} INFO - Creating ORM DAG for example_short_circuit_decorator
[2025-03-22T19:31:38.693-0600] {logging_mixin.py:190} INFO - [2025-03-22T19:31:38.693-0600] {dag.py:4180} INFO - Setting next_dagrun for example_short_circuit_decorator to None, run_after=None
[2025-03-22T19:31:38.827-0600] {processor.py:208} INFO - Processing /home/saadh/.local/lib/python3.10/site-packages/airflow/example_dags/example_short_circuit_decorator.py took 1.444 seconds
[2025-03-22T19:38:56.693-0600] {processor.py:186} INFO - Started process (PID=34266) to work on /home/saadh/.local/lib/python3.10/site-packages/airflow/example_dags/example_short_circuit_decorator.py
[2025-03-22T19:38:56.696-0600] {processor.py:914} INFO - Processing file /home/saadh/.local/lib/python3.10/site-packages/airflow/example_dags/example_short_circuit_decorator.py for tasks to queue
[2025-03-22T19:38:56.701-0600] {logging_mixin.py:190} INFO - [2025-03-22T19:38:56.700-0600] {dagbag.py:588} INFO - Filling up the DagBag from /home/saadh/.local/lib/python3.10/site-packages/airflow/example_dags/example_short_circuit_decorator.py
[2025-03-22T19:38:56.729-0600] {processor.py:925} INFO - DAG(s) 'example_short_circuit_decorator' retrieved from /home/saadh/.local/lib/python3.10/site-packages/airflow/example_dags/example_short_circuit_decorator.py
[2025-03-22T19:38:56.817-0600] {logging_mixin.py:190} INFO - [2025-03-22T19:38:56.817-0600] {dag.py:3239} INFO - Sync 1 DAGs
[2025-03-22T19:38:56.853-0600] {logging_mixin.py:190} INFO - [2025-03-22T19:38:56.853-0600] {dag.py:4180} INFO - Setting next_dagrun for example_short_circuit_decorator to None, run_after=None
[2025-03-22T19:38:57.015-0600] {processor.py:208} INFO - Processing /home/saadh/.local/lib/python3.10/site-packages/airflow/example_dags/example_short_circuit_decorator.py took 0.339 seconds
[2025-03-22T19:40:55.695-0600] {processor.py:186} INFO - Started process (PID=34337) to work on /home/saadh/.local/lib/python3.10/site-packages/airflow/example_dags/example_short_circuit_decorator.py
[2025-03-22T19:40:55.700-0600] {processor.py:914} INFO - Processing file /home/saadh/.local/lib/python3.10/site-packages/airflow/example_dags/example_short_circuit_decorator.py for tasks to queue
[2025-03-22T19:40:55.711-0600] {logging_mixin.py:190} INFO - [2025-03-22T19:40:55.710-0600] {dagbag.py:588} INFO - Filling up the DagBag from /home/saadh/.local/lib/python3.10/site-packages/airflow/example_dags/example_short_circuit_decorator.py
[2025-03-22T19:40:55.756-0600] {processor.py:925} INFO - DAG(s) 'example_short_circuit_decorator' retrieved from /home/saadh/.local/lib/python3.10/site-packages/airflow/example_dags/example_short_circuit_decorator.py
[2025-03-22T19:40:55.882-0600] {logging_mixin.py:190} INFO - [2025-03-22T19:40:55.881-0600] {dag.py:3239} INFO - Sync 1 DAGs
[2025-03-22T19:40:55.954-0600] {logging_mixin.py:190} INFO - [2025-03-22T19:40:55.953-0600] {dag.py:4180} INFO - Setting next_dagrun for example_short_circuit_decorator to None, run_after=None
[2025-03-22T19:40:56.193-0600] {processor.py:208} INFO - Processing /home/saadh/.local/lib/python3.10/site-packages/airflow/example_dags/example_short_circuit_decorator.py took 0.525 seconds
