[2025-03-22T19:30:48.500-0600] {processor.py:186} INFO - Started process (PID=34082) to work on /home/saadh/.local/lib/python3.10/site-packages/airflow/example_dags/example_dynamic_task_mapping_with_no_taskflow_operators.py
[2025-03-22T19:30:48.502-0600] {processor.py:914} INFO - Processing file /home/saadh/.local/lib/python3.10/site-packages/airflow/example_dags/example_dynamic_task_mapping_with_no_taskflow_operators.py for tasks to queue
[2025-03-22T19:30:48.507-0600] {logging_mixin.py:190} INFO - [2025-03-22T19:30:48.506-0600] {dagbag.py:588} INFO - Filling up the DagBag from /home/saadh/.local/lib/python3.10/site-packages/airflow/example_dags/example_dynamic_task_mapping_with_no_taskflow_operators.py
[2025-03-22T19:30:48.524-0600] {processor.py:925} INFO - DAG(s) 'example_dynamic_task_mapping_with_no_taskflow_operators' retrieved from /home/saadh/.local/lib/python3.10/site-packages/airflow/example_dags/example_dynamic_task_mapping_with_no_taskflow_operators.py
[2025-03-22T19:30:49.050-0600] {logging_mixin.py:190} INFO - [2025-03-22T19:30:49.048-0600] {override.py:1930} INFO - Created Permission View: can delete on DAG:example_dynamic_task_mapping_with_no_taskflow_operators
[2025-03-22T19:30:49.233-0600] {logging_mixin.py:190} INFO - [2025-03-22T19:30:49.232-0600] {override.py:1930} INFO - Created Permission View: can read on DAG:example_dynamic_task_mapping_with_no_taskflow_operators
[2025-03-22T19:30:49.403-0600] {logging_mixin.py:190} INFO - [2025-03-22T19:30:49.402-0600] {override.py:1930} INFO - Created Permission View: can edit on DAG:example_dynamic_task_mapping_with_no_taskflow_operators
[2025-03-22T19:30:49.668-0600] {logging_mixin.py:190} INFO - [2025-03-22T19:30:49.666-0600] {override.py:1930} INFO - Created Permission View: can delete on DAG Run:example_dynamic_task_mapping_with_no_taskflow_operators
[2025-03-22T19:30:49.848-0600] {logging_mixin.py:190} INFO - [2025-03-22T19:30:49.847-0600] {override.py:1930} INFO - Created Permission View: can create on DAG Run:example_dynamic_task_mapping_with_no_taskflow_operators
[2025-03-22T19:30:50.017-0600] {logging_mixin.py:190} INFO - [2025-03-22T19:30:50.016-0600] {override.py:1930} INFO - Created Permission View: menu access on DAG Run:example_dynamic_task_mapping_with_no_taskflow_operators
[2025-03-22T19:30:50.107-0600] {logging_mixin.py:190} INFO - [2025-03-22T19:30:50.106-0600] {override.py:1930} INFO - Created Permission View: can read on DAG Run:example_dynamic_task_mapping_with_no_taskflow_operators
[2025-03-22T19:30:50.108-0600] {logging_mixin.py:190} INFO - [2025-03-22T19:30:50.108-0600] {dag.py:3239} INFO - Sync 1 DAGs
[2025-03-22T19:30:50.148-0600] {logging_mixin.py:190} INFO - [2025-03-22T19:30:50.148-0600] {dag.py:3262} INFO - Creating ORM DAG for example_dynamic_task_mapping_with_no_taskflow_operators
[2025-03-22T19:30:50.150-0600] {logging_mixin.py:190} INFO - [2025-03-22T19:30:50.150-0600] {dag.py:4180} INFO - Setting next_dagrun for example_dynamic_task_mapping_with_no_taskflow_operators to None, run_after=None
[2025-03-22T19:30:50.255-0600] {processor.py:208} INFO - Processing /home/saadh/.local/lib/python3.10/site-packages/airflow/example_dags/example_dynamic_task_mapping_with_no_taskflow_operators.py took 1.771 seconds
[2025-03-22T19:38:31.632-0600] {processor.py:186} INFO - Started process (PID=34254) to work on /home/saadh/.local/lib/python3.10/site-packages/airflow/example_dags/example_dynamic_task_mapping_with_no_taskflow_operators.py
[2025-03-22T19:38:31.634-0600] {processor.py:914} INFO - Processing file /home/saadh/.local/lib/python3.10/site-packages/airflow/example_dags/example_dynamic_task_mapping_with_no_taskflow_operators.py for tasks to queue
[2025-03-22T19:38:31.639-0600] {logging_mixin.py:190} INFO - [2025-03-22T19:38:31.638-0600] {dagbag.py:588} INFO - Filling up the DagBag from /home/saadh/.local/lib/python3.10/site-packages/airflow/example_dags/example_dynamic_task_mapping_with_no_taskflow_operators.py
[2025-03-22T19:38:31.857-0600] {processor.py:925} INFO - DAG(s) 'example_dynamic_task_mapping_with_no_taskflow_operators' retrieved from /home/saadh/.local/lib/python3.10/site-packages/airflow/example_dags/example_dynamic_task_mapping_with_no_taskflow_operators.py
[2025-03-22T19:38:32.007-0600] {logging_mixin.py:190} INFO - [2025-03-22T19:38:32.006-0600] {dag.py:3239} INFO - Sync 1 DAGs
[2025-03-22T19:38:32.078-0600] {logging_mixin.py:190} INFO - [2025-03-22T19:38:32.077-0600] {dag.py:4180} INFO - Setting next_dagrun for example_dynamic_task_mapping_with_no_taskflow_operators to None, run_after=None
[2025-03-22T19:38:32.383-0600] {processor.py:208} INFO - Processing /home/saadh/.local/lib/python3.10/site-packages/airflow/example_dags/example_dynamic_task_mapping_with_no_taskflow_operators.py took 0.764 seconds
[2025-03-22T19:40:31.895-0600] {processor.py:186} INFO - Started process (PID=34321) to work on /home/saadh/.local/lib/python3.10/site-packages/airflow/example_dags/example_dynamic_task_mapping_with_no_taskflow_operators.py
[2025-03-22T19:40:31.905-0600] {processor.py:914} INFO - Processing file /home/saadh/.local/lib/python3.10/site-packages/airflow/example_dags/example_dynamic_task_mapping_with_no_taskflow_operators.py for tasks to queue
[2025-03-22T19:40:31.920-0600] {logging_mixin.py:190} INFO - [2025-03-22T19:40:31.918-0600] {dagbag.py:588} INFO - Filling up the DagBag from /home/saadh/.local/lib/python3.10/site-packages/airflow/example_dags/example_dynamic_task_mapping_with_no_taskflow_operators.py
[2025-03-22T19:40:31.973-0600] {processor.py:925} INFO - DAG(s) 'example_dynamic_task_mapping_with_no_taskflow_operators' retrieved from /home/saadh/.local/lib/python3.10/site-packages/airflow/example_dags/example_dynamic_task_mapping_with_no_taskflow_operators.py
[2025-03-22T19:40:32.108-0600] {logging_mixin.py:190} INFO - [2025-03-22T19:40:32.107-0600] {dag.py:3239} INFO - Sync 1 DAGs
[2025-03-22T19:40:32.159-0600] {logging_mixin.py:190} INFO - [2025-03-22T19:40:32.159-0600] {dag.py:4180} INFO - Setting next_dagrun for example_dynamic_task_mapping_with_no_taskflow_operators to None, run_after=None
[2025-03-22T19:40:32.292-0600] {processor.py:208} INFO - Processing /home/saadh/.local/lib/python3.10/site-packages/airflow/example_dags/example_dynamic_task_mapping_with_no_taskflow_operators.py took 0.440 seconds
