[2025-03-22T19:33:16.860-0600] {processor.py:186} INFO - Started process (PID=34128) to work on /home/saadh/.local/lib/python3.10/site-packages/airflow/example_dags/example_display_name.py
[2025-03-22T19:33:16.866-0600] {processor.py:914} INFO - Processing file /home/saadh/.local/lib/python3.10/site-packages/airflow/example_dags/example_display_name.py for tasks to queue
[2025-03-22T19:33:16.876-0600] {logging_mixin.py:190} INFO - [2025-03-22T19:33:16.874-0600] {dagbag.py:588} INFO - Filling up the DagBag from /home/saadh/.local/lib/python3.10/site-packages/airflow/example_dags/example_display_name.py
[2025-03-22T19:33:16.913-0600] {processor.py:925} INFO - DAG(s) 'example_display_name' retrieved from /home/saadh/.local/lib/python3.10/site-packages/airflow/example_dags/example_display_name.py
[2025-03-22T19:33:17.567-0600] {logging_mixin.py:190} INFO - [2025-03-22T19:33:17.564-0600] {override.py:1930} INFO - Created Permission View: can delete on DAG:example_display_name
[2025-03-22T19:33:17.749-0600] {logging_mixin.py:190} INFO - [2025-03-22T19:33:17.748-0600] {override.py:1930} INFO - Created Permission View: can read on DAG:example_display_name
[2025-03-22T19:33:17.919-0600] {logging_mixin.py:190} INFO - [2025-03-22T19:33:17.918-0600] {override.py:1930} INFO - Created Permission View: can edit on DAG:example_display_name
[2025-03-22T19:33:18.186-0600] {logging_mixin.py:190} INFO - [2025-03-22T19:33:18.184-0600] {override.py:1930} INFO - Created Permission View: can delete on DAG Run:example_display_name
[2025-03-22T19:33:18.356-0600] {logging_mixin.py:190} INFO - [2025-03-22T19:33:18.355-0600] {override.py:1930} INFO - Created Permission View: can create on DAG Run:example_display_name
[2025-03-22T19:33:18.530-0600] {logging_mixin.py:190} INFO - [2025-03-22T19:33:18.528-0600] {override.py:1930} INFO - Created Permission View: menu access on DAG Run:example_display_name
[2025-03-22T19:33:18.656-0600] {logging_mixin.py:190} INFO - [2025-03-22T19:33:18.655-0600] {override.py:1930} INFO - Created Permission View: can read on DAG Run:example_display_name
[2025-03-22T19:33:18.657-0600] {logging_mixin.py:190} INFO - [2025-03-22T19:33:18.657-0600] {dag.py:3239} INFO - Sync 1 DAGs
[2025-03-22T19:33:18.702-0600] {logging_mixin.py:190} INFO - [2025-03-22T19:33:18.701-0600] {dag.py:3262} INFO - Creating ORM DAG for example_display_name
[2025-03-22T19:33:18.704-0600] {logging_mixin.py:190} INFO - [2025-03-22T19:33:18.703-0600] {dag.py:4180} INFO - Setting next_dagrun for example_display_name to None, run_after=None
[2025-03-22T19:33:18.831-0600] {processor.py:208} INFO - Processing /home/saadh/.local/lib/python3.10/site-packages/airflow/example_dags/example_display_name.py took 1.999 seconds
[2025-03-22T19:39:49.872-0600] {processor.py:186} INFO - Started process (PID=34292) to work on /home/saadh/.local/lib/python3.10/site-packages/airflow/example_dags/example_display_name.py
[2025-03-22T19:39:49.875-0600] {processor.py:914} INFO - Processing file /home/saadh/.local/lib/python3.10/site-packages/airflow/example_dags/example_display_name.py for tasks to queue
[2025-03-22T19:39:49.881-0600] {logging_mixin.py:190} INFO - [2025-03-22T19:39:49.880-0600] {dagbag.py:588} INFO - Filling up the DagBag from /home/saadh/.local/lib/python3.10/site-packages/airflow/example_dags/example_display_name.py
[2025-03-22T19:39:49.902-0600] {processor.py:925} INFO - DAG(s) 'example_display_name' retrieved from /home/saadh/.local/lib/python3.10/site-packages/airflow/example_dags/example_display_name.py
[2025-03-22T19:39:49.964-0600] {logging_mixin.py:190} INFO - [2025-03-22T19:39:49.964-0600] {dag.py:3239} INFO - Sync 1 DAGs
[2025-03-22T19:39:50.004-0600] {logging_mixin.py:190} INFO - [2025-03-22T19:39:50.004-0600] {dag.py:4180} INFO - Setting next_dagrun for example_display_name to None, run_after=None
[2025-03-22T19:39:50.161-0600] {processor.py:208} INFO - Processing /home/saadh/.local/lib/python3.10/site-packages/airflow/example_dags/example_display_name.py took 0.303 seconds
