[2025-03-22T19:32:29.552-0600] {processor.py:186} INFO - Started process (PID=34115) to work on /home/saadh/.local/lib/python3.10/site-packages/airflow/example_dags/example_branch_labels.py
[2025-03-22T19:32:29.555-0600] {processor.py:914} INFO - Processing file /home/saadh/.local/lib/python3.10/site-packages/airflow/example_dags/example_branch_labels.py for tasks to queue
[2025-03-22T19:32:29.560-0600] {logging_mixin.py:190} INFO - [2025-03-22T19:32:29.559-0600] {dagbag.py:588} INFO - Filling up the DagBag from /home/saadh/.local/lib/python3.10/site-packages/airflow/example_dags/example_branch_labels.py
[2025-03-22T19:32:29.585-0600] {processor.py:925} INFO - DAG(s) 'example_branch_labels' retrieved from /home/saadh/.local/lib/python3.10/site-packages/airflow/example_dags/example_branch_labels.py
[2025-03-22T19:32:29.978-0600] {logging_mixin.py:190} INFO - [2025-03-22T19:32:29.976-0600] {override.py:1930} INFO - Created Permission View: can delete on DAG:example_branch_labels
[2025-03-22T19:32:30.132-0600] {logging_mixin.py:190} INFO - [2025-03-22T19:32:30.131-0600] {override.py:1930} INFO - Created Permission View: can read on DAG:example_branch_labels
[2025-03-22T19:32:30.227-0600] {logging_mixin.py:190} INFO - [2025-03-22T19:32:30.226-0600] {override.py:1930} INFO - Created Permission View: can edit on DAG:example_branch_labels
[2025-03-22T19:32:30.357-0600] {logging_mixin.py:190} INFO - [2025-03-22T19:32:30.356-0600] {override.py:1930} INFO - Created Permission View: can delete on DAG Run:example_branch_labels
[2025-03-22T19:32:30.448-0600] {logging_mixin.py:190} INFO - [2025-03-22T19:32:30.447-0600] {override.py:1930} INFO - Created Permission View: can create on DAG Run:example_branch_labels
[2025-03-22T19:32:30.530-0600] {logging_mixin.py:190} INFO - [2025-03-22T19:32:30.529-0600] {override.py:1930} INFO - Created Permission View: menu access on DAG Run:example_branch_labels
[2025-03-22T19:32:30.617-0600] {logging_mixin.py:190} INFO - [2025-03-22T19:32:30.616-0600] {override.py:1930} INFO - Created Permission View: can read on DAG Run:example_branch_labels
[2025-03-22T19:32:30.622-0600] {logging_mixin.py:190} INFO - [2025-03-22T19:32:30.622-0600] {dag.py:3239} INFO - Sync 1 DAGs
[2025-03-22T19:32:30.699-0600] {logging_mixin.py:190} INFO - [2025-03-22T19:32:30.698-0600] {dag.py:3262} INFO - Creating ORM DAG for example_branch_labels
[2025-03-22T19:32:30.727-0600] {logging_mixin.py:190} INFO - [2025-03-22T19:32:30.727-0600] {dag.py:4180} INFO - Setting next_dagrun for example_branch_labels to 2025-03-22 00:00:00+00:00, run_after=2025-03-23 00:00:00+00:00
[2025-03-22T19:32:30.855-0600] {processor.py:208} INFO - Processing /home/saadh/.local/lib/python3.10/site-packages/airflow/example_dags/example_branch_labels.py took 1.316 seconds
[2025-03-22T19:39:24.376-0600] {processor.py:186} INFO - Started process (PID=34279) to work on /home/saadh/.local/lib/python3.10/site-packages/airflow/example_dags/example_branch_labels.py
[2025-03-22T19:39:24.381-0600] {processor.py:914} INFO - Processing file /home/saadh/.local/lib/python3.10/site-packages/airflow/example_dags/example_branch_labels.py for tasks to queue
[2025-03-22T19:39:24.390-0600] {logging_mixin.py:190} INFO - [2025-03-22T19:39:24.389-0600] {dagbag.py:588} INFO - Filling up the DagBag from /home/saadh/.local/lib/python3.10/site-packages/airflow/example_dags/example_branch_labels.py
[2025-03-22T19:39:24.432-0600] {processor.py:925} INFO - DAG(s) 'example_branch_labels' retrieved from /home/saadh/.local/lib/python3.10/site-packages/airflow/example_dags/example_branch_labels.py
[2025-03-22T19:39:24.492-0600] {logging_mixin.py:190} INFO - [2025-03-22T19:39:24.492-0600] {dag.py:3239} INFO - Sync 1 DAGs
[2025-03-22T19:39:24.564-0600] {logging_mixin.py:190} INFO - [2025-03-22T19:39:24.564-0600] {dag.py:4180} INFO - Setting next_dagrun for example_branch_labels to 2025-03-22 00:00:00+00:00, run_after=2025-03-23 00:00:00+00:00
[2025-03-22T19:39:24.725-0600] {processor.py:208} INFO - Processing /home/saadh/.local/lib/python3.10/site-packages/airflow/example_dags/example_branch_labels.py took 0.375 seconds
[2025-03-22T19:41:23.605-0600] {processor.py:186} INFO - Started process (PID=34350) to work on /home/saadh/.local/lib/python3.10/site-packages/airflow/example_dags/example_branch_labels.py
[2025-03-22T19:41:23.611-0600] {processor.py:914} INFO - Processing file /home/saadh/.local/lib/python3.10/site-packages/airflow/example_dags/example_branch_labels.py for tasks to queue
[2025-03-22T19:41:23.624-0600] {logging_mixin.py:190} INFO - [2025-03-22T19:41:23.621-0600] {dagbag.py:588} INFO - Filling up the DagBag from /home/saadh/.local/lib/python3.10/site-packages/airflow/example_dags/example_branch_labels.py
[2025-03-22T19:41:23.678-0600] {processor.py:925} INFO - DAG(s) 'example_branch_labels' retrieved from /home/saadh/.local/lib/python3.10/site-packages/airflow/example_dags/example_branch_labels.py
[2025-03-22T19:41:23.801-0600] {logging_mixin.py:190} INFO - [2025-03-22T19:41:23.800-0600] {dag.py:3239} INFO - Sync 1 DAGs
[2025-03-22T19:41:23.943-0600] {logging_mixin.py:190} INFO - [2025-03-22T19:41:23.942-0600] {dag.py:4180} INFO - Setting next_dagrun for example_branch_labels to 2025-03-22 00:00:00+00:00, run_after=2025-03-23 00:00:00+00:00
[2025-03-22T19:41:24.228-0600] {processor.py:208} INFO - Processing /home/saadh/.local/lib/python3.10/site-packages/airflow/example_dags/example_branch_labels.py took 0.657 seconds
