[2025-03-22T19:30:51.844-0600] {processor.py:186} INFO - Started process (PID=34083) to work on /home/saadh/.local/lib/python3.10/site-packages/airflow/example_dags/example_dataset_alias.py
[2025-03-22T19:30:51.851-0600] {processor.py:914} INFO - Processing file /home/saadh/.local/lib/python3.10/site-packages/airflow/example_dags/example_dataset_alias.py for tasks to queue
[2025-03-22T19:30:51.862-0600] {logging_mixin.py:190} INFO - [2025-03-22T19:30:51.860-0600] {dagbag.py:588} INFO - Filling up the DagBag from /home/saadh/.local/lib/python3.10/site-packages/airflow/example_dags/example_dataset_alias.py
[2025-03-22T19:30:52.008-0600] {processor.py:925} INFO - DAG(s) 'dataset_s3_bucket_producer', 'dataset_alias_example_alias_consumer', 'dataset_alias_example_alias_producer', 'dataset_s3_bucket_consumer' retrieved from /home/saadh/.local/lib/python3.10/site-packages/airflow/example_dags/example_dataset_alias.py
[2025-03-22T19:30:52.454-0600] {logging_mixin.py:190} INFO - [2025-03-22T19:30:52.452-0600] {override.py:1930} INFO - Created Permission View: can delete on DAG:dataset_s3_bucket_producer
[2025-03-22T19:30:52.558-0600] {logging_mixin.py:190} INFO - [2025-03-22T19:30:52.557-0600] {override.py:1930} INFO - Created Permission View: can read on DAG:dataset_s3_bucket_producer
[2025-03-22T19:30:52.659-0600] {logging_mixin.py:190} INFO - [2025-03-22T19:30:52.658-0600] {override.py:1930} INFO - Created Permission View: can edit on DAG:dataset_s3_bucket_producer
[2025-03-22T19:30:54.431-0600] {logging_mixin.py:190} INFO - [2025-03-22T19:30:54.429-0600] {override.py:1930} INFO - Created Permission View: can delete on DAG Run:dataset_s3_bucket_producer
[2025-03-22T19:30:54.547-0600] {logging_mixin.py:190} INFO - [2025-03-22T19:30:54.546-0600] {override.py:1930} INFO - Created Permission View: can create on DAG Run:dataset_s3_bucket_producer
[2025-03-22T19:30:54.630-0600] {logging_mixin.py:190} INFO - [2025-03-22T19:30:54.629-0600] {override.py:1930} INFO - Created Permission View: menu access on DAG Run:dataset_s3_bucket_producer
[2025-03-22T19:30:54.709-0600] {logging_mixin.py:190} INFO - [2025-03-22T19:30:54.708-0600] {override.py:1930} INFO - Created Permission View: can read on DAG Run:dataset_s3_bucket_producer
[2025-03-22T19:30:54.922-0600] {logging_mixin.py:190} INFO - [2025-03-22T19:30:54.919-0600] {override.py:1930} INFO - Created Permission View: can delete on DAG:dataset_alias_example_alias_consumer
[2025-03-22T19:30:55.038-0600] {logging_mixin.py:190} INFO - [2025-03-22T19:30:55.037-0600] {override.py:1930} INFO - Created Permission View: can read on DAG:dataset_alias_example_alias_consumer
[2025-03-22T19:30:55.126-0600] {logging_mixin.py:190} INFO - [2025-03-22T19:30:55.125-0600] {override.py:1930} INFO - Created Permission View: can edit on DAG:dataset_alias_example_alias_consumer
[2025-03-22T19:30:55.240-0600] {logging_mixin.py:190} INFO - [2025-03-22T19:30:55.239-0600] {override.py:1930} INFO - Created Permission View: can delete on DAG Run:dataset_alias_example_alias_consumer
[2025-03-22T19:30:55.319-0600] {logging_mixin.py:190} INFO - [2025-03-22T19:30:55.317-0600] {override.py:1930} INFO - Created Permission View: can create on DAG Run:dataset_alias_example_alias_consumer
[2025-03-22T19:30:55.420-0600] {logging_mixin.py:190} INFO - [2025-03-22T19:30:55.419-0600] {override.py:1930} INFO - Created Permission View: menu access on DAG Run:dataset_alias_example_alias_consumer
[2025-03-22T19:30:55.521-0600] {logging_mixin.py:190} INFO - [2025-03-22T19:30:55.520-0600] {override.py:1930} INFO - Created Permission View: can read on DAG Run:dataset_alias_example_alias_consumer
[2025-03-22T19:30:55.712-0600] {logging_mixin.py:190} INFO - [2025-03-22T19:30:55.711-0600] {override.py:1930} INFO - Created Permission View: can delete on DAG:dataset_alias_example_alias_producer
[2025-03-22T19:30:55.839-0600] {logging_mixin.py:190} INFO - [2025-03-22T19:30:55.838-0600] {override.py:1930} INFO - Created Permission View: can read on DAG:dataset_alias_example_alias_producer
[2025-03-22T19:30:55.943-0600] {logging_mixin.py:190} INFO - [2025-03-22T19:30:55.942-0600] {override.py:1930} INFO - Created Permission View: can edit on DAG:dataset_alias_example_alias_producer
[2025-03-22T19:30:56.124-0600] {logging_mixin.py:190} INFO - [2025-03-22T19:30:56.122-0600] {override.py:1930} INFO - Created Permission View: can delete on DAG Run:dataset_alias_example_alias_producer
[2025-03-22T19:30:56.249-0600] {logging_mixin.py:190} INFO - [2025-03-22T19:30:56.248-0600] {override.py:1930} INFO - Created Permission View: can create on DAG Run:dataset_alias_example_alias_producer
[2025-03-22T19:30:56.346-0600] {logging_mixin.py:190} INFO - [2025-03-22T19:30:56.345-0600] {override.py:1930} INFO - Created Permission View: menu access on DAG Run:dataset_alias_example_alias_producer
[2025-03-22T19:30:56.444-0600] {logging_mixin.py:190} INFO - [2025-03-22T19:30:56.443-0600] {override.py:1930} INFO - Created Permission View: can read on DAG Run:dataset_alias_example_alias_producer
[2025-03-22T19:30:56.676-0600] {logging_mixin.py:190} INFO - [2025-03-22T19:30:56.675-0600] {override.py:1930} INFO - Created Permission View: can delete on DAG:dataset_s3_bucket_consumer
[2025-03-22T19:30:56.868-0600] {logging_mixin.py:190} INFO - [2025-03-22T19:30:56.866-0600] {override.py:1930} INFO - Created Permission View: can read on DAG:dataset_s3_bucket_consumer
[2025-03-22T19:30:56.984-0600] {logging_mixin.py:190} INFO - [2025-03-22T19:30:56.983-0600] {override.py:1930} INFO - Created Permission View: can edit on DAG:dataset_s3_bucket_consumer
[2025-03-22T19:30:57.158-0600] {logging_mixin.py:190} INFO - [2025-03-22T19:30:57.157-0600] {override.py:1930} INFO - Created Permission View: can delete on DAG Run:dataset_s3_bucket_consumer
[2025-03-22T19:30:57.265-0600] {logging_mixin.py:190} INFO - [2025-03-22T19:30:57.264-0600] {override.py:1930} INFO - Created Permission View: can create on DAG Run:dataset_s3_bucket_consumer
[2025-03-22T19:30:57.350-0600] {logging_mixin.py:190} INFO - [2025-03-22T19:30:57.349-0600] {override.py:1930} INFO - Created Permission View: menu access on DAG Run:dataset_s3_bucket_consumer
[2025-03-22T19:30:57.449-0600] {logging_mixin.py:190} INFO - [2025-03-22T19:30:57.448-0600] {override.py:1930} INFO - Created Permission View: can read on DAG Run:dataset_s3_bucket_consumer
[2025-03-22T19:30:57.451-0600] {logging_mixin.py:190} INFO - [2025-03-22T19:30:57.450-0600] {dag.py:3239} INFO - Sync 4 DAGs
[2025-03-22T19:30:57.495-0600] {logging_mixin.py:190} INFO - [2025-03-22T19:30:57.495-0600] {dag.py:3262} INFO - Creating ORM DAG for dataset_s3_bucket_producer
[2025-03-22T19:30:57.496-0600] {logging_mixin.py:190} INFO - [2025-03-22T19:30:57.496-0600] {dag.py:3262} INFO - Creating ORM DAG for dataset_alias_example_alias_producer
[2025-03-22T19:30:57.498-0600] {logging_mixin.py:190} INFO - [2025-03-22T19:30:57.498-0600] {dag.py:3262} INFO - Creating ORM DAG for dataset_s3_bucket_consumer
[2025-03-22T19:30:57.500-0600] {logging_mixin.py:190} INFO - [2025-03-22T19:30:57.500-0600] {dag.py:3262} INFO - Creating ORM DAG for dataset_alias_example_alias_consumer
[2025-03-22T19:30:57.529-0600] {logging_mixin.py:190} INFO - [2025-03-22T19:30:57.528-0600] {dag.py:4180} INFO - Setting next_dagrun for dataset_alias_example_alias_consumer to None, run_after=None
[2025-03-22T19:30:57.532-0600] {logging_mixin.py:190} INFO - [2025-03-22T19:30:57.531-0600] {dag.py:4180} INFO - Setting next_dagrun for dataset_alias_example_alias_producer to None, run_after=None
[2025-03-22T19:30:57.537-0600] {logging_mixin.py:190} INFO - [2025-03-22T19:30:57.534-0600] {dag.py:4180} INFO - Setting next_dagrun for dataset_s3_bucket_consumer to None, run_after=None
[2025-03-22T19:30:57.540-0600] {logging_mixin.py:190} INFO - [2025-03-22T19:30:57.539-0600] {dag.py:4180} INFO - Setting next_dagrun for dataset_s3_bucket_producer to None, run_after=None
[2025-03-22T19:30:57.762-0600] {processor.py:208} INFO - Processing /home/saadh/.local/lib/python3.10/site-packages/airflow/example_dags/example_dataset_alias.py took 4.576 seconds
[2025-03-22T19:38:34.095-0600] {processor.py:186} INFO - Started process (PID=34255) to work on /home/saadh/.local/lib/python3.10/site-packages/airflow/example_dags/example_dataset_alias.py
[2025-03-22T19:38:34.100-0600] {processor.py:914} INFO - Processing file /home/saadh/.local/lib/python3.10/site-packages/airflow/example_dags/example_dataset_alias.py for tasks to queue
[2025-03-22T19:38:34.112-0600] {logging_mixin.py:190} INFO - [2025-03-22T19:38:34.111-0600] {dagbag.py:588} INFO - Filling up the DagBag from /home/saadh/.local/lib/python3.10/site-packages/airflow/example_dags/example_dataset_alias.py
[2025-03-22T19:38:34.500-0600] {processor.py:925} INFO - DAG(s) 'dataset_s3_bucket_consumer', 'dataset_alias_example_alias_consumer', 'dataset_alias_example_alias_producer', 'dataset_s3_bucket_producer' retrieved from /home/saadh/.local/lib/python3.10/site-packages/airflow/example_dags/example_dataset_alias.py
[2025-03-22T19:38:34.647-0600] {logging_mixin.py:190} INFO - [2025-03-22T19:38:34.646-0600] {dag.py:3239} INFO - Sync 4 DAGs
[2025-03-22T19:38:34.709-0600] {logging_mixin.py:190} INFO - [2025-03-22T19:38:34.709-0600] {dag.py:4180} INFO - Setting next_dagrun for dataset_alias_example_alias_consumer to None, run_after=None
[2025-03-22T19:38:34.720-0600] {logging_mixin.py:190} INFO - [2025-03-22T19:38:34.720-0600] {dag.py:4180} INFO - Setting next_dagrun for dataset_alias_example_alias_producer to None, run_after=None
[2025-03-22T19:38:34.728-0600] {logging_mixin.py:190} INFO - [2025-03-22T19:38:34.728-0600] {dag.py:4180} INFO - Setting next_dagrun for dataset_s3_bucket_consumer to None, run_after=None
[2025-03-22T19:38:34.736-0600] {logging_mixin.py:190} INFO - [2025-03-22T19:38:34.736-0600] {dag.py:4180} INFO - Setting next_dagrun for dataset_s3_bucket_producer to None, run_after=None
[2025-03-22T19:38:34.914-0600] {processor.py:208} INFO - Processing /home/saadh/.local/lib/python3.10/site-packages/airflow/example_dags/example_dataset_alias.py took 0.852 seconds
[2025-03-22T19:40:33.896-0600] {processor.py:186} INFO - Started process (PID=34325) to work on /home/saadh/.local/lib/python3.10/site-packages/airflow/example_dags/example_dataset_alias.py
[2025-03-22T19:40:33.901-0600] {processor.py:914} INFO - Processing file /home/saadh/.local/lib/python3.10/site-packages/airflow/example_dags/example_dataset_alias.py for tasks to queue
[2025-03-22T19:40:33.912-0600] {logging_mixin.py:190} INFO - [2025-03-22T19:40:33.910-0600] {dagbag.py:588} INFO - Filling up the DagBag from /home/saadh/.local/lib/python3.10/site-packages/airflow/example_dags/example_dataset_alias.py
[2025-03-22T19:40:34.096-0600] {processor.py:925} INFO - DAG(s) 'dataset_s3_bucket_producer', 'dataset_alias_example_alias_consumer', 'dataset_s3_bucket_consumer', 'dataset_alias_example_alias_producer' retrieved from /home/saadh/.local/lib/python3.10/site-packages/airflow/example_dags/example_dataset_alias.py
[2025-03-22T19:40:34.285-0600] {logging_mixin.py:190} INFO - [2025-03-22T19:40:34.285-0600] {dag.py:3239} INFO - Sync 4 DAGs
[2025-03-22T19:40:34.369-0600] {logging_mixin.py:190} INFO - [2025-03-22T19:40:34.368-0600] {dag.py:4180} INFO - Setting next_dagrun for dataset_alias_example_alias_consumer to None, run_after=None
[2025-03-22T19:40:34.377-0600] {logging_mixin.py:190} INFO - [2025-03-22T19:40:34.376-0600] {dag.py:4180} INFO - Setting next_dagrun for dataset_alias_example_alias_producer to None, run_after=None
[2025-03-22T19:40:34.383-0600] {logging_mixin.py:190} INFO - [2025-03-22T19:40:34.383-0600] {dag.py:4180} INFO - Setting next_dagrun for dataset_s3_bucket_consumer to None, run_after=None
[2025-03-22T19:40:34.389-0600] {logging_mixin.py:190} INFO - [2025-03-22T19:40:34.389-0600] {dag.py:4180} INFO - Setting next_dagrun for dataset_s3_bucket_producer to None, run_after=None
[2025-03-22T19:40:34.531-0600] {processor.py:208} INFO - Processing /home/saadh/.local/lib/python3.10/site-packages/airflow/example_dags/example_dataset_alias.py took 0.664 seconds
