[2025-03-22T19:31:52.285-0600] {processor.py:186} INFO - Started process (PID=34103) to work on /home/saadh/.local/lib/python3.10/site-packages/airflow/example_dags/example_subdag_operator.py
[2025-03-22T19:31:52.292-0600] {processor.py:914} INFO - Processing file /home/saadh/.local/lib/python3.10/site-packages/airflow/example_dags/example_subdag_operator.py for tasks to queue
[2025-03-22T19:31:52.307-0600] {logging_mixin.py:190} INFO - [2025-03-22T19:31:52.304-0600] {dagbag.py:588} INFO - Filling up the DagBag from /home/saadh/.local/lib/python3.10/site-packages/airflow/example_dags/example_subdag_operator.py
[2025-03-22T19:31:52.537-0600] {processor.py:925} INFO - DAG(s) 'example_subdag_operator.section-1', 'example_subdag_operator.section-2', 'example_subdag_operator' retrieved from /home/saadh/.local/lib/python3.10/site-packages/airflow/example_dags/example_subdag_operator.py
[2025-03-22T19:31:53.209-0600] {logging_mixin.py:190} INFO - [2025-03-22T19:31:53.206-0600] {override.py:1930} INFO - Created Permission View: can delete on DAG:example_subdag_operator
[2025-03-22T19:31:53.419-0600] {logging_mixin.py:190} INFO - [2025-03-22T19:31:53.417-0600] {override.py:1930} INFO - Created Permission View: can read on DAG:example_subdag_operator
[2025-03-22T19:31:53.600-0600] {logging_mixin.py:190} INFO - [2025-03-22T19:31:53.598-0600] {override.py:1930} INFO - Created Permission View: can edit on DAG:example_subdag_operator
[2025-03-22T19:31:53.755-0600] {logging_mixin.py:190} INFO - [2025-03-22T19:31:53.754-0600] {override.py:1930} INFO - Created Permission View: can delete on DAG Run:example_subdag_operator
[2025-03-22T19:31:53.843-0600] {logging_mixin.py:190} INFO - [2025-03-22T19:31:53.842-0600] {override.py:1930} INFO - Created Permission View: can create on DAG Run:example_subdag_operator
[2025-03-22T19:31:54.014-0600] {logging_mixin.py:190} INFO - [2025-03-22T19:31:54.012-0600] {override.py:1930} INFO - Created Permission View: menu access on DAG Run:example_subdag_operator
[2025-03-22T19:31:54.178-0600] {logging_mixin.py:190} INFO - [2025-03-22T19:31:54.177-0600] {override.py:1930} INFO - Created Permission View: can read on DAG Run:example_subdag_operator
[2025-03-22T19:31:54.179-0600] {logging_mixin.py:190} INFO - [2025-03-22T19:31:54.179-0600] {dag.py:3239} INFO - Sync 3 DAGs
[2025-03-22T19:31:54.226-0600] {logging_mixin.py:190} INFO - [2025-03-22T19:31:54.225-0600] {dag.py:3262} INFO - Creating ORM DAG for example_subdag_operator.section-1
[2025-03-22T19:31:54.229-0600] {logging_mixin.py:190} INFO - [2025-03-22T19:31:54.228-0600] {dag.py:3262} INFO - Creating ORM DAG for example_subdag_operator
[2025-03-22T19:31:54.231-0600] {logging_mixin.py:190} INFO - [2025-03-22T19:31:54.230-0600] {dag.py:3262} INFO - Creating ORM DAG for example_subdag_operator.section-2
[2025-03-22T19:31:54.258-0600] {logging_mixin.py:190} INFO - [2025-03-22T19:31:54.257-0600] {dag.py:4180} INFO - Setting next_dagrun for example_subdag_operator to 2022-01-01 00:00:00+00:00, run_after=2022-01-01 00:00:00+00:00
[2025-03-22T19:31:54.260-0600] {logging_mixin.py:190} INFO - [2025-03-22T19:31:54.260-0600] {dag.py:4180} INFO - Setting next_dagrun for example_subdag_operator.section-1 to None, run_after=None
[2025-03-22T19:31:54.262-0600] {logging_mixin.py:190} INFO - [2025-03-22T19:31:54.261-0600] {dag.py:4180} INFO - Setting next_dagrun for example_subdag_operator.section-2 to None, run_after=None
[2025-03-22T19:31:54.326-0600] {logging_mixin.py:190} INFO - [2025-03-22T19:31:54.326-0600] {dag.py:3239} INFO - Sync 2 DAGs
[2025-03-22T19:31:54.341-0600] {logging_mixin.py:190} INFO - [2025-03-22T19:31:54.340-0600] {dag.py:4180} INFO - Setting next_dagrun for example_subdag_operator.section-1 to None, run_after=None
[2025-03-22T19:31:54.346-0600] {logging_mixin.py:190} INFO - [2025-03-22T19:31:54.346-0600] {dag.py:4180} INFO - Setting next_dagrun for example_subdag_operator.section-2 to None, run_after=None
[2025-03-22T19:31:54.452-0600] {processor.py:208} INFO - Processing /home/saadh/.local/lib/python3.10/site-packages/airflow/example_dags/example_subdag_operator.py took 2.214 seconds
[2025-03-22T19:39:06.978-0600] {processor.py:186} INFO - Started process (PID=34271) to work on /home/saadh/.local/lib/python3.10/site-packages/airflow/example_dags/example_subdag_operator.py
[2025-03-22T19:39:06.983-0600] {processor.py:914} INFO - Processing file /home/saadh/.local/lib/python3.10/site-packages/airflow/example_dags/example_subdag_operator.py for tasks to queue
[2025-03-22T19:39:06.992-0600] {logging_mixin.py:190} INFO - [2025-03-22T19:39:06.991-0600] {dagbag.py:588} INFO - Filling up the DagBag from /home/saadh/.local/lib/python3.10/site-packages/airflow/example_dags/example_subdag_operator.py
[2025-03-22T19:39:07.170-0600] {processor.py:925} INFO - DAG(s) 'example_subdag_operator.section-1', 'example_subdag_operator.section-2', 'example_subdag_operator' retrieved from /home/saadh/.local/lib/python3.10/site-packages/airflow/example_dags/example_subdag_operator.py
[2025-03-22T19:39:07.303-0600] {logging_mixin.py:190} INFO - [2025-03-22T19:39:07.303-0600] {dag.py:3239} INFO - Sync 3 DAGs
[2025-03-22T19:39:07.381-0600] {logging_mixin.py:190} INFO - [2025-03-22T19:39:07.380-0600] {dag.py:4180} INFO - Setting next_dagrun for example_subdag_operator to 2022-01-01 00:00:00+00:00, run_after=2022-01-01 00:00:00+00:00
[2025-03-22T19:39:07.396-0600] {logging_mixin.py:190} INFO - [2025-03-22T19:39:07.395-0600] {dag.py:4180} INFO - Setting next_dagrun for example_subdag_operator.section-1 to None, run_after=None
[2025-03-22T19:39:07.405-0600] {logging_mixin.py:190} INFO - [2025-03-22T19:39:07.405-0600] {dag.py:4180} INFO - Setting next_dagrun for example_subdag_operator.section-2 to None, run_after=None
[2025-03-22T19:39:07.449-0600] {logging_mixin.py:190} INFO - [2025-03-22T19:39:07.449-0600] {dag.py:3239} INFO - Sync 2 DAGs
[2025-03-22T19:39:07.460-0600] {logging_mixin.py:190} INFO - [2025-03-22T19:39:07.459-0600] {dag.py:4180} INFO - Setting next_dagrun for example_subdag_operator.section-1 to None, run_after=None
[2025-03-22T19:39:07.462-0600] {logging_mixin.py:190} INFO - [2025-03-22T19:39:07.461-0600] {dag.py:4180} INFO - Setting next_dagrun for example_subdag_operator.section-2 to None, run_after=None
[2025-03-22T19:39:07.596-0600] {processor.py:208} INFO - Processing /home/saadh/.local/lib/python3.10/site-packages/airflow/example_dags/example_subdag_operator.py took 0.643 seconds
[2025-03-22T19:41:07.574-0600] {processor.py:186} INFO - Started process (PID=34342) to work on /home/saadh/.local/lib/python3.10/site-packages/airflow/example_dags/example_subdag_operator.py
[2025-03-22T19:41:07.576-0600] {processor.py:914} INFO - Processing file /home/saadh/.local/lib/python3.10/site-packages/airflow/example_dags/example_subdag_operator.py for tasks to queue
[2025-03-22T19:41:07.585-0600] {logging_mixin.py:190} INFO - [2025-03-22T19:41:07.584-0600] {dagbag.py:588} INFO - Filling up the DagBag from /home/saadh/.local/lib/python3.10/site-packages/airflow/example_dags/example_subdag_operator.py
[2025-03-22T19:41:07.685-0600] {processor.py:925} INFO - DAG(s) 'example_subdag_operator.section-1', 'example_subdag_operator.section-2', 'example_subdag_operator' retrieved from /home/saadh/.local/lib/python3.10/site-packages/airflow/example_dags/example_subdag_operator.py
[2025-03-22T19:41:07.745-0600] {logging_mixin.py:190} INFO - [2025-03-22T19:41:07.745-0600] {dag.py:3239} INFO - Sync 3 DAGs
[2025-03-22T19:41:07.804-0600] {logging_mixin.py:190} INFO - [2025-03-22T19:41:07.803-0600] {dag.py:4180} INFO - Setting next_dagrun for example_subdag_operator to 2022-01-01 00:00:00+00:00, run_after=2022-01-01 00:00:00+00:00
[2025-03-22T19:41:07.815-0600] {logging_mixin.py:190} INFO - [2025-03-22T19:41:07.814-0600] {dag.py:4180} INFO - Setting next_dagrun for example_subdag_operator.section-1 to None, run_after=None
[2025-03-22T19:41:07.821-0600] {logging_mixin.py:190} INFO - [2025-03-22T19:41:07.821-0600] {dag.py:4180} INFO - Setting next_dagrun for example_subdag_operator.section-2 to None, run_after=None
[2025-03-22T19:41:07.851-0600] {logging_mixin.py:190} INFO - [2025-03-22T19:41:07.851-0600] {dag.py:3239} INFO - Sync 2 DAGs
[2025-03-22T19:41:07.860-0600] {logging_mixin.py:190} INFO - [2025-03-22T19:41:07.859-0600] {dag.py:4180} INFO - Setting next_dagrun for example_subdag_operator.section-1 to None, run_after=None
[2025-03-22T19:41:07.862-0600] {logging_mixin.py:190} INFO - [2025-03-22T19:41:07.861-0600] {dag.py:4180} INFO - Setting next_dagrun for example_subdag_operator.section-2 to None, run_after=None
[2025-03-22T19:41:07.951-0600] {processor.py:208} INFO - Processing /home/saadh/.local/lib/python3.10/site-packages/airflow/example_dags/example_subdag_operator.py took 0.394 seconds
