[2025-03-22T19:31:22.294-0600] {processor.py:186} INFO - Started process (PID=34094) to work on /home/saadh/.local/lib/python3.10/site-packages/airflow/example_dags/example_sensor_decorator.py
[2025-03-22T19:31:22.301-0600] {processor.py:914} INFO - Processing file /home/saadh/.local/lib/python3.10/site-packages/airflow/example_dags/example_sensor_decorator.py for tasks to queue
[2025-03-22T19:31:22.316-0600] {logging_mixin.py:190} INFO - [2025-03-22T19:31:22.314-0600] {dagbag.py:588} INFO - Filling up the DagBag from /home/saadh/.local/lib/python3.10/site-packages/airflow/example_dags/example_sensor_decorator.py
[2025-03-22T19:31:22.369-0600] {processor.py:925} INFO - DAG(s) 'example_sensor_decorator' retrieved from /home/saadh/.local/lib/python3.10/site-packages/airflow/example_dags/example_sensor_decorator.py
[2025-03-22T19:31:23.140-0600] {logging_mixin.py:190} INFO - [2025-03-22T19:31:23.137-0600] {override.py:1930} INFO - Created Permission View: can delete on DAG:example_sensor_decorator
[2025-03-22T19:31:23.295-0600] {logging_mixin.py:190} INFO - [2025-03-22T19:31:23.294-0600] {override.py:1930} INFO - Created Permission View: can read on DAG:example_sensor_decorator
[2025-03-22T19:31:23.391-0600] {logging_mixin.py:190} INFO - [2025-03-22T19:31:23.390-0600] {override.py:1930} INFO - Created Permission View: can edit on DAG:example_sensor_decorator
[2025-03-22T19:31:23.497-0600] {logging_mixin.py:190} INFO - [2025-03-22T19:31:23.496-0600] {override.py:1930} INFO - Created Permission View: can delete on DAG Run:example_sensor_decorator
[2025-03-22T19:31:23.604-0600] {logging_mixin.py:190} INFO - [2025-03-22T19:31:23.603-0600] {override.py:1930} INFO - Created Permission View: can create on DAG Run:example_sensor_decorator
[2025-03-22T19:31:23.785-0600] {logging_mixin.py:190} INFO - [2025-03-22T19:31:23.783-0600] {override.py:1930} INFO - Created Permission View: menu access on DAG Run:example_sensor_decorator
[2025-03-22T19:31:23.950-0600] {logging_mixin.py:190} INFO - [2025-03-22T19:31:23.949-0600] {override.py:1930} INFO - Created Permission View: can read on DAG Run:example_sensor_decorator
[2025-03-22T19:31:23.952-0600] {logging_mixin.py:190} INFO - [2025-03-22T19:31:23.952-0600] {dag.py:3239} INFO - Sync 1 DAGs
[2025-03-22T19:31:24.008-0600] {logging_mixin.py:190} INFO - [2025-03-22T19:31:24.007-0600] {dag.py:3262} INFO - Creating ORM DAG for example_sensor_decorator
[2025-03-22T19:31:24.010-0600] {logging_mixin.py:190} INFO - [2025-03-22T19:31:24.010-0600] {dag.py:4180} INFO - Setting next_dagrun for example_sensor_decorator to None, run_after=None
[2025-03-22T19:31:24.210-0600] {processor.py:208} INFO - Processing /home/saadh/.local/lib/python3.10/site-packages/airflow/example_dags/example_sensor_decorator.py took 1.952 seconds
[2025-03-22T19:38:49.526-0600] {processor.py:186} INFO - Started process (PID=34262) to work on /home/saadh/.local/lib/python3.10/site-packages/airflow/example_dags/example_sensor_decorator.py
[2025-03-22T19:38:49.529-0600] {processor.py:914} INFO - Processing file /home/saadh/.local/lib/python3.10/site-packages/airflow/example_dags/example_sensor_decorator.py for tasks to queue
[2025-03-22T19:38:49.535-0600] {logging_mixin.py:190} INFO - [2025-03-22T19:38:49.534-0600] {dagbag.py:588} INFO - Filling up the DagBag from /home/saadh/.local/lib/python3.10/site-packages/airflow/example_dags/example_sensor_decorator.py
[2025-03-22T19:38:49.558-0600] {processor.py:925} INFO - DAG(s) 'example_sensor_decorator' retrieved from /home/saadh/.local/lib/python3.10/site-packages/airflow/example_dags/example_sensor_decorator.py
[2025-03-22T19:38:49.636-0600] {logging_mixin.py:190} INFO - [2025-03-22T19:38:49.635-0600] {dag.py:3239} INFO - Sync 1 DAGs
[2025-03-22T19:38:49.680-0600] {logging_mixin.py:190} INFO - [2025-03-22T19:38:49.679-0600] {dag.py:4180} INFO - Setting next_dagrun for example_sensor_decorator to None, run_after=None
[2025-03-22T19:38:49.831-0600] {processor.py:208} INFO - Processing /home/saadh/.local/lib/python3.10/site-packages/airflow/example_dags/example_sensor_decorator.py took 0.320 seconds
[2025-03-22T19:40:48.980-0600] {processor.py:186} INFO - Started process (PID=34333) to work on /home/saadh/.local/lib/python3.10/site-packages/airflow/example_dags/example_sensor_decorator.py
[2025-03-22T19:40:48.985-0600] {processor.py:914} INFO - Processing file /home/saadh/.local/lib/python3.10/site-packages/airflow/example_dags/example_sensor_decorator.py for tasks to queue
[2025-03-22T19:40:48.994-0600] {logging_mixin.py:190} INFO - [2025-03-22T19:40:48.993-0600] {dagbag.py:588} INFO - Filling up the DagBag from /home/saadh/.local/lib/python3.10/site-packages/airflow/example_dags/example_sensor_decorator.py
[2025-03-22T19:40:49.028-0600] {processor.py:925} INFO - DAG(s) 'example_sensor_decorator' retrieved from /home/saadh/.local/lib/python3.10/site-packages/airflow/example_dags/example_sensor_decorator.py
[2025-03-22T19:40:49.137-0600] {logging_mixin.py:190} INFO - [2025-03-22T19:40:49.137-0600] {dag.py:3239} INFO - Sync 1 DAGs
[2025-03-22T19:40:49.206-0600] {logging_mixin.py:190} INFO - [2025-03-22T19:40:49.205-0600] {dag.py:4180} INFO - Setting next_dagrun for example_sensor_decorator to None, run_after=None
[2025-03-22T19:40:49.447-0600] {processor.py:208} INFO - Processing /home/saadh/.local/lib/python3.10/site-packages/airflow/example_dags/example_sensor_decorator.py took 0.494 seconds
