[2025-03-22T19:31:09.185-0600] {processor.py:186} INFO - Started process (PID=34091) to work on /home/saadh/.local/lib/python3.10/site-packages/airflow/example_dags/example_outlet_event_extra.py
[2025-03-22T19:31:09.193-0600] {processor.py:914} INFO - Processing file /home/saadh/.local/lib/python3.10/site-packages/airflow/example_dags/example_outlet_event_extra.py for tasks to queue
[2025-03-22T19:31:09.205-0600] {logging_mixin.py:190} INFO - [2025-03-22T19:31:09.203-0600] {dagbag.py:588} INFO - Filling up the DagBag from /home/saadh/.local/lib/python3.10/site-packages/airflow/example_dags/example_outlet_event_extra.py
[2025-03-22T19:31:09.265-0600] {processor.py:925} INFO - DAG(s) 'dataset_with_extra_by_context', 'dataset_with_extra_by_yield', 'dataset_with_extra_from_classic_operator' retrieved from /home/saadh/.local/lib/python3.10/site-packages/airflow/example_dags/example_outlet_event_extra.py
[2025-03-22T19:31:09.805-0600] {logging_mixin.py:190} INFO - [2025-03-22T19:31:09.804-0600] {override.py:1930} INFO - Created Permission View: can delete on DAG:dataset_with_extra_by_context
[2025-03-22T19:31:09.934-0600] {logging_mixin.py:190} INFO - [2025-03-22T19:31:09.933-0600] {override.py:1930} INFO - Created Permission View: can read on DAG:dataset_with_extra_by_context
[2025-03-22T19:31:10.044-0600] {logging_mixin.py:190} INFO - [2025-03-22T19:31:10.043-0600] {override.py:1930} INFO - Created Permission View: can edit on DAG:dataset_with_extra_by_context
[2025-03-22T19:31:10.222-0600] {logging_mixin.py:190} INFO - [2025-03-22T19:31:10.221-0600] {override.py:1930} INFO - Created Permission View: can delete on DAG Run:dataset_with_extra_by_context
[2025-03-22T19:31:10.334-0600] {logging_mixin.py:190} INFO - [2025-03-22T19:31:10.332-0600] {override.py:1930} INFO - Created Permission View: can create on DAG Run:dataset_with_extra_by_context
[2025-03-22T19:31:10.439-0600] {logging_mixin.py:190} INFO - [2025-03-22T19:31:10.438-0600] {override.py:1930} INFO - Created Permission View: menu access on DAG Run:dataset_with_extra_by_context
[2025-03-22T19:31:10.544-0600] {logging_mixin.py:190} INFO - [2025-03-22T19:31:10.542-0600] {override.py:1930} INFO - Created Permission View: can read on DAG Run:dataset_with_extra_by_context
[2025-03-22T19:31:10.847-0600] {logging_mixin.py:190} INFO - [2025-03-22T19:31:10.846-0600] {override.py:1930} INFO - Created Permission View: can delete on DAG:dataset_with_extra_by_yield
[2025-03-22T19:31:11.050-0600] {logging_mixin.py:190} INFO - [2025-03-22T19:31:11.047-0600] {override.py:1930} INFO - Created Permission View: can read on DAG:dataset_with_extra_by_yield
[2025-03-22T19:31:11.252-0600] {logging_mixin.py:190} INFO - [2025-03-22T19:31:11.251-0600] {override.py:1930} INFO - Created Permission View: can edit on DAG:dataset_with_extra_by_yield
[2025-03-22T19:31:11.378-0600] {logging_mixin.py:190} INFO - [2025-03-22T19:31:11.377-0600] {override.py:1930} INFO - Created Permission View: can delete on DAG Run:dataset_with_extra_by_yield
[2025-03-22T19:31:11.462-0600] {logging_mixin.py:190} INFO - [2025-03-22T19:31:11.461-0600] {override.py:1930} INFO - Created Permission View: can create on DAG Run:dataset_with_extra_by_yield
[2025-03-22T19:31:11.573-0600] {logging_mixin.py:190} INFO - [2025-03-22T19:31:11.571-0600] {override.py:1930} INFO - Created Permission View: menu access on DAG Run:dataset_with_extra_by_yield
[2025-03-22T19:31:11.760-0600] {logging_mixin.py:190} INFO - [2025-03-22T19:31:11.758-0600] {override.py:1930} INFO - Created Permission View: can read on DAG Run:dataset_with_extra_by_yield
[2025-03-22T19:31:12.049-0600] {logging_mixin.py:190} INFO - [2025-03-22T19:31:12.048-0600] {override.py:1930} INFO - Created Permission View: can delete on DAG:dataset_with_extra_from_classic_operator
[2025-03-22T19:31:12.224-0600] {logging_mixin.py:190} INFO - [2025-03-22T19:31:12.222-0600] {override.py:1930} INFO - Created Permission View: can read on DAG:dataset_with_extra_from_classic_operator
[2025-03-22T19:31:12.423-0600] {logging_mixin.py:190} INFO - [2025-03-22T19:31:12.420-0600] {override.py:1930} INFO - Created Permission View: can edit on DAG:dataset_with_extra_from_classic_operator
[2025-03-22T19:31:12.663-0600] {logging_mixin.py:190} INFO - [2025-03-22T19:31:12.661-0600] {override.py:1930} INFO - Created Permission View: can delete on DAG Run:dataset_with_extra_from_classic_operator
[2025-03-22T19:31:12.790-0600] {logging_mixin.py:190} INFO - [2025-03-22T19:31:12.789-0600] {override.py:1930} INFO - Created Permission View: can create on DAG Run:dataset_with_extra_from_classic_operator
[2025-03-22T19:31:12.871-0600] {logging_mixin.py:190} INFO - [2025-03-22T19:31:12.870-0600] {override.py:1930} INFO - Created Permission View: menu access on DAG Run:dataset_with_extra_from_classic_operator
[2025-03-22T19:31:12.951-0600] {logging_mixin.py:190} INFO - [2025-03-22T19:31:12.951-0600] {override.py:1930} INFO - Created Permission View: can read on DAG Run:dataset_with_extra_from_classic_operator
[2025-03-22T19:31:12.953-0600] {logging_mixin.py:190} INFO - [2025-03-22T19:31:12.952-0600] {dag.py:3239} INFO - Sync 3 DAGs
[2025-03-22T19:31:12.987-0600] {logging_mixin.py:190} INFO - [2025-03-22T19:31:12.987-0600] {dag.py:3262} INFO - Creating ORM DAG for dataset_with_extra_from_classic_operator
[2025-03-22T19:31:12.989-0600] {logging_mixin.py:190} INFO - [2025-03-22T19:31:12.989-0600] {dag.py:3262} INFO - Creating ORM DAG for dataset_with_extra_by_yield
[2025-03-22T19:31:12.991-0600] {logging_mixin.py:190} INFO - [2025-03-22T19:31:12.991-0600] {dag.py:3262} INFO - Creating ORM DAG for dataset_with_extra_by_context
[2025-03-22T19:31:13.024-0600] {logging_mixin.py:190} INFO - [2025-03-22T19:31:13.023-0600] {dag.py:4180} INFO - Setting next_dagrun for dataset_with_extra_by_context to 2025-03-22 00:00:00+00:00, run_after=2025-03-23 00:00:00+00:00
[2025-03-22T19:31:13.034-0600] {logging_mixin.py:190} INFO - [2025-03-22T19:31:13.033-0600] {dag.py:4180} INFO - Setting next_dagrun for dataset_with_extra_by_yield to 2025-03-22 00:00:00+00:00, run_after=2025-03-23 00:00:00+00:00
[2025-03-22T19:31:13.042-0600] {logging_mixin.py:190} INFO - [2025-03-22T19:31:13.042-0600] {dag.py:4180} INFO - Setting next_dagrun for dataset_with_extra_from_classic_operator to 2025-03-22 00:00:00+00:00, run_after=2025-03-23 00:00:00+00:00
[2025-03-22T19:31:13.339-0600] {processor.py:208} INFO - Processing /home/saadh/.local/lib/python3.10/site-packages/airflow/example_dags/example_outlet_event_extra.py took 4.188 seconds
[2025-03-22T19:38:42.289-0600] {processor.py:186} INFO - Started process (PID=34259) to work on /home/saadh/.local/lib/python3.10/site-packages/airflow/example_dags/example_outlet_event_extra.py
[2025-03-22T19:38:42.294-0600] {processor.py:914} INFO - Processing file /home/saadh/.local/lib/python3.10/site-packages/airflow/example_dags/example_outlet_event_extra.py for tasks to queue
[2025-03-22T19:38:42.304-0600] {logging_mixin.py:190} INFO - [2025-03-22T19:38:42.303-0600] {dagbag.py:588} INFO - Filling up the DagBag from /home/saadh/.local/lib/python3.10/site-packages/airflow/example_dags/example_outlet_event_extra.py
[2025-03-22T19:38:42.362-0600] {processor.py:925} INFO - DAG(s) 'dataset_with_extra_from_classic_operator', 'dataset_with_extra_by_context', 'dataset_with_extra_by_yield' retrieved from /home/saadh/.local/lib/python3.10/site-packages/airflow/example_dags/example_outlet_event_extra.py
[2025-03-22T19:38:42.475-0600] {logging_mixin.py:190} INFO - [2025-03-22T19:38:42.474-0600] {dag.py:3239} INFO - Sync 3 DAGs
[2025-03-22T19:38:42.548-0600] {logging_mixin.py:190} INFO - [2025-03-22T19:38:42.548-0600] {dag.py:4180} INFO - Setting next_dagrun for dataset_with_extra_by_context to 2025-03-22 00:00:00+00:00, run_after=2025-03-23 00:00:00+00:00
[2025-03-22T19:38:42.567-0600] {logging_mixin.py:190} INFO - [2025-03-22T19:38:42.566-0600] {dag.py:4180} INFO - Setting next_dagrun for dataset_with_extra_by_yield to 2025-03-22 00:00:00+00:00, run_after=2025-03-23 00:00:00+00:00
[2025-03-22T19:38:42.579-0600] {logging_mixin.py:190} INFO - [2025-03-22T19:38:42.579-0600] {dag.py:4180} INFO - Setting next_dagrun for dataset_with_extra_from_classic_operator to 2025-03-22 00:00:00+00:00, run_after=2025-03-23 00:00:00+00:00
[2025-03-22T19:38:42.749-0600] {processor.py:208} INFO - Processing /home/saadh/.local/lib/python3.10/site-packages/airflow/example_dags/example_outlet_event_extra.py took 0.483 seconds
[2025-03-22T19:40:42.323-0600] {processor.py:186} INFO - Started process (PID=34330) to work on /home/saadh/.local/lib/python3.10/site-packages/airflow/example_dags/example_outlet_event_extra.py
[2025-03-22T19:40:42.328-0600] {processor.py:914} INFO - Processing file /home/saadh/.local/lib/python3.10/site-packages/airflow/example_dags/example_outlet_event_extra.py for tasks to queue
[2025-03-22T19:40:42.337-0600] {logging_mixin.py:190} INFO - [2025-03-22T19:40:42.335-0600] {dagbag.py:588} INFO - Filling up the DagBag from /home/saadh/.local/lib/python3.10/site-packages/airflow/example_dags/example_outlet_event_extra.py
[2025-03-22T19:40:42.397-0600] {processor.py:925} INFO - DAG(s) 'dataset_with_extra_by_context', 'dataset_with_extra_from_classic_operator', 'dataset_with_extra_by_yield' retrieved from /home/saadh/.local/lib/python3.10/site-packages/airflow/example_dags/example_outlet_event_extra.py
[2025-03-22T19:40:42.564-0600] {logging_mixin.py:190} INFO - [2025-03-22T19:40:42.564-0600] {dag.py:3239} INFO - Sync 3 DAGs
[2025-03-22T19:40:42.686-0600] {logging_mixin.py:190} INFO - [2025-03-22T19:40:42.685-0600] {dag.py:4180} INFO - Setting next_dagrun for dataset_with_extra_by_context to 2025-03-22 00:00:00+00:00, run_after=2025-03-23 00:00:00+00:00
[2025-03-22T19:40:42.707-0600] {logging_mixin.py:190} INFO - [2025-03-22T19:40:42.707-0600] {dag.py:4180} INFO - Setting next_dagrun for dataset_with_extra_by_yield to 2025-03-22 00:00:00+00:00, run_after=2025-03-23 00:00:00+00:00
[2025-03-22T19:40:42.720-0600] {logging_mixin.py:190} INFO - [2025-03-22T19:40:42.719-0600] {dag.py:4180} INFO - Setting next_dagrun for dataset_with_extra_from_classic_operator to 2025-03-22 00:00:00+00:00, run_after=2025-03-23 00:00:00+00:00
[2025-03-22T19:40:42.921-0600] {processor.py:208} INFO - Processing /home/saadh/.local/lib/python3.10/site-packages/airflow/example_dags/example_outlet_event_extra.py took 0.623 seconds
