[2025-03-22T19:31:34.298-0600] {processor.py:186} INFO - Started process (PID=34097) to work on /home/saadh/.local/lib/python3.10/site-packages/airflow/example_dags/example_nested_branch_dag.py
[2025-03-22T19:31:34.300-0600] {processor.py:914} INFO - Processing file /home/saadh/.local/lib/python3.10/site-packages/airflow/example_dags/example_nested_branch_dag.py for tasks to queue
[2025-03-22T19:31:34.305-0600] {logging_mixin.py:190} INFO - [2025-03-22T19:31:34.304-0600] {dagbag.py:588} INFO - Filling up the DagBag from /home/saadh/.local/lib/python3.10/site-packages/airflow/example_dags/example_nested_branch_dag.py
[2025-03-22T19:31:34.332-0600] {processor.py:925} INFO - DAG(s) 'example_nested_branch_dag' retrieved from /home/saadh/.local/lib/python3.10/site-packages/airflow/example_dags/example_nested_branch_dag.py
[2025-03-22T19:31:34.746-0600] {logging_mixin.py:190} INFO - [2025-03-22T19:31:34.744-0600] {override.py:1930} INFO - Created Permission View: can delete on DAG:example_nested_branch_dag
[2025-03-22T19:31:34.931-0600] {logging_mixin.py:190} INFO - [2025-03-22T19:31:34.929-0600] {override.py:1930} INFO - Created Permission View: can read on DAG:example_nested_branch_dag
[2025-03-22T19:31:35.059-0600] {logging_mixin.py:190} INFO - [2025-03-22T19:31:35.059-0600] {override.py:1930} INFO - Created Permission View: can edit on DAG:example_nested_branch_dag
[2025-03-22T19:31:35.208-0600] {logging_mixin.py:190} INFO - [2025-03-22T19:31:35.207-0600] {override.py:1930} INFO - Created Permission View: can delete on DAG Run:example_nested_branch_dag
[2025-03-22T19:31:35.301-0600] {logging_mixin.py:190} INFO - [2025-03-22T19:31:35.300-0600] {override.py:1930} INFO - Created Permission View: can create on DAG Run:example_nested_branch_dag
[2025-03-22T19:31:35.422-0600] {logging_mixin.py:190} INFO - [2025-03-22T19:31:35.420-0600] {override.py:1930} INFO - Created Permission View: menu access on DAG Run:example_nested_branch_dag
[2025-03-22T19:31:35.586-0600] {logging_mixin.py:190} INFO - [2025-03-22T19:31:35.585-0600] {override.py:1930} INFO - Created Permission View: can read on DAG Run:example_nested_branch_dag
[2025-03-22T19:31:35.589-0600] {logging_mixin.py:190} INFO - [2025-03-22T19:31:35.588-0600] {dag.py:3239} INFO - Sync 1 DAGs
[2025-03-22T19:31:35.692-0600] {logging_mixin.py:190} INFO - [2025-03-22T19:31:35.692-0600] {dag.py:3262} INFO - Creating ORM DAG for example_nested_branch_dag
[2025-03-22T19:31:35.724-0600] {logging_mixin.py:190} INFO - [2025-03-22T19:31:35.723-0600] {dag.py:4180} INFO - Setting next_dagrun for example_nested_branch_dag to 2025-03-22 00:00:00+00:00, run_after=2025-03-23 00:00:00+00:00
[2025-03-22T19:31:35.872-0600] {processor.py:208} INFO - Processing /home/saadh/.local/lib/python3.10/site-packages/airflow/example_dags/example_nested_branch_dag.py took 1.587 seconds
[2025-03-22T19:38:54.923-0600] {processor.py:186} INFO - Started process (PID=34265) to work on /home/saadh/.local/lib/python3.10/site-packages/airflow/example_dags/example_nested_branch_dag.py
[2025-03-22T19:38:54.928-0600] {processor.py:914} INFO - Processing file /home/saadh/.local/lib/python3.10/site-packages/airflow/example_dags/example_nested_branch_dag.py for tasks to queue
[2025-03-22T19:38:54.936-0600] {logging_mixin.py:190} INFO - [2025-03-22T19:38:54.935-0600] {dagbag.py:588} INFO - Filling up the DagBag from /home/saadh/.local/lib/python3.10/site-packages/airflow/example_dags/example_nested_branch_dag.py
[2025-03-22T19:38:54.979-0600] {processor.py:925} INFO - DAG(s) 'example_nested_branch_dag' retrieved from /home/saadh/.local/lib/python3.10/site-packages/airflow/example_dags/example_nested_branch_dag.py
[2025-03-22T19:38:55.059-0600] {logging_mixin.py:190} INFO - [2025-03-22T19:38:55.058-0600] {dag.py:3239} INFO - Sync 1 DAGs
[2025-03-22T19:38:55.129-0600] {logging_mixin.py:190} INFO - [2025-03-22T19:38:55.129-0600] {dag.py:4180} INFO - Setting next_dagrun for example_nested_branch_dag to 2025-03-22 00:00:00+00:00, run_after=2025-03-23 00:00:00+00:00
[2025-03-22T19:38:55.289-0600] {processor.py:208} INFO - Processing /home/saadh/.local/lib/python3.10/site-packages/airflow/example_dags/example_nested_branch_dag.py took 0.390 seconds
[2025-03-22T19:40:53.630-0600] {processor.py:186} INFO - Started process (PID=34336) to work on /home/saadh/.local/lib/python3.10/site-packages/airflow/example_dags/example_nested_branch_dag.py
[2025-03-22T19:40:53.634-0600] {processor.py:914} INFO - Processing file /home/saadh/.local/lib/python3.10/site-packages/airflow/example_dags/example_nested_branch_dag.py for tasks to queue
[2025-03-22T19:40:53.647-0600] {logging_mixin.py:190} INFO - [2025-03-22T19:40:53.646-0600] {dagbag.py:588} INFO - Filling up the DagBag from /home/saadh/.local/lib/python3.10/site-packages/airflow/example_dags/example_nested_branch_dag.py
[2025-03-22T19:40:53.706-0600] {processor.py:925} INFO - DAG(s) 'example_nested_branch_dag' retrieved from /home/saadh/.local/lib/python3.10/site-packages/airflow/example_dags/example_nested_branch_dag.py
[2025-03-22T19:40:53.838-0600] {logging_mixin.py:190} INFO - [2025-03-22T19:40:53.837-0600] {dag.py:3239} INFO - Sync 1 DAGs
[2025-03-22T19:40:53.902-0600] {logging_mixin.py:190} INFO - [2025-03-22T19:40:53.902-0600] {dag.py:4180} INFO - Setting next_dagrun for example_nested_branch_dag to 2025-03-22 00:00:00+00:00, run_after=2025-03-23 00:00:00+00:00
[2025-03-22T19:40:54.062-0600] {processor.py:208} INFO - Processing /home/saadh/.local/lib/python3.10/site-packages/airflow/example_dags/example_nested_branch_dag.py took 0.464 seconds
