[2025-03-22T19:32:08.159-0600] {processor.py:186} INFO - Started process (PID=34107) to work on /home/saadh/.local/lib/python3.10/site-packages/airflow/example_dags/example_latest_only.py
[2025-03-22T19:32:08.162-0600] {processor.py:914} INFO - Processing file /home/saadh/.local/lib/python3.10/site-packages/airflow/example_dags/example_latest_only.py for tasks to queue
[2025-03-22T19:32:08.170-0600] {logging_mixin.py:190} INFO - [2025-03-22T19:32:08.169-0600] {dagbag.py:588} INFO - Filling up the DagBag from /home/saadh/.local/lib/python3.10/site-packages/airflow/example_dags/example_latest_only.py
[2025-03-22T19:32:08.185-0600] {processor.py:925} INFO - DAG(s) 'latest_only' retrieved from /home/saadh/.local/lib/python3.10/site-packages/airflow/example_dags/example_latest_only.py
[2025-03-22T19:32:08.563-0600] {logging_mixin.py:190} INFO - [2025-03-22T19:32:08.558-0600] {override.py:1930} INFO - Created Permission View: can delete on DAG:latest_only
[2025-03-22T19:32:08.663-0600] {logging_mixin.py:190} INFO - [2025-03-22T19:32:08.662-0600] {override.py:1930} INFO - Created Permission View: can read on DAG:latest_only
[2025-03-22T19:32:08.736-0600] {logging_mixin.py:190} INFO - [2025-03-22T19:32:08.735-0600] {override.py:1930} INFO - Created Permission View: can edit on DAG:latest_only
[2025-03-22T19:32:08.857-0600] {logging_mixin.py:190} INFO - [2025-03-22T19:32:08.855-0600] {override.py:1930} INFO - Created Permission View: can delete on DAG Run:latest_only
[2025-03-22T19:32:09.028-0600] {logging_mixin.py:190} INFO - [2025-03-22T19:32:09.026-0600] {override.py:1930} INFO - Created Permission View: can create on DAG Run:latest_only
[2025-03-22T19:32:09.201-0600] {logging_mixin.py:190} INFO - [2025-03-22T19:32:09.199-0600] {override.py:1930} INFO - Created Permission View: menu access on DAG Run:latest_only
[2025-03-22T19:32:09.375-0600] {logging_mixin.py:190} INFO - [2025-03-22T19:32:09.373-0600] {override.py:1930} INFO - Created Permission View: can read on DAG Run:latest_only
[2025-03-22T19:32:09.378-0600] {logging_mixin.py:190} INFO - [2025-03-22T19:32:09.377-0600] {dag.py:3239} INFO - Sync 1 DAGs
[2025-03-22T19:32:09.476-0600] {logging_mixin.py:190} INFO - [2025-03-22T19:32:09.476-0600] {dag.py:3262} INFO - Creating ORM DAG for latest_only
[2025-03-22T19:32:09.536-0600] {logging_mixin.py:190} INFO - [2025-03-22T19:32:09.536-0600] {dag.py:4180} INFO - Setting next_dagrun for latest_only to 2025-03-22 20:00:00+00:00, run_after=2025-03-23 00:00:00+00:00
[2025-03-22T19:32:09.851-0600] {processor.py:208} INFO - Processing /home/saadh/.local/lib/python3.10/site-packages/airflow/example_dags/example_latest_only.py took 1.710 seconds
[2025-03-22T19:39:14.832-0600] {processor.py:186} INFO - Started process (PID=34275) to work on /home/saadh/.local/lib/python3.10/site-packages/airflow/example_dags/example_latest_only.py
[2025-03-22T19:39:14.836-0600] {processor.py:914} INFO - Processing file /home/saadh/.local/lib/python3.10/site-packages/airflow/example_dags/example_latest_only.py for tasks to queue
[2025-03-22T19:39:14.849-0600] {logging_mixin.py:190} INFO - [2025-03-22T19:39:14.848-0600] {dagbag.py:588} INFO - Filling up the DagBag from /home/saadh/.local/lib/python3.10/site-packages/airflow/example_dags/example_latest_only.py
[2025-03-22T19:39:14.878-0600] {processor.py:925} INFO - DAG(s) 'latest_only' retrieved from /home/saadh/.local/lib/python3.10/site-packages/airflow/example_dags/example_latest_only.py
[2025-03-22T19:39:14.984-0600] {logging_mixin.py:190} INFO - [2025-03-22T19:39:14.983-0600] {dag.py:3239} INFO - Sync 1 DAGs
[2025-03-22T19:39:15.101-0600] {logging_mixin.py:190} INFO - [2025-03-22T19:39:15.100-0600] {dag.py:4180} INFO - Setting next_dagrun for latest_only to 2025-03-22 20:00:00+00:00, run_after=2025-03-23 00:00:00+00:00
[2025-03-22T19:39:15.279-0600] {processor.py:208} INFO - Processing /home/saadh/.local/lib/python3.10/site-packages/airflow/example_dags/example_latest_only.py took 0.474 seconds
[2025-03-22T19:41:15.410-0600] {processor.py:186} INFO - Started process (PID=34346) to work on /home/saadh/.local/lib/python3.10/site-packages/airflow/example_dags/example_latest_only.py
[2025-03-22T19:41:15.415-0600] {processor.py:914} INFO - Processing file /home/saadh/.local/lib/python3.10/site-packages/airflow/example_dags/example_latest_only.py for tasks to queue
[2025-03-22T19:41:15.426-0600] {logging_mixin.py:190} INFO - [2025-03-22T19:41:15.425-0600] {dagbag.py:588} INFO - Filling up the DagBag from /home/saadh/.local/lib/python3.10/site-packages/airflow/example_dags/example_latest_only.py
[2025-03-22T19:41:15.456-0600] {processor.py:925} INFO - DAG(s) 'latest_only' retrieved from /home/saadh/.local/lib/python3.10/site-packages/airflow/example_dags/example_latest_only.py
[2025-03-22T19:41:15.576-0600] {logging_mixin.py:190} INFO - [2025-03-22T19:41:15.576-0600] {dag.py:3239} INFO - Sync 1 DAGs
[2025-03-22T19:41:15.706-0600] {logging_mixin.py:190} INFO - [2025-03-22T19:41:15.706-0600] {dag.py:4180} INFO - Setting next_dagrun for latest_only to 2025-03-22 20:00:00+00:00, run_after=2025-03-23 00:00:00+00:00
[2025-03-22T19:41:15.975-0600] {processor.py:208} INFO - Processing /home/saadh/.local/lib/python3.10/site-packages/airflow/example_dags/example_latest_only.py took 0.594 seconds
