[2025-03-22T19:33:00.140-0600] {processor.py:186} INFO - Started process (PID=34124) to work on /home/saadh/.local/lib/python3.10/site-packages/airflow/example_dags/example_dataset_alias_with_no_taskflow.py
[2025-03-22T19:33:00.143-0600] {processor.py:914} INFO - Processing file /home/saadh/.local/lib/python3.10/site-packages/airflow/example_dags/example_dataset_alias_with_no_taskflow.py for tasks to queue
[2025-03-22T19:33:00.151-0600] {logging_mixin.py:190} INFO - [2025-03-22T19:33:00.150-0600] {dagbag.py:588} INFO - Filling up the DagBag from /home/saadh/.local/lib/python3.10/site-packages/airflow/example_dags/example_dataset_alias_with_no_taskflow.py
[2025-03-22T19:33:00.227-0600] {processor.py:925} INFO - DAG(s) 'dataset_s3_bucket_consumer_with_no_taskflow', 'dataset_s3_bucket_producer_with_no_taskflow', 'dataset_alias_example_alias_producer_with_no_taskflow', 'dataset_alias_example_alias_consumer_with_no_taskflow' retrieved from /home/saadh/.local/lib/python3.10/site-packages/airflow/example_dags/example_dataset_alias_with_no_taskflow.py
[2025-03-22T19:33:00.827-0600] {logging_mixin.py:190} INFO - [2025-03-22T19:33:00.824-0600] {override.py:1930} INFO - Created Permission View: can delete on DAG:dataset_s3_bucket_consumer_with_no_taskflow
[2025-03-22T19:33:01.019-0600] {logging_mixin.py:190} INFO - [2025-03-22T19:33:01.017-0600] {override.py:1930} INFO - Created Permission View: can read on DAG:dataset_s3_bucket_consumer_with_no_taskflow
[2025-03-22T19:33:01.193-0600] {logging_mixin.py:190} INFO - [2025-03-22T19:33:01.192-0600] {override.py:1930} INFO - Created Permission View: can edit on DAG:dataset_s3_bucket_consumer_with_no_taskflow
[2025-03-22T19:33:01.318-0600] {logging_mixin.py:190} INFO - [2025-03-22T19:33:01.317-0600] {override.py:1930} INFO - Created Permission View: can delete on DAG Run:dataset_s3_bucket_consumer_with_no_taskflow
[2025-03-22T19:33:01.397-0600] {logging_mixin.py:190} INFO - [2025-03-22T19:33:01.397-0600] {override.py:1930} INFO - Created Permission View: can create on DAG Run:dataset_s3_bucket_consumer_with_no_taskflow
[2025-03-22T19:33:01.525-0600] {logging_mixin.py:190} INFO - [2025-03-22T19:33:01.523-0600] {override.py:1930} INFO - Created Permission View: menu access on DAG Run:dataset_s3_bucket_consumer_with_no_taskflow
[2025-03-22T19:33:01.682-0600] {logging_mixin.py:190} INFO - [2025-03-22T19:33:01.680-0600] {override.py:1930} INFO - Created Permission View: can read on DAG Run:dataset_s3_bucket_consumer_with_no_taskflow
[2025-03-22T19:33:01.874-0600] {logging_mixin.py:190} INFO - [2025-03-22T19:33:01.873-0600] {override.py:1930} INFO - Created Permission View: can delete on DAG:dataset_s3_bucket_producer_with_no_taskflow
[2025-03-22T19:33:01.946-0600] {logging_mixin.py:190} INFO - [2025-03-22T19:33:01.945-0600] {override.py:1930} INFO - Created Permission View: can read on DAG:dataset_s3_bucket_producer_with_no_taskflow
[2025-03-22T19:33:02.013-0600] {logging_mixin.py:190} INFO - [2025-03-22T19:33:02.012-0600] {override.py:1930} INFO - Created Permission View: can edit on DAG:dataset_s3_bucket_producer_with_no_taskflow
[2025-03-22T19:33:02.157-0600] {logging_mixin.py:190} INFO - [2025-03-22T19:33:02.156-0600] {override.py:1930} INFO - Created Permission View: can delete on DAG Run:dataset_s3_bucket_producer_with_no_taskflow
[2025-03-22T19:33:02.333-0600] {logging_mixin.py:190} INFO - [2025-03-22T19:33:02.331-0600] {override.py:1930} INFO - Created Permission View: can create on DAG Run:dataset_s3_bucket_producer_with_no_taskflow
[2025-03-22T19:33:02.507-0600] {logging_mixin.py:190} INFO - [2025-03-22T19:33:02.506-0600] {override.py:1930} INFO - Created Permission View: menu access on DAG Run:dataset_s3_bucket_producer_with_no_taskflow
[2025-03-22T19:33:02.679-0600] {logging_mixin.py:190} INFO - [2025-03-22T19:33:02.677-0600] {override.py:1930} INFO - Created Permission View: can read on DAG Run:dataset_s3_bucket_producer_with_no_taskflow
[2025-03-22T19:33:02.965-0600] {logging_mixin.py:190} INFO - [2025-03-22T19:33:02.964-0600] {override.py:1930} INFO - Created Permission View: can delete on DAG:dataset_alias_example_alias_producer_with_no_taskflow
[2025-03-22T19:33:03.072-0600] {logging_mixin.py:190} INFO - [2025-03-22T19:33:03.071-0600] {override.py:1930} INFO - Created Permission View: can read on DAG:dataset_alias_example_alias_producer_with_no_taskflow
[2025-03-22T19:33:03.170-0600] {logging_mixin.py:190} INFO - [2025-03-22T19:33:03.169-0600] {override.py:1930} INFO - Created Permission View: can edit on DAG:dataset_alias_example_alias_producer_with_no_taskflow
[2025-03-22T19:33:03.318-0600] {logging_mixin.py:190} INFO - [2025-03-22T19:33:03.316-0600] {override.py:1930} INFO - Created Permission View: can delete on DAG Run:dataset_alias_example_alias_producer_with_no_taskflow
[2025-03-22T19:33:03.489-0600] {logging_mixin.py:190} INFO - [2025-03-22T19:33:03.488-0600] {override.py:1930} INFO - Created Permission View: can create on DAG Run:dataset_alias_example_alias_producer_with_no_taskflow
[2025-03-22T19:33:03.586-0600] {logging_mixin.py:190} INFO - [2025-03-22T19:33:03.584-0600] {override.py:1930} INFO - Created Permission View: menu access on DAG Run:dataset_alias_example_alias_producer_with_no_taskflow
[2025-03-22T19:33:03.693-0600] {logging_mixin.py:190} INFO - [2025-03-22T19:33:03.692-0600] {override.py:1930} INFO - Created Permission View: can read on DAG Run:dataset_alias_example_alias_producer_with_no_taskflow
[2025-03-22T19:33:03.879-0600] {logging_mixin.py:190} INFO - [2025-03-22T19:33:03.878-0600] {override.py:1930} INFO - Created Permission View: can delete on DAG:dataset_alias_example_alias_consumer_with_no_taskflow
[2025-03-22T19:33:03.961-0600] {logging_mixin.py:190} INFO - [2025-03-22T19:33:03.960-0600] {override.py:1930} INFO - Created Permission View: can read on DAG:dataset_alias_example_alias_consumer_with_no_taskflow
[2025-03-22T19:33:04.056-0600] {logging_mixin.py:190} INFO - [2025-03-22T19:33:04.055-0600] {override.py:1930} INFO - Created Permission View: can edit on DAG:dataset_alias_example_alias_consumer_with_no_taskflow
[2025-03-22T19:33:04.180-0600] {logging_mixin.py:190} INFO - [2025-03-22T19:33:04.179-0600] {override.py:1930} INFO - Created Permission View: can delete on DAG Run:dataset_alias_example_alias_consumer_with_no_taskflow
[2025-03-22T19:33:04.268-0600] {logging_mixin.py:190} INFO - [2025-03-22T19:33:04.267-0600] {override.py:1930} INFO - Created Permission View: can create on DAG Run:dataset_alias_example_alias_consumer_with_no_taskflow
[2025-03-22T19:33:04.356-0600] {logging_mixin.py:190} INFO - [2025-03-22T19:33:04.355-0600] {override.py:1930} INFO - Created Permission View: menu access on DAG Run:dataset_alias_example_alias_consumer_with_no_taskflow
[2025-03-22T19:33:04.443-0600] {logging_mixin.py:190} INFO - [2025-03-22T19:33:04.442-0600] {override.py:1930} INFO - Created Permission View: can read on DAG Run:dataset_alias_example_alias_consumer_with_no_taskflow
[2025-03-22T19:33:04.445-0600] {logging_mixin.py:190} INFO - [2025-03-22T19:33:04.444-0600] {dag.py:3239} INFO - Sync 4 DAGs
[2025-03-22T19:33:04.491-0600] {logging_mixin.py:190} INFO - [2025-03-22T19:33:04.491-0600] {dag.py:3262} INFO - Creating ORM DAG for dataset_alias_example_alias_producer_with_no_taskflow
[2025-03-22T19:33:04.494-0600] {logging_mixin.py:190} INFO - [2025-03-22T19:33:04.493-0600] {dag.py:3262} INFO - Creating ORM DAG for dataset_s3_bucket_producer_with_no_taskflow
[2025-03-22T19:33:04.496-0600] {logging_mixin.py:190} INFO - [2025-03-22T19:33:04.495-0600] {dag.py:3262} INFO - Creating ORM DAG for dataset_s3_bucket_consumer_with_no_taskflow
[2025-03-22T19:33:04.498-0600] {logging_mixin.py:190} INFO - [2025-03-22T19:33:04.497-0600] {dag.py:3262} INFO - Creating ORM DAG for dataset_alias_example_alias_consumer_with_no_taskflow
[2025-03-22T19:33:04.525-0600] {logging_mixin.py:190} INFO - [2025-03-22T19:33:04.525-0600] {dag.py:4180} INFO - Setting next_dagrun for dataset_alias_example_alias_consumer_with_no_taskflow to None, run_after=None
[2025-03-22T19:33:04.528-0600] {logging_mixin.py:190} INFO - [2025-03-22T19:33:04.527-0600] {dag.py:4180} INFO - Setting next_dagrun for dataset_alias_example_alias_producer_with_no_taskflow to None, run_after=None
[2025-03-22T19:33:04.531-0600] {logging_mixin.py:190} INFO - [2025-03-22T19:33:04.531-0600] {dag.py:4180} INFO - Setting next_dagrun for dataset_s3_bucket_consumer_with_no_taskflow to None, run_after=None
[2025-03-22T19:33:04.533-0600] {logging_mixin.py:190} INFO - [2025-03-22T19:33:04.533-0600] {dag.py:4180} INFO - Setting next_dagrun for dataset_s3_bucket_producer_with_no_taskflow to None, run_after=None
[2025-03-22T19:33:04.752-0600] {processor.py:208} INFO - Processing /home/saadh/.local/lib/python3.10/site-packages/airflow/example_dags/example_dataset_alias_with_no_taskflow.py took 4.630 seconds
[2025-03-22T19:39:42.041-0600] {processor.py:186} INFO - Started process (PID=34288) to work on /home/saadh/.local/lib/python3.10/site-packages/airflow/example_dags/example_dataset_alias_with_no_taskflow.py
[2025-03-22T19:39:42.045-0600] {processor.py:914} INFO - Processing file /home/saadh/.local/lib/python3.10/site-packages/airflow/example_dags/example_dataset_alias_with_no_taskflow.py for tasks to queue
[2025-03-22T19:39:42.056-0600] {logging_mixin.py:190} INFO - [2025-03-22T19:39:42.053-0600] {dagbag.py:588} INFO - Filling up the DagBag from /home/saadh/.local/lib/python3.10/site-packages/airflow/example_dags/example_dataset_alias_with_no_taskflow.py
[2025-03-22T19:39:42.200-0600] {processor.py:925} INFO - DAG(s) 'dataset_alias_example_alias_consumer_with_no_taskflow', 'dataset_s3_bucket_consumer_with_no_taskflow', 'dataset_s3_bucket_producer_with_no_taskflow', 'dataset_alias_example_alias_producer_with_no_taskflow' retrieved from /home/saadh/.local/lib/python3.10/site-packages/airflow/example_dags/example_dataset_alias_with_no_taskflow.py
[2025-03-22T19:39:42.444-0600] {logging_mixin.py:190} INFO - [2025-03-22T19:39:42.443-0600] {dag.py:3239} INFO - Sync 4 DAGs
[2025-03-22T19:39:42.568-0600] {logging_mixin.py:190} INFO - [2025-03-22T19:39:42.568-0600] {dag.py:4180} INFO - Setting next_dagrun for dataset_alias_example_alias_consumer_with_no_taskflow to None, run_after=None
[2025-03-22T19:39:42.588-0600] {logging_mixin.py:190} INFO - [2025-03-22T19:39:42.587-0600] {dag.py:4180} INFO - Setting next_dagrun for dataset_alias_example_alias_producer_with_no_taskflow to None, run_after=None
[2025-03-22T19:39:42.601-0600] {logging_mixin.py:190} INFO - [2025-03-22T19:39:42.600-0600] {dag.py:4180} INFO - Setting next_dagrun for dataset_s3_bucket_consumer_with_no_taskflow to None, run_after=None
[2025-03-22T19:39:42.614-0600] {logging_mixin.py:190} INFO - [2025-03-22T19:39:42.613-0600] {dag.py:4180} INFO - Setting next_dagrun for dataset_s3_bucket_producer_with_no_taskflow to None, run_after=None
[2025-03-22T19:39:42.923-0600] {processor.py:208} INFO - Processing /home/saadh/.local/lib/python3.10/site-packages/airflow/example_dags/example_dataset_alias_with_no_taskflow.py took 0.908 seconds
