[2025-03-22T19:31:49.077-0600] {processor.py:186} INFO - Started process (PID=34102) to work on /home/saadh/.local/lib/python3.10/site-packages/airflow/example_dags/example_time_delta_sensor_async.py
[2025-03-22T19:31:49.081-0600] {processor.py:914} INFO - Processing file /home/saadh/.local/lib/python3.10/site-packages/airflow/example_dags/example_time_delta_sensor_async.py for tasks to queue
[2025-03-22T19:31:49.093-0600] {logging_mixin.py:190} INFO - [2025-03-22T19:31:49.091-0600] {dagbag.py:588} INFO - Filling up the DagBag from /home/saadh/.local/lib/python3.10/site-packages/airflow/example_dags/example_time_delta_sensor_async.py
[2025-03-22T19:31:49.131-0600] {processor.py:925} INFO - DAG(s) 'example_time_delta_sensor_async' retrieved from /home/saadh/.local/lib/python3.10/site-packages/airflow/example_dags/example_time_delta_sensor_async.py
[2025-03-22T19:31:49.638-0600] {logging_mixin.py:190} INFO - [2025-03-22T19:31:49.637-0600] {override.py:1930} INFO - Created Permission View: can delete on DAG:example_time_delta_sensor_async
[2025-03-22T19:31:49.731-0600] {logging_mixin.py:190} INFO - [2025-03-22T19:31:49.730-0600] {override.py:1930} INFO - Created Permission View: can read on DAG:example_time_delta_sensor_async
[2025-03-22T19:31:49.819-0600] {logging_mixin.py:190} INFO - [2025-03-22T19:31:49.818-0600] {override.py:1930} INFO - Created Permission View: can edit on DAG:example_time_delta_sensor_async
[2025-03-22T19:31:49.963-0600] {logging_mixin.py:190} INFO - [2025-03-22T19:31:49.962-0600] {override.py:1930} INFO - Created Permission View: can delete on DAG Run:example_time_delta_sensor_async
[2025-03-22T19:31:50.055-0600] {logging_mixin.py:190} INFO - [2025-03-22T19:31:50.054-0600] {override.py:1930} INFO - Created Permission View: can create on DAG Run:example_time_delta_sensor_async
[2025-03-22T19:31:50.161-0600] {logging_mixin.py:190} INFO - [2025-03-22T19:31:50.160-0600] {override.py:1930} INFO - Created Permission View: menu access on DAG Run:example_time_delta_sensor_async
[2025-03-22T19:31:50.319-0600] {logging_mixin.py:190} INFO - [2025-03-22T19:31:50.317-0600] {override.py:1930} INFO - Created Permission View: can read on DAG Run:example_time_delta_sensor_async
[2025-03-22T19:31:50.323-0600] {logging_mixin.py:190} INFO - [2025-03-22T19:31:50.322-0600] {dag.py:3239} INFO - Sync 1 DAGs
[2025-03-22T19:31:50.390-0600] {logging_mixin.py:190} INFO - [2025-03-22T19:31:50.390-0600] {dag.py:3262} INFO - Creating ORM DAG for example_time_delta_sensor_async
[2025-03-22T19:31:50.393-0600] {logging_mixin.py:190} INFO - [2025-03-22T19:31:50.392-0600] {dag.py:4180} INFO - Setting next_dagrun for example_time_delta_sensor_async to None, run_after=None
[2025-03-22T19:31:50.552-0600] {processor.py:208} INFO - Processing /home/saadh/.local/lib/python3.10/site-packages/airflow/example_dags/example_time_delta_sensor_async.py took 1.503 seconds
[2025-03-22T19:39:04.625-0600] {processor.py:186} INFO - Started process (PID=34270) to work on /home/saadh/.local/lib/python3.10/site-packages/airflow/example_dags/example_time_delta_sensor_async.py
[2025-03-22T19:39:04.630-0600] {processor.py:914} INFO - Processing file /home/saadh/.local/lib/python3.10/site-packages/airflow/example_dags/example_time_delta_sensor_async.py for tasks to queue
[2025-03-22T19:39:04.640-0600] {logging_mixin.py:190} INFO - [2025-03-22T19:39:04.638-0600] {dagbag.py:588} INFO - Filling up the DagBag from /home/saadh/.local/lib/python3.10/site-packages/airflow/example_dags/example_time_delta_sensor_async.py
[2025-03-22T19:39:04.673-0600] {processor.py:925} INFO - DAG(s) 'example_time_delta_sensor_async' retrieved from /home/saadh/.local/lib/python3.10/site-packages/airflow/example_dags/example_time_delta_sensor_async.py
[2025-03-22T19:39:04.810-0600] {logging_mixin.py:190} INFO - [2025-03-22T19:39:04.809-0600] {dag.py:3239} INFO - Sync 1 DAGs
[2025-03-22T19:39:04.901-0600] {logging_mixin.py:190} INFO - [2025-03-22T19:39:04.900-0600] {dag.py:4180} INFO - Setting next_dagrun for example_time_delta_sensor_async to None, run_after=None
[2025-03-22T19:39:05.167-0600] {processor.py:208} INFO - Processing /home/saadh/.local/lib/python3.10/site-packages/airflow/example_dags/example_time_delta_sensor_async.py took 0.570 seconds
[2025-03-22T19:41:05.446-0600] {processor.py:186} INFO - Started process (PID=34341) to work on /home/saadh/.local/lib/python3.10/site-packages/airflow/example_dags/example_time_delta_sensor_async.py
[2025-03-22T19:41:05.451-0600] {processor.py:914} INFO - Processing file /home/saadh/.local/lib/python3.10/site-packages/airflow/example_dags/example_time_delta_sensor_async.py for tasks to queue
[2025-03-22T19:41:05.461-0600] {logging_mixin.py:190} INFO - [2025-03-22T19:41:05.459-0600] {dagbag.py:588} INFO - Filling up the DagBag from /home/saadh/.local/lib/python3.10/site-packages/airflow/example_dags/example_time_delta_sensor_async.py
[2025-03-22T19:41:05.496-0600] {processor.py:925} INFO - DAG(s) 'example_time_delta_sensor_async' retrieved from /home/saadh/.local/lib/python3.10/site-packages/airflow/example_dags/example_time_delta_sensor_async.py
[2025-03-22T19:41:05.605-0600] {logging_mixin.py:190} INFO - [2025-03-22T19:41:05.604-0600] {dag.py:3239} INFO - Sync 1 DAGs
[2025-03-22T19:41:05.687-0600] {logging_mixin.py:190} INFO - [2025-03-22T19:41:05.686-0600] {dag.py:4180} INFO - Setting next_dagrun for example_time_delta_sensor_async to None, run_after=None
[2025-03-22T19:41:05.968-0600] {processor.py:208} INFO - Processing /home/saadh/.local/lib/python3.10/site-packages/airflow/example_dags/example_time_delta_sensor_async.py took 0.551 seconds
