[2025-03-22T19:33:20.465-0600] {processor.py:186} INFO - Started process (PID=34129) to work on /home/saadh/.local/lib/python3.10/site-packages/airflow/example_dags/example_setup_teardown.py
[2025-03-22T19:33:20.470-0600] {processor.py:914} INFO - Processing file /home/saadh/.local/lib/python3.10/site-packages/airflow/example_dags/example_setup_teardown.py for tasks to queue
[2025-03-22T19:33:20.479-0600] {logging_mixin.py:190} INFO - [2025-03-22T19:33:20.478-0600] {dagbag.py:588} INFO - Filling up the DagBag from /home/saadh/.local/lib/python3.10/site-packages/airflow/example_dags/example_setup_teardown.py
[2025-03-22T19:33:20.518-0600] {processor.py:925} INFO - DAG(s) 'example_setup_teardown' retrieved from /home/saadh/.local/lib/python3.10/site-packages/airflow/example_dags/example_setup_teardown.py
[2025-03-22T19:33:20.979-0600] {logging_mixin.py:190} INFO - [2025-03-22T19:33:20.976-0600] {override.py:1930} INFO - Created Permission View: can delete on DAG:example_setup_teardown
[2025-03-22T19:33:21.160-0600] {logging_mixin.py:190} INFO - [2025-03-22T19:33:21.158-0600] {override.py:1930} INFO - Created Permission View: can read on DAG:example_setup_teardown
[2025-03-22T19:33:21.333-0600] {logging_mixin.py:190} INFO - [2025-03-22T19:33:21.331-0600] {override.py:1930} INFO - Created Permission View: can edit on DAG:example_setup_teardown
[2025-03-22T19:33:21.568-0600] {logging_mixin.py:190} INFO - [2025-03-22T19:33:21.568-0600] {override.py:1930} INFO - Created Permission View: can delete on DAG Run:example_setup_teardown
[2025-03-22T19:33:21.644-0600] {logging_mixin.py:190} INFO - [2025-03-22T19:33:21.643-0600] {override.py:1930} INFO - Created Permission View: can create on DAG Run:example_setup_teardown
[2025-03-22T19:33:21.718-0600] {logging_mixin.py:190} INFO - [2025-03-22T19:33:21.718-0600] {override.py:1930} INFO - Created Permission View: menu access on DAG Run:example_setup_teardown
[2025-03-22T19:33:21.822-0600] {logging_mixin.py:190} INFO - [2025-03-22T19:33:21.821-0600] {override.py:1930} INFO - Created Permission View: can read on DAG Run:example_setup_teardown
[2025-03-22T19:33:21.825-0600] {logging_mixin.py:190} INFO - [2025-03-22T19:33:21.825-0600] {dag.py:3239} INFO - Sync 1 DAGs
[2025-03-22T19:33:21.912-0600] {logging_mixin.py:190} INFO - [2025-03-22T19:33:21.912-0600] {dag.py:3262} INFO - Creating ORM DAG for example_setup_teardown
[2025-03-22T19:33:21.916-0600] {logging_mixin.py:190} INFO - [2025-03-22T19:33:21.915-0600] {dag.py:4180} INFO - Setting next_dagrun for example_setup_teardown to None, run_after=None
[2025-03-22T19:33:22.170-0600] {processor.py:208} INFO - Processing /home/saadh/.local/lib/python3.10/site-packages/airflow/example_dags/example_setup_teardown.py took 1.731 seconds
[2025-03-22T19:39:51.733-0600] {processor.py:186} INFO - Started process (PID=34293) to work on /home/saadh/.local/lib/python3.10/site-packages/airflow/example_dags/example_setup_teardown.py
[2025-03-22T19:39:51.738-0600] {processor.py:914} INFO - Processing file /home/saadh/.local/lib/python3.10/site-packages/airflow/example_dags/example_setup_teardown.py for tasks to queue
[2025-03-22T19:39:51.747-0600] {logging_mixin.py:190} INFO - [2025-03-22T19:39:51.745-0600] {dagbag.py:588} INFO - Filling up the DagBag from /home/saadh/.local/lib/python3.10/site-packages/airflow/example_dags/example_setup_teardown.py
[2025-03-22T19:39:51.787-0600] {processor.py:925} INFO - DAG(s) 'example_setup_teardown' retrieved from /home/saadh/.local/lib/python3.10/site-packages/airflow/example_dags/example_setup_teardown.py
[2025-03-22T19:39:51.900-0600] {logging_mixin.py:190} INFO - [2025-03-22T19:39:51.899-0600] {dag.py:3239} INFO - Sync 1 DAGs
[2025-03-22T19:39:51.970-0600] {logging_mixin.py:190} INFO - [2025-03-22T19:39:51.969-0600] {dag.py:4180} INFO - Setting next_dagrun for example_setup_teardown to None, run_after=None
[2025-03-22T19:39:52.235-0600] {processor.py:208} INFO - Processing /home/saadh/.local/lib/python3.10/site-packages/airflow/example_dags/example_setup_teardown.py took 0.528 seconds
