[2025-03-22T19:30:02.823-0600] {processor.py:186} INFO - Started process (PID=34062) to work on /home/saadh/.local/lib/python3.10/site-packages/airflow/example_dags/tutorial_taskflow_api_virtualenv.py
[2025-03-22T19:30:02.825-0600] {processor.py:914} INFO - Processing file /home/saadh/.local/lib/python3.10/site-packages/airflow/example_dags/tutorial_taskflow_api_virtualenv.py for tasks to queue
[2025-03-22T19:30:02.835-0600] {logging_mixin.py:190} INFO - [2025-03-22T19:30:02.834-0600] {dagbag.py:588} INFO - Filling up the DagBag from /home/saadh/.local/lib/python3.10/site-packages/airflow/example_dags/tutorial_taskflow_api_virtualenv.py
[2025-03-22T19:30:03.018-0600] {logging_mixin.py:190} INFO - [2025-03-22T19:30:03.018-0600] {tutorial_taskflow_api_virtualenv.py:29} WARNING - The tutorial_taskflow_api_virtualenv example DAG requires virtualenv, please install it.
[2025-03-22T19:30:03.019-0600] {processor.py:927} WARNING - No viable dags retrieved from /home/saadh/.local/lib/python3.10/site-packages/airflow/example_dags/tutorial_taskflow_api_virtualenv.py
[2025-03-22T19:30:03.094-0600] {processor.py:208} INFO - Processing /home/saadh/.local/lib/python3.10/site-packages/airflow/example_dags/tutorial_taskflow_api_virtualenv.py took 0.287 seconds
[2025-03-22T19:33:28.882-0600] {processor.py:186} INFO - Started process (PID=34132) to work on /home/saadh/.local/lib/python3.10/site-packages/airflow/example_dags/tutorial_taskflow_api_virtualenv.py
[2025-03-22T19:33:28.887-0600] {processor.py:914} INFO - Processing file /home/saadh/.local/lib/python3.10/site-packages/airflow/example_dags/tutorial_taskflow_api_virtualenv.py for tasks to queue
[2025-03-22T19:33:28.897-0600] {logging_mixin.py:190} INFO - [2025-03-22T19:33:28.896-0600] {dagbag.py:588} INFO - Filling up the DagBag from /home/saadh/.local/lib/python3.10/site-packages/airflow/example_dags/tutorial_taskflow_api_virtualenv.py
[2025-03-22T19:33:29.348-0600] {logging_mixin.py:190} INFO - [2025-03-22T19:33:29.347-0600] {tutorial_taskflow_api_virtualenv.py:29} WARNING - The tutorial_taskflow_api_virtualenv example DAG requires virtualenv, please install it.
[2025-03-22T19:33:29.350-0600] {processor.py:927} WARNING - No viable dags retrieved from /home/saadh/.local/lib/python3.10/site-packages/airflow/example_dags/tutorial_taskflow_api_virtualenv.py
[2025-03-22T19:33:29.452-0600] {processor.py:208} INFO - Processing /home/saadh/.local/lib/python3.10/site-packages/airflow/example_dags/tutorial_taskflow_api_virtualenv.py took 0.598 seconds
[2025-03-22T19:37:18.840-0600] {processor.py:186} INFO - Started process (PID=34194) to work on /home/saadh/.local/lib/python3.10/site-packages/airflow/example_dags/tutorial_taskflow_api_virtualenv.py
[2025-03-22T19:37:18.845-0600] {processor.py:914} INFO - Processing file /home/saadh/.local/lib/python3.10/site-packages/airflow/example_dags/tutorial_taskflow_api_virtualenv.py for tasks to queue
[2025-03-22T19:37:18.854-0600] {logging_mixin.py:190} INFO - [2025-03-22T19:37:18.853-0600] {dagbag.py:588} INFO - Filling up the DagBag from /home/saadh/.local/lib/python3.10/site-packages/airflow/example_dags/tutorial_taskflow_api_virtualenv.py
[2025-03-22T19:37:19.226-0600] {logging_mixin.py:190} INFO - [2025-03-22T19:37:19.225-0600] {tutorial_taskflow_api_virtualenv.py:29} WARNING - The tutorial_taskflow_api_virtualenv example DAG requires virtualenv, please install it.
[2025-03-22T19:37:19.228-0600] {processor.py:927} WARNING - No viable dags retrieved from /home/saadh/.local/lib/python3.10/site-packages/airflow/example_dags/tutorial_taskflow_api_virtualenv.py
[2025-03-22T19:37:19.311-0600] {processor.py:208} INFO - Processing /home/saadh/.local/lib/python3.10/site-packages/airflow/example_dags/tutorial_taskflow_api_virtualenv.py took 0.495 seconds
[2025-03-22T19:40:00.187-0600] {processor.py:186} INFO - Started process (PID=34305) to work on /home/saadh/.local/lib/python3.10/site-packages/airflow/example_dags/tutorial_taskflow_api_virtualenv.py
[2025-03-22T19:40:00.190-0600] {processor.py:914} INFO - Processing file /home/saadh/.local/lib/python3.10/site-packages/airflow/example_dags/tutorial_taskflow_api_virtualenv.py for tasks to queue
[2025-03-22T19:40:00.197-0600] {logging_mixin.py:190} INFO - [2025-03-22T19:40:00.196-0600] {dagbag.py:588} INFO - Filling up the DagBag from /home/saadh/.local/lib/python3.10/site-packages/airflow/example_dags/tutorial_taskflow_api_virtualenv.py
[2025-03-22T19:40:00.392-0600] {logging_mixin.py:190} INFO - [2025-03-22T19:40:00.391-0600] {tutorial_taskflow_api_virtualenv.py:29} WARNING - The tutorial_taskflow_api_virtualenv example DAG requires virtualenv, please install it.
[2025-03-22T19:40:00.393-0600] {processor.py:927} WARNING - No viable dags retrieved from /home/saadh/.local/lib/python3.10/site-packages/airflow/example_dags/tutorial_taskflow_api_virtualenv.py
[2025-03-22T19:40:00.438-0600] {processor.py:208} INFO - Processing /home/saadh/.local/lib/python3.10/site-packages/airflow/example_dags/tutorial_taskflow_api_virtualenv.py took 0.266 seconds
